Component: ARM Compiler 5.06 update 6 (build 750) Tool: armlink [4d35ed]

==============================================================================

Section Cross References

    gd32f4xx_it.o(i.SysTick_Handler) refers to systick.o(i.delay_decrement) for delay_decrement
    main.o(i.main) refers to systick.o(i.systick_config) for systick_config
    main.o(i.main) refers to gd32f4xx_misc.o(i.nvic_priority_group_set) for nvic_priority_group_set
    main.o(i.main) refers to dma_m2p.o(i.usart_dma_config) for usart_dma_config
    main.o(i.main) refers to encoder.o(i.encoder_test) for encoder_test
    systick.o(i.delay_1ms) refers to systick.o(.data) for .data
    systick.o(i.delay_decrement) refers to systick.o(.data) for .data
    systick.o(i.systick_config) refers to systick.o(i.NVIC_SetPriority) for NVIC_SetPriority
    systick.o(i.systick_config) refers to system_gd32f4xx.o(.data) for SystemCoreClock
    gd32f4xx_gpio.o(i.gpio_deinit) refers to gd32f4xx_rcu.o(i.rcu_periph_reset_enable) for rcu_periph_reset_enable
    gd32f4xx_gpio.o(i.gpio_deinit) refers to gd32f4xx_rcu.o(i.rcu_periph_reset_disable) for rcu_periph_reset_disable
    gd32f4xx_rcu.o(i.rcu_deinit) refers to gd32f4xx_rcu.o(i.rcu_osci_stab_wait) for rcu_osci_stab_wait
    gd32f4xx_rcu.o(i.rcu_osci_stab_wait) refers to gd32f4xx_rcu.o(i.rcu_flag_get) for rcu_flag_get
    gd32f4xx_misc.o(i.nvic_irq_enable) refers to gd32f4xx_misc.o(i.nvic_priority_group_set) for nvic_priority_group_set
    gd32f4xx_adc.o(i.adc_deinit) refers to gd32f4xx_rcu.o(i.rcu_periph_reset_enable) for rcu_periph_reset_enable
    gd32f4xx_adc.o(i.adc_deinit) refers to gd32f4xx_rcu.o(i.rcu_periph_reset_disable) for rcu_periph_reset_disable
    gd32f4xx_can.o(i.can_debug_freeze_disable) refers to gd32f4xx_dbg.o(i.dbg_periph_disable) for dbg_periph_disable
    gd32f4xx_can.o(i.can_debug_freeze_enable) refers to gd32f4xx_dbg.o(i.dbg_periph_enable) for dbg_periph_enable
    gd32f4xx_can.o(i.can_deinit) refers to gd32f4xx_rcu.o(i.rcu_periph_reset_enable) for rcu_periph_reset_enable
    gd32f4xx_can.o(i.can_deinit) refers to gd32f4xx_rcu.o(i.rcu_periph_reset_disable) for rcu_periph_reset_disable
    gd32f4xx_can.o(i.can_interrupt_flag_get) refers to gd32f4xx_can.o(i.can_receive_message_length_get) for can_receive_message_length_get
    gd32f4xx_can.o(i.can_interrupt_flag_get) refers to gd32f4xx_can.o(i.can_error_get) for can_error_get
    gd32f4xx_ctc.o(i.ctc_deinit) refers to gd32f4xx_rcu.o(i.rcu_periph_reset_enable) for rcu_periph_reset_enable
    gd32f4xx_ctc.o(i.ctc_deinit) refers to gd32f4xx_rcu.o(i.rcu_periph_reset_disable) for rcu_periph_reset_disable
    gd32f4xx_dac.o(i.dac_deinit) refers to gd32f4xx_rcu.o(i.rcu_periph_reset_enable) for rcu_periph_reset_enable
    gd32f4xx_dac.o(i.dac_deinit) refers to gd32f4xx_rcu.o(i.rcu_periph_reset_disable) for rcu_periph_reset_disable
    gd32f4xx_dci.o(i.dci_deinit) refers to gd32f4xx_rcu.o(i.rcu_periph_reset_enable) for rcu_periph_reset_enable
    gd32f4xx_dci.o(i.dci_deinit) refers to gd32f4xx_rcu.o(i.rcu_periph_reset_disable) for rcu_periph_reset_disable
    gd32f4xx_enet.o(i.enet_deinit) refers to gd32f4xx_rcu.o(i.rcu_periph_reset_enable) for rcu_periph_reset_enable
    gd32f4xx_enet.o(i.enet_deinit) refers to gd32f4xx_rcu.o(i.rcu_periph_reset_disable) for rcu_periph_reset_disable
    gd32f4xx_enet.o(i.enet_deinit) refers to gd32f4xx_enet.o(i.enet_initpara_reset) for enet_initpara_reset
    gd32f4xx_enet.o(i.enet_descriptors_chain_init) refers to gd32f4xx_enet.o(.data) for .data
    gd32f4xx_enet.o(i.enet_descriptors_chain_init) refers to gd32f4xx_enet.o(.bss) for .bss
    gd32f4xx_enet.o(i.enet_descriptors_ring_init) refers to gd32f4xx_enet.o(.data) for .data
    gd32f4xx_enet.o(i.enet_descriptors_ring_init) refers to gd32f4xx_enet.o(.bss) for .bss
    gd32f4xx_enet.o(i.enet_disable) refers to gd32f4xx_enet.o(i.enet_tx_disable) for enet_tx_disable
    gd32f4xx_enet.o(i.enet_disable) refers to gd32f4xx_enet.o(i.enet_rx_disable) for enet_rx_disable
    gd32f4xx_enet.o(i.enet_enable) refers to gd32f4xx_enet.o(i.enet_tx_enable) for enet_tx_enable
    gd32f4xx_enet.o(i.enet_enable) refers to gd32f4xx_enet.o(i.enet_rx_enable) for enet_rx_enable
    gd32f4xx_enet.o(i.enet_frame_receive) refers to gd32f4xx_enet.o(.data) for .data
    gd32f4xx_enet.o(i.enet_frame_transmit) refers to gd32f4xx_enet.o(.data) for .data
    gd32f4xx_enet.o(i.enet_init) refers to gd32f4xx_enet.o(i.enet_phy_config) for enet_phy_config
    gd32f4xx_enet.o(i.enet_init) refers to gd32f4xx_enet.o(i.enet_delay) for enet_delay
    gd32f4xx_enet.o(i.enet_init) refers to gd32f4xx_enet.o(i.enet_default_init) for enet_default_init
    gd32f4xx_enet.o(i.enet_init) refers to gd32f4xx_enet.o(i.enet_phy_write_read) for enet_phy_write_read
    gd32f4xx_enet.o(i.enet_init) refers to gd32f4xx_enet.o(.bss) for .bss
    gd32f4xx_enet.o(i.enet_initpara_config) refers to gd32f4xx_enet.o(.bss) for .bss
[...]
    Removing gd32f4xx_exti.o(.rev16_text), (4 bytes).
    Removing gd32f4xx_exti.o(.revsh_text), (4 bytes).
    Removing gd32f4xx_exti.o(i.exti_deinit), (28 bytes).
    Removing gd32f4xx_exti.o(i.exti_event_disable), (16 bytes).
    Removing gd32f4xx_exti.o(i.exti_event_enable), (16 bytes).
    Removing gd32f4xx_exti.o(i.exti_flag_clear), (12 bytes).
    Removing gd32f4xx_exti.o(i.exti_flag_get), (20 bytes).
    Removing gd32f4xx_exti.o(i.exti_init), (116 bytes).
    Removing gd32f4xx_exti.o(i.exti_interrupt_disable), (16 bytes).
    Removing gd32f4xx_exti.o(i.exti_interrupt_enable), (16 bytes).
    Removing gd32f4xx_exti.o(i.exti_interrupt_flag_clear), (12 bytes).
    Removing gd32f4xx_exti.o(i.exti_interrupt_flag_get), (20 bytes).
    Removing gd32f4xx_exti.o(i.exti_software_interrupt_disable), (16 bytes).
    Removing gd32f4xx_exti.o(i.exti_software_interrupt_enable), (16 bytes).
    Removing gd32f4xx_fmc.o(.rev16_text), (4 bytes).
    Removing gd32f4xx_fmc.o(.revsh_text), (4 bytes).
    Removing gd32f4xx_fmc.o(i.fmc_bank0_erase), (56 bytes).
    Removing gd32f4xx_fmc.o(i.fmc_bank1_erase), (56 bytes).
    Removing gd32f4xx_fmc.o(i.fmc_byte_program), (64 bytes).
    Removing gd32f4xx_fmc.o(i.fmc_flag_clear), (12 bytes).
    Removing gd32f4xx_fmc.o(i.fmc_flag_get), (20 bytes).
    Removing gd32f4xx_fmc.o(i.fmc_halfword_program), (68 bytes).
    Removing gd32f4xx_fmc.o(i.fmc_interrupt_disable), (16 bytes).
    Removing gd32f4xx_fmc.o(i.fmc_interrupt_enable), (16 bytes).
    Removing gd32f4xx_fmc.o(i.fmc_interrupt_flag_clear), (12 bytes).
    Removing gd32f4xx_fmc.o(i.fmc_interrupt_flag_get), (52 bytes).
    Removing gd32f4xx_fmc.o(i.fmc_lock), (16 bytes).
    Removing gd32f4xx_fmc.o(i.fmc_mass_erase), (52 bytes).
    Removing gd32f4xx_fmc.o(i.fmc_page_erase), (92 bytes).
    Removing gd32f4xx_fmc.o(i.fmc_ready_wait), (26 bytes).
    Removing gd32f4xx_fmc.o(i.fmc_sector_erase), (76 bytes).
    Removing gd32f4xx_fmc.o(i.fmc_state_get), (60 bytes).
    Removing gd32f4xx_fmc.o(i.fmc_unlock), (36 bytes).
    Removing gd32f4xx_fmc.o(i.fmc_word_program), (68 bytes).
    Removing gd32f4xx_fmc.o(i.fmc_wscnt_set), (20 bytes).
    Removing gd32f4xx_fmc.o(i.ob_boot_mode_config), (20 bytes).
    Removing gd32f4xx_fmc.o(i.ob_double_bank_select), (20 bytes).
    Removing gd32f4xx_fmc.o(i.ob_drp0_get), (28 bytes).
    Removing gd32f4xx_fmc.o(i.ob_drp1_get), (32 bytes).
    Removing gd32f4xx_fmc.o(i.ob_drp_disable), (80 bytes).
    Removing gd32f4xx_fmc.o(i.ob_drp_enable), (84 bytes).
    Removing gd32f4xx_fmc.o(i.ob_erase), (64 bytes).
    Removing gd32f4xx_fmc.o(i.ob_lock), (16 bytes).
    Removing gd32f4xx_fmc.o(i.ob_security_protection_config), (36 bytes).
    Removing gd32f4xx_fmc.o(i.ob_spc_get), (24 bytes).
    Removing gd32f4xx_fmc.o(i.ob_start), (16 bytes).
    Removing gd32f4xx_fmc.o(i.ob_unlock), (36 bytes).
    Removing gd32f4xx_fmc.o(i.ob_user_bor_threshold), (20 bytes).
    Removing gd32f4xx_fmc.o(i.ob_user_bor_threshold_get), (16 bytes).
    Removing gd32f4xx_fmc.o(i.ob_user_get), (16 bytes).
    Removing gd32f4xx_fmc.o(i.ob_user_write), (44 bytes).
    Removing gd32f4xx_fmc.o(i.ob_write_protection0_get), (16 bytes).
    Removing gd32f4xx_fmc.o(i.ob_write_protection1_get), (16 bytes).
    Removing gd32f4xx_fmc.o(i.ob_write_protection_disable), (68 bytes).
    Removing gd32f4xx_fmc.o(i.ob_write_protection_enable), (68 bytes).
    Removing gd32f4xx_fwdgt.o(.rev16_text), (4 bytes).
    Removing gd32f4xx_fwdgt.o(.revsh_text), (4 bytes).
    Removing gd32f4xx_fwdgt.o(i.fwdgt_config), (80 bytes).
    Removing gd32f4xx_fwdgt.o(i.fwdgt_counter_reload), (16 bytes).
    Removing gd32f4xx_fwdgt.o(i.fwdgt_enable), (16 bytes).
    Removing gd32f4xx_fwdgt.o(i.fwdgt_flag_get), (20 bytes).
    Removing gd32f4xx_fwdgt.o(i.fwdgt_prescaler_value_config), (44 bytes).
    Removing gd32f4xx_fwdgt.o(i.fwdgt_reload_value_config), (48 bytes).
    Removing gd32f4xx_fwdgt.o(i.fwdgt_write_disable), (12 bytes).
    Removing gd32f4xx_fwdgt.o(i.fwdgt_write_enable), (16 bytes).
    Removing gd32f4xx_i2c.o(.rev16_text), (4 bytes).
    Removing gd32f4xx_i2c.o(.revsh_text), (4 bytes).
    Removing gd32f4xx_i2c.o(i.i2c_ack_config), (12 bytes).
    Removing gd32f4xx_i2c.o(i.i2c_ackpos_config), (12 bytes).
    Removing gd32f4xx_i2c.o(i.i2c_analog_noise_filter_disable), (10 bytes).
    Removing gd32f4xx_i2c.o(i.i2c_analog_noise_filter_enable), (10 bytes).
    Removing gd32f4xx_i2c.o(i.i2c_clock_config), (196 bytes).
    Removing gd32f4xx_i2c.o(i.i2c_data_receive), (6 bytes).
    Removing gd32f4xx_i2c.o(i.i2c_data_transmit), (4 bytes).
    Removing gd32f4xx_i2c.o(i.i2c_deinit), (88 bytes).
    Removing gd32f4xx_i2c.o(i.i2c_digital_noise_filter_config), (8 bytes).
    Removing gd32f4xx_i2c.o(i.i2c_disable), (10 bytes).
    Removing gd32f4xx_i2c.o(i.i2c_dma_config), (12 bytes).
    Removing gd32f4xx_i2c.o(i.i2c_dma_last_transfer_config), (12 bytes).
    Removing gd32f4xx_i2c.o(i.i2c_dualaddr_disable), (10 bytes).
    Removing gd32f4xx_i2c.o(i.i2c_dualaddr_enable), (12 bytes).
    Removing gd32f4xx_i2c.o(i.i2c_enable), (10 bytes).
    Removing gd32f4xx_i2c.o(i.i2c_flag_clear), (34 bytes).
    Removing gd32f4xx_i2c.o(i.i2c_flag_get), (26 bytes).
    Removing gd32f4xx_i2c.o(i.i2c_interrupt_disable), (20 bytes).
    Removing gd32f4xx_i2c.o(i.i2c_interrupt_enable), (20 bytes).
    Removing gd32f4xx_i2c.o(i.i2c_interrupt_flag_clear), (36 bytes).
    Removing gd32f4xx_i2c.o(i.i2c_interrupt_flag_get), (84 bytes).
    Removing gd32f4xx_i2c.o(i.i2c_master_addressing), (18 bytes).
    Removing gd32f4xx_i2c.o(i.i2c_mode_addr_config), (22 bytes).
    Removing gd32f4xx_i2c.o(i.i2c_pec_config), (12 bytes).
    Removing gd32f4xx_i2c.o(i.i2c_pec_transfer_config), (12 bytes).
    Removing gd32f4xx_i2c.o(i.i2c_pec_value_get), (8 bytes).
    Removing gd32f4xx_i2c.o(i.i2c_sam_disable), (12 bytes).
    Removing gd32f4xx_i2c.o(i.i2c_sam_enable), (12 bytes).
    Removing gd32f4xx_i2c.o(i.i2c_sam_timeout_disable), (12 bytes).
    Removing gd32f4xx_i2c.o(i.i2c_sam_timeout_enable), (12 bytes).
    Removing gd32f4xx_i2c.o(i.i2c_slave_response_to_gcall_config), (12 bytes).
    Removing gd32f4xx_i2c.o(i.i2c_smbus_alert_config), (12 bytes).
    Removing gd32f4xx_i2c.o(i.i2c_smbus_arp_config), (12 bytes).
    Removing gd32f4xx_i2c.o(i.i2c_smbus_type_config), (24 bytes).
    Removing gd32f4xx_i2c.o(i.i2c_software_reset_config), (12 bytes).
    Removing gd32f4xx_i2c.o(i.i2c_start_on_bus), (10 bytes).
    Removing gd32f4xx_i2c.o(i.i2c_stop_on_bus), (10 bytes).
    Removing gd32f4xx_i2c.o(i.i2c_stretch_scl_low_config), (12 bytes).
    Removing gd32f4xx_ipa.o(.rev16_text), (4 bytes).
    Removing gd32f4xx_ipa.o(.revsh_text), (4 bytes).
    Removing gd32f4xx_ipa.o(i.ipa_background_init), (128 bytes).
    Removing gd32f4xx_ipa.o(i.ipa_background_lut_init), (80 bytes).
    Removing gd32f4xx_ipa.o(i.ipa_background_lut_loading_enable), (16 bytes).
    Removing gd32f4xx_ipa.o(i.ipa_background_struct_para_init), (20 bytes).
    Removing gd32f4xx_ipa.o(i.ipa_deinit), (22 bytes).
    Removing gd32f4xx_ipa.o(i.ipa_destination_init), (256 bytes).
    Removing gd32f4xx_ipa.o(i.ipa_destination_struct_para_init), (22 bytes).
    Removing gd32f4xx_ipa.o(i.ipa_flag_clear), (16 bytes).
    Removing gd32f4xx_ipa.o(i.ipa_flag_get), (20 bytes).
    Removing gd32f4xx_ipa.o(i.ipa_foreground_init), (128 bytes).
    Removing gd32f4xx_ipa.o(i.ipa_foreground_lut_init), (80 bytes).
    Removing gd32f4xx_ipa.o(i.ipa_foreground_lut_loading_enable), (16 bytes).
    Removing gd32f4xx_ipa.o(i.ipa_foreground_struct_para_init), (20 bytes).
    Removing gd32f4xx_ipa.o(i.ipa_inter_timer_config), (32 bytes).
    Removing gd32f4xx_ipa.o(i.ipa_interrupt_disable), (16 bytes).
    Removing gd32f4xx_ipa.o(i.ipa_interrupt_enable), (16 bytes).
    Removing gd32f4xx_ipa.o(i.ipa_interrupt_flag_clear), (16 bytes).
    Removing gd32f4xx_ipa.o(i.ipa_interrupt_flag_get), (20 bytes).
    Removing gd32f4xx_ipa.o(i.ipa_interval_clock_num_config), (24 bytes).
    Removing gd32f4xx_ipa.o(i.ipa_line_mark_config), (20 bytes).
    Removing gd32f4xx_ipa.o(i.ipa_pixel_format_convert_mode_set), (24 bytes).
    Removing gd32f4xx_ipa.o(i.ipa_transfer_enable), (16 bytes).
    Removing gd32f4xx_ipa.o(i.ipa_transfer_hangup_disable), (16 bytes).
    Removing gd32f4xx_ipa.o(i.ipa_transfer_hangup_enable), (16 bytes).
    Removing gd32f4xx_ipa.o(i.ipa_transfer_stop_disable), (16 bytes).
    Removing gd32f4xx_ipa.o(i.ipa_transfer_stop_enable), (16 bytes).
    Removing gd32f4xx_iref.o(.rev16_text), (4 bytes).
    Removing gd32f4xx_iref.o(.revsh_text), (4 bytes).
    Removing gd32f4xx_iref.o(i.iref_deinit), (22 bytes).
    Removing gd32f4xx_iref.o(i.iref_disable), (16 bytes).
    Removing gd32f4xx_iref.o(i.iref_enable), (16 bytes).
    Removing gd32f4xx_iref.o(i.iref_mode_set), (24 bytes).
    Removing gd32f4xx_iref.o(i.iref_precision_trim_value_set), (24 bytes).
    Removing gd32f4xx_iref.o(i.iref_sink_set), (24 bytes).
    Removing gd32f4xx_iref.o(i.iref_step_data_config), (24 bytes).
    Removing gd32f4xx_pmu.o(.rev16_text), (4 bytes).
    Removing gd32f4xx_pmu.o(.revsh_text), (4 bytes).
    Removing gd32f4xx_pmu.o(i.pmu_backup_ldo_config), (24 bytes).
    Removing gd32f4xx_pmu.o(i.pmu_backup_write_disable), (16 bytes).
    Removing gd32f4xx_pmu.o(i.pmu_backup_write_enable), (16 bytes).
    Removing gd32f4xx_pmu.o(i.pmu_deinit), (22 bytes).
    Removing gd32f4xx_pmu.o(i.pmu_flag_clear), (36 bytes).
    Removing gd32f4xx_pmu.o(i.pmu_flag_get), (20 bytes).
    Removing gd32f4xx_pmu.o(i.pmu_highdriver_mode_disable), (16 bytes).
    Removing gd32f4xx_pmu.o(i.pmu_highdriver_mode_enable), (16 bytes).
    Removing gd32f4xx_pmu.o(i.pmu_highdriver_switch_select), (40 bytes).
    Removing gd32f4xx_pmu.o(i.pmu_ldo_output_select), (24 bytes).
    Removing gd32f4xx_pmu.o(i.pmu_lowdriver_mode_disable), (16 bytes).
    Removing gd32f4xx_pmu.o(i.pmu_lowdriver_mode_enable), (16 bytes).
    Removing gd32f4xx_pmu.o(i.pmu_lowpower_driver_config), (24 bytes).
    Removing gd32f4xx_pmu.o(i.pmu_lvd_disable), (16 bytes).
    Removing gd32f4xx_pmu.o(i.pmu_lvd_select), (40 bytes).
    Removing gd32f4xx_pmu.o(i.pmu_normalpower_driver_config), (24 bytes).
    Removing gd32f4xx_pmu.o(i.pmu_to_deepsleepmode), (188 bytes).
    Removing gd32f4xx_pmu.o(i.pmu_to_sleepmode), (28 bytes).
    Removing gd32f4xx_pmu.o(i.pmu_to_standbymode), (80 bytes).
    Removing gd32f4xx_pmu.o(i.pmu_wakeup_pin_disable), (16 bytes).
    Removing gd32f4xx_pmu.o(i.pmu_wakeup_pin_enable), (16 bytes).
    Removing gd32f4xx_pmu.o(.bss), (16 bytes).
    Removing gd32f4xx_rtc.o(.rev16_text), (4 bytes).
    Removing gd32f4xx_rtc.o(.revsh_text), (4 bytes).
    Removing gd32f4xx_rtc.o(i.rtc_alarm_config), (92 bytes).
    Removing gd32f4xx_rtc.o(i.rtc_alarm_disable), (100 bytes).
    Removing gd32f4xx_rtc.o(i.rtc_alarm_enable), (48 bytes).
    Removing gd32f4xx_rtc.o(i.rtc_alarm_get), (64 bytes).
    Removing gd32f4xx_rtc.o(i.rtc_alarm_output_config), (60 bytes).
    Removing gd32f4xx_rtc.o(i.rtc_alarm_subsecond_config), (44 bytes).
    Removing gd32f4xx_rtc.o(i.rtc_alarm_subsecond_get), (32 bytes).
    Removing gd32f4xx_rtc.o(i.rtc_bypass_shadow_disable), (32 bytes).
    Removing gd32f4xx_rtc.o(i.rtc_bypass_shadow_enable), (32 bytes).
    Removing gd32f4xx_rtc.o(i.rtc_calibration_output_config), (40 bytes).
    Removing gd32f4xx_rtc.o(i.rtc_coarse_calibration_config), (84 bytes).
    Removing gd32f4xx_rtc.o(i.rtc_coarse_calibration_disable), (48 bytes).
    Removing gd32f4xx_rtc.o(i.rtc_coarse_calibration_enable), (48 bytes).
    Removing gd32f4xx_rtc.o(i.rtc_current_time_get), (96 bytes).
    Removing gd32f4xx_rtc.o(i.rtc_deinit), (160 bytes).
    Removing gd32f4xx_rtc.o(i.rtc_flag_clear), (16 bytes).
    Removing gd32f4xx_rtc.o(i.rtc_flag_get), (20 bytes).
    Removing gd32f4xx_rtc.o(i.rtc_hour_adjust), (32 bytes).
    Removing gd32f4xx_rtc.o(i.rtc_init), (156 bytes).
    Removing gd32f4xx_rtc.o(i.rtc_init_mode_enter), (60 bytes).
    Removing gd32f4xx_rtc.o(i.rtc_init_mode_exit), (16 bytes).
    Removing gd32f4xx_rtc.o(i.rtc_interrupt_disable), (52 bytes).
    Removing gd32f4xx_rtc.o(i.rtc_interrupt_enable), (52 bytes).
    Removing gd32f4xx_rtc.o(i.rtc_refclock_detection_disable), (48 bytes).
    Removing gd32f4xx_rtc.o(i.rtc_refclock_detection_enable), (48 bytes).
    Removing gd32f4xx_rtc.o(i.rtc_register_sync_wait), (80 bytes).
    Removing gd32f4xx_rtc.o(i.rtc_second_adjust), (84 bytes).
    Removing gd32f4xx_rtc.o(i.rtc_smooth_calibration_config), (72 bytes).
    Removing gd32f4xx_rtc.o(i.rtc_subsecond_get), (16 bytes).
    Removing gd32f4xx_rtc.o(i.rtc_tamper0_pin_map), (24 bytes).
    Removing gd32f4xx_rtc.o(i.rtc_tamper_disable), (16 bytes).
    Removing gd32f4xx_rtc.o(i.rtc_tamper_enable), (156 bytes).
    Removing gd32f4xx_rtc.o(i.rtc_timestamp_disable), (32 bytes).
    Removing gd32f4xx_rtc.o(i.rtc_timestamp_enable), (40 bytes).
    Removing gd32f4xx_rtc.o(i.rtc_timestamp_get), (60 bytes).
    Removing gd32f4xx_rtc.o(i.rtc_timestamp_pin_map), (24 bytes).
    Removing gd32f4xx_rtc.o(i.rtc_timestamp_subsecond_get), (12 bytes).
    Removing gd32f4xx_rtc.o(i.rtc_wakeup_clock_set), (76 bytes).
    Removing gd32f4xx_rtc.o(i.rtc_wakeup_disable), (68 bytes).
    Removing gd32f4xx_rtc.o(i.rtc_wakeup_enable), (32 bytes).
    Removing gd32f4xx_rtc.o(i.rtc_wakeup_timer_get), (12 bytes).
    Removing gd32f4xx_rtc.o(i.rtc_wakeup_timer_set), (64 bytes).
    Removing gd32f4xx_sdio.o(.rev16_text), (4 bytes).
    Removing gd32f4xx_sdio.o(.revsh_text), (4 bytes).
    Removing gd32f4xx_sdio.o(i.sdio_bus_mode_set), (24 bytes).
    Removing gd32f4xx_sdio.o(i.sdio_ceata_command_completion_disable), (16 bytes).
    Removing gd32f4xx_sdio.o(i.sdio_ceata_command_completion_enable), (16 bytes).
    Removing gd32f4xx_sdio.o(i.sdio_ceata_command_disable), (16 bytes).
    Removing gd32f4xx_sdio.o(i.sdio_ceata_command_enable), (16 bytes).
    Removing gd32f4xx_sdio.o(i.sdio_ceata_interrupt_disable), (16 bytes).
    Removing gd32f4xx_sdio.o(i.sdio_ceata_interrupt_enable), (16 bytes).
    Removing gd32f4xx_sdio.o(i.sdio_clock_config), (44 bytes).
    Removing gd32f4xx_sdio.o(i.sdio_clock_disable), (16 bytes).
    Removing gd32f4xx_sdio.o(i.sdio_clock_enable), (16 bytes).
    Removing gd32f4xx_sdio.o(i.sdio_command_index_get), (12 bytes).
    Removing gd32f4xx_sdio.o(i.sdio_command_response_config), (40 bytes).
    Removing gd32f4xx_sdio.o(i.sdio_csm_disable), (16 bytes).
    Removing gd32f4xx_sdio.o(i.sdio_csm_enable), (16 bytes).
    Removing gd32f4xx_sdio.o(i.sdio_data_config), (48 bytes).
    Removing gd32f4xx_sdio.o(i.sdio_data_counter_get), (12 bytes).
    Removing gd32f4xx_sdio.o(i.sdio_data_read), (12 bytes).
    Removing gd32f4xx_sdio.o(i.sdio_data_transfer_config), (20 bytes).
    Removing gd32f4xx_sdio.o(i.sdio_data_write), (12 bytes).
    Removing gd32f4xx_sdio.o(i.sdio_deinit), (22 bytes).
    Removing gd32f4xx_sdio.o(i.sdio_dma_disable), (16 bytes).
    Removing gd32f4xx_sdio.o(i.sdio_dma_enable), (16 bytes).
    Removing gd32f4xx_sdio.o(i.sdio_dsm_disable), (16 bytes).
    Removing gd32f4xx_sdio.o(i.sdio_dsm_enable), (16 bytes).
    Removing gd32f4xx_sdio.o(i.sdio_fifo_counter_get), (12 bytes).
    Removing gd32f4xx_sdio.o(i.sdio_flag_clear), (12 bytes).
    Removing gd32f4xx_sdio.o(i.sdio_flag_get), (20 bytes).
    Removing gd32f4xx_sdio.o(i.sdio_hardware_clock_disable), (16 bytes).
    Removing gd32f4xx_sdio.o(i.sdio_hardware_clock_enable), (16 bytes).
    Removing gd32f4xx_sdio.o(i.sdio_interrupt_disable), (16 bytes).
    Removing gd32f4xx_sdio.o(i.sdio_interrupt_enable), (16 bytes).
    Removing gd32f4xx_sdio.o(i.sdio_interrupt_flag_clear), (12 bytes).
    Removing gd32f4xx_sdio.o(i.sdio_interrupt_flag_get), (20 bytes).
    Removing gd32f4xx_sdio.o(i.sdio_operation_disable), (16 bytes).
    Removing gd32f4xx_sdio.o(i.sdio_operation_enable), (16 bytes).
    Removing gd32f4xx_sdio.o(i.sdio_power_state_get), (12 bytes).
    Removing gd32f4xx_sdio.o(i.sdio_power_state_set), (12 bytes).
    Removing gd32f4xx_sdio.o(i.sdio_readwait_disable), (16 bytes).
    Removing gd32f4xx_sdio.o(i.sdio_readwait_enable), (16 bytes).
    Removing gd32f4xx_sdio.o(i.sdio_readwait_type_set), (32 bytes).
    Removing gd32f4xx_sdio.o(i.sdio_response_get), (56 bytes).
    Removing gd32f4xx_sdio.o(i.sdio_stop_readwait_disable), (16 bytes).
    Removing gd32f4xx_sdio.o(i.sdio_stop_readwait_enable), (16 bytes).
    Removing gd32f4xx_sdio.o(i.sdio_suspend_disable), (16 bytes).
    Removing gd32f4xx_sdio.o(i.sdio_suspend_enable), (16 bytes).
    Removing gd32f4xx_sdio.o(i.sdio_wait_type_set), (24 bytes).
    Removing gd32f4xx_spi.o(.rev16_text), (4 bytes).
    Removing gd32f4xx_spi.o(.revsh_text), (4 bytes).
    Removing gd32f4xx_spi.o(i.i2s_disable), (10 bytes).
    Removing gd32f4xx_spi.o(i.i2s_enable), (10 bytes).
    Removing gd32f4xx_spi.o(i.i2s_full_duplex_mode_config), (40 bytes).
    Removing gd32f4xx_spi.o(i.i2s_init), (24 bytes).
    Removing gd32f4xx_spi.o(i.i2s_psc_config), (216 bytes).
    Removing gd32f4xx_spi.o(i.spi_bidirectional_transfer_config), (26 bytes).
    Removing gd32f4xx_spi.o(i.spi_crc_error_clear), (8 bytes).
    Removing gd32f4xx_spi.o(i.spi_crc_get), (16 bytes).
    Removing gd32f4xx_spi.o(i.spi_crc_next), (10 bytes).
    Removing gd32f4xx_spi.o(i.spi_crc_off), (10 bytes).
    Removing gd32f4xx_spi.o(i.spi_crc_on), (10 bytes).
    Removing gd32f4xx_spi.o(i.spi_crc_polynomial_get), (6 bytes).
    Removing gd32f4xx_spi.o(i.spi_crc_polynomial_set), (4 bytes).
    Removing gd32f4xx_spi.o(i.spi_disable), (10 bytes).
    Removing gd32f4xx_spi.o(i.spi_dma_disable), (24 bytes).
    Removing gd32f4xx_spi.o(i.spi_dma_enable), (24 bytes).
    Removing gd32f4xx_spi.o(i.spi_enable), (10 bytes).
    Removing gd32f4xx_spi.o(i.spi_i2s_data_frame_format_config), (16 bytes).
    Removing gd32f4xx_spi.o(i.spi_i2s_data_receive), (6 bytes).
    Removing gd32f4xx_spi.o(i.spi_i2s_data_transmit), (4 bytes).
    Removing gd32f4xx_spi.o(i.spi_i2s_deinit), (172 bytes).
    Removing gd32f4xx_spi.o(i.spi_i2s_flag_get), (14 bytes).
    Removing gd32f4xx_spi.o(i.spi_i2s_format_error_clear), (6 bytes).
    Removing gd32f4xx_spi.o(i.spi_i2s_interrupt_disable), (42 bytes).
    Removing gd32f4xx_spi.o(i.spi_i2s_interrupt_enable), (42 bytes).
    Removing gd32f4xx_spi.o(i.spi_i2s_interrupt_flag_get), (100 bytes).
    Removing gd32f4xx_spi.o(i.spi_init), (46 bytes).
    Removing gd32f4xx_spi.o(i.spi_nss_internal_high), (10 bytes).
    Removing gd32f4xx_spi.o(i.spi_nss_internal_low), (10 bytes).
    Removing gd32f4xx_spi.o(i.spi_nss_output_disable), (10 bytes).
    Removing gd32f4xx_spi.o(i.spi_nss_output_enable), (10 bytes).
    Removing gd32f4xx_spi.o(i.spi_quad_disable), (12 bytes).
    Removing gd32f4xx_spi.o(i.spi_quad_enable), (12 bytes).
    Removing gd32f4xx_spi.o(i.spi_quad_io23_output_disable), (12 bytes).
    Removing gd32f4xx_spi.o(i.spi_quad_io23_output_enable), (12 bytes).
    Removing gd32f4xx_spi.o(i.spi_quad_read_enable), (12 bytes).
    Removing gd32f4xx_spi.o(i.spi_quad_write_enable), (12 bytes).
    Removing gd32f4xx_spi.o(i.spi_struct_para_init), (18 bytes).
    Removing gd32f4xx_spi.o(i.spi_ti_mode_disable), (10 bytes).
    Removing gd32f4xx_spi.o(i.spi_ti_mode_enable), (10 bytes).
    Removing gd32f4xx_syscfg.o(.rev16_text), (4 bytes).
    Removing gd32f4xx_syscfg.o(.revsh_text), (4 bytes).
    Removing gd32f4xx_syscfg.o(i.syscfg_bootmode_config), (24 bytes).
    Removing gd32f4xx_syscfg.o(i.syscfg_compensation_config), (20 bytes).
    Removing gd32f4xx_syscfg.o(i.syscfg_deinit), (22 bytes).
    Removing gd32f4xx_syscfg.o(i.syscfg_enet_phy_interface_config), (20 bytes).
    Removing gd32f4xx_syscfg.o(i.syscfg_exmc_swap_config), (20 bytes).
    Removing gd32f4xx_syscfg.o(i.syscfg_exti_line_config), (104 bytes).
    Removing gd32f4xx_syscfg.o(i.syscfg_flag_get), (20 bytes).
    Removing gd32f4xx_syscfg.o(i.syscfg_fmc_swap_config), (20 bytes).
    Removing gd32f4xx_timer.o(.rev16_text), (4 bytes).
    Removing gd32f4xx_timer.o(.revsh_text), (4 bytes).
    Removing gd32f4xx_timer.o(i.timer_auto_reload_shadow_disable), (10 bytes).
    Removing gd32f4xx_timer.o(i.timer_auto_reload_shadow_enable), (10 bytes).
    Removing gd32f4xx_timer.o(i.timer_automatic_output_disable), (10 bytes).
    Removing gd32f4xx_timer.o(i.timer_automatic_output_enable), (10 bytes).
    Removing gd32f4xx_timer.o(i.timer_autoreload_value_config), (4 bytes).
    Removing gd32f4xx_timer.o(i.timer_break_config), (32 bytes).
    Removing gd32f4xx_timer.o(i.timer_break_disable), (10 bytes).
    Removing gd32f4xx_timer.o(i.timer_break_enable), (10 bytes).
    Removing gd32f4xx_timer.o(i.timer_break_struct_para_init), (18 bytes).
    Removing gd32f4xx_timer.o(i.timer_channel_capture_value_register_read), (36 bytes).
    Removing gd32f4xx_timer.o(i.timer_channel_complementary_output_polarity_config), (64 bytes).
    Removing gd32f4xx_timer.o(i.timer_channel_complementary_output_state_config), (64 bytes).
    Removing gd32f4xx_timer.o(i.timer_channel_control_shadow_config), (24 bytes).
    Removing gd32f4xx_timer.o(i.timer_channel_control_shadow_update_config), (28 bytes).
    Removing gd32f4xx_timer.o(i.timer_channel_dma_request_source_select), (28 bytes).
    Removing gd32f4xx_timer.o(i.timer_channel_output_clear_config), (84 bytes).
    Removing gd32f4xx_timer.o(i.timer_channel_output_config), (472 bytes).
    Removing gd32f4xx_timer.o(i.timer_channel_output_fast_config), (84 bytes).
    Removing gd32f4xx_timer.o(i.timer_channel_output_mode_config), (84 bytes).
    Removing gd32f4xx_timer.o(i.timer_channel_output_polarity_config), (86 bytes).
    Removing gd32f4xx_timer.o(i.timer_channel_output_pulse_value_config), (32 bytes).
    Removing gd32f4xx_timer.o(i.timer_channel_output_shadow_config), (84 bytes).
    Removing gd32f4xx_timer.o(i.timer_channel_output_state_config), (86 bytes).
    Removing gd32f4xx_timer.o(i.timer_channel_output_struct_para_init), (16 bytes).
    Removing gd32f4xx_timer.o(i.timer_channel_remap_config), (4 bytes).
    Removing gd32f4xx_timer.o(i.timer_counter_alignment), (16 bytes).
    Removing gd32f4xx_timer.o(i.timer_counter_down_direction), (10 bytes).
    Removing gd32f4xx_timer.o(i.timer_counter_read), (4 bytes).
    Removing gd32f4xx_timer.o(i.timer_counter_up_direction), (10 bytes).
    Removing gd32f4xx_timer.o(i.timer_counter_value_config), (4 bytes).
    Removing gd32f4xx_timer.o(i.timer_disable), (10 bytes).
    Removing gd32f4xx_timer.o(i.timer_dma_disable), (8 bytes).
    Removing gd32f4xx_timer.o(i.timer_dma_enable), (8 bytes).
    Removing gd32f4xx_timer.o(i.timer_dma_transfer_config), (22 bytes).
    Removing gd32f4xx_timer.o(i.timer_event_software_generate), (8 bytes).
    Removing gd32f4xx_timer.o(i.timer_external_clock_mode0_config), (28 bytes).
    Removing gd32f4xx_timer.o(i.timer_external_clock_mode1_config), (20 bytes).
    Removing gd32f4xx_timer.o(i.timer_external_clock_mode1_disable), (10 bytes).
    Removing gd32f4xx_timer.o(i.timer_external_trigger_as_external_clock_config), (160 bytes).
    Removing gd32f4xx_timer.o(i.timer_external_trigger_config), (28 bytes).
    Removing gd32f4xx_timer.o(i.timer_flag_clear), (6 bytes).
    Removing gd32f4xx_timer.o(i.timer_flag_get), (14 bytes).
    Removing gd32f4xx_timer.o(i.timer_hall_mode_config), (28 bytes).
    Removing gd32f4xx_timer.o(i.timer_input_pwm_capture_config), (346 bytes).
    Removing gd32f4xx_timer.o(i.timer_input_trigger_source_select), (16 bytes).
    Removing gd32f4xx_timer.o(i.timer_internal_clock_config), (10 bytes).
    Removing gd32f4xx_timer.o(i.timer_internal_trigger_as_external_clock_config), (28 bytes).
    Removing gd32f4xx_timer.o(i.timer_interrupt_disable), (8 bytes).
    Removing gd32f4xx_timer.o(i.timer_interrupt_enable), (8 bytes).
    Removing gd32f4xx_timer.o(i.timer_interrupt_flag_clear), (6 bytes).
    Removing gd32f4xx_timer.o(i.timer_interrupt_flag_get), (20 bytes).
    Removing gd32f4xx_timer.o(i.timer_master_output_trigger_source_select), (16 bytes).
    Removing gd32f4xx_timer.o(i.timer_master_slave_mode_config), (28 bytes).
    Removing gd32f4xx_timer.o(i.timer_output_value_selection_config), (32 bytes).
    Removing gd32f4xx_timer.o(i.timer_prescaler_config), (16 bytes).
    Removing gd32f4xx_timer.o(i.timer_prescaler_read), (6 bytes).
    Removing gd32f4xx_timer.o(i.timer_primary_output_config), (24 bytes).
    Removing gd32f4xx_timer.o(i.timer_repetition_value_config), (4 bytes).
    Removing gd32f4xx_timer.o(i.timer_single_pulse_mode_config), (28 bytes).
    Removing gd32f4xx_timer.o(i.timer_slave_mode_select), (16 bytes).
    Removing gd32f4xx_timer.o(i.timer_update_event_disable), (10 bytes).
    Removing gd32f4xx_timer.o(i.timer_update_event_enable), (10 bytes).
    Removing gd32f4xx_timer.o(i.timer_update_source_config), (28 bytes).
    Removing gd32f4xx_timer.o(i.timer_write_chxval_register_config), (32 bytes).
    Removing gd32f4xx_tli.o(.rev16_text), (4 bytes).
    Removing gd32f4xx_tli.o(.revsh_text), (4 bytes).
    Removing gd32f4xx_tli.o(i.tli_color_key_disable), (12 bytes).
    Removing gd32f4xx_tli.o(i.tli_color_key_enable), (12 bytes).
    Removing gd32f4xx_tli.o(i.tli_color_key_init), (14 bytes).
    Removing gd32f4xx_tli.o(i.tli_current_pos_get), (12 bytes).
    Removing gd32f4xx_tli.o(i.tli_deinit), (22 bytes).
    Removing gd32f4xx_tli.o(i.tli_disable), (16 bytes).
    Removing gd32f4xx_tli.o(i.tli_dither_config), (32 bytes).
    Removing gd32f4xx_tli.o(i.tli_enable), (16 bytes).
    Removing gd32f4xx_tli.o(i.tli_flag_get), (32 bytes).
    Removing gd32f4xx_tli.o(i.tli_init), (148 bytes).
    Removing gd32f4xx_tli.o(i.tli_interrupt_disable), (16 bytes).
    Removing gd32f4xx_tli.o(i.tli_interrupt_enable), (16 bytes).
    Removing gd32f4xx_tli.o(i.tli_interrupt_flag_clear), (16 bytes).
    Removing gd32f4xx_tli.o(i.tli_interrupt_flag_get), (32 bytes).
    Removing gd32f4xx_tli.o(i.tli_layer_disable), (12 bytes).
    Removing gd32f4xx_tli.o(i.tli_layer_enable), (12 bytes).
    Removing gd32f4xx_tli.o(i.tli_layer_init), (150 bytes).
    Removing gd32f4xx_tli.o(i.tli_layer_struct_para_init), (44 bytes).
    Removing gd32f4xx_tli.o(i.tli_layer_window_offset_modify), (160 bytes).
    Removing gd32f4xx_tli.o(i.tli_line_mark_set), (20 bytes).
    Removing gd32f4xx_tli.o(i.tli_lut_disable), (12 bytes).
    Removing gd32f4xx_tli.o(i.tli_lut_enable), (12 bytes).
    Removing gd32f4xx_tli.o(i.tli_lut_init), (26 bytes).
    Removing gd32f4xx_tli.o(i.tli_lut_struct_para_init), (12 bytes).
    Removing gd32f4xx_tli.o(i.tli_reload_config), (32 bytes).
    Removing gd32f4xx_tli.o(i.tli_struct_para_init), (34 bytes).
    Removing gd32f4xx_trng.o(.rev16_text), (4 bytes).
    Removing gd32f4xx_trng.o(.revsh_text), (4 bytes).
    Removing gd32f4xx_trng.o(i.trng_deinit), (22 bytes).
    Removing gd32f4xx_trng.o(i.trng_disable), (16 bytes).
    Removing gd32f4xx_trng.o(i.trng_enable), (16 bytes).
    Removing gd32f4xx_trng.o(i.trng_flag_get), (20 bytes).
    Removing gd32f4xx_trng.o(i.trng_get_true_random_data), (12 bytes).
    Removing gd32f4xx_trng.o(i.trng_interrupt_disable), (16 bytes).
    Removing gd32f4xx_trng.o(i.trng_interrupt_enable), (16 bytes).
    Removing gd32f4xx_trng.o(i.trng_interrupt_flag_clear), (16 bytes).
    Removing gd32f4xx_trng.o(i.trng_interrupt_flag_get), (20 bytes).
    Removing gd32f4xx_usart.o(.rev16_text), (4 bytes).
    Removing gd32f4xx_usart.o(.revsh_text), (4 bytes).
    Removing gd32f4xx_usart.o(i.usart_address_config), (20 bytes).
    Removing gd32f4xx_usart.o(i.usart_block_length_config), (20 bytes).
    Removing gd32f4xx_usart.o(i.usart_break_frame_coherence_config), (22 bytes).
    Removing gd32f4xx_usart.o(i.usart_data_receive), (8 bytes).
    Removing gd32f4xx_usart.o(i.usart_data_transmit), (8 bytes).
    Removing gd32f4xx_usart.o(i.usart_disable), (10 bytes).
    Removing gd32f4xx_usart.o(i.usart_dma_receive_config), (20 bytes).
    Removing gd32f4xx_usart.o(i.usart_flag_clear), (20 bytes).
    Removing gd32f4xx_usart.o(i.usart_flag_get), (26 bytes).
    Removing gd32f4xx_usart.o(i.usart_guard_time_config), (18 bytes).
    Removing gd32f4xx_usart.o(i.usart_halfduplex_disable), (10 bytes).
    Removing gd32f4xx_usart.o(i.usart_halfduplex_enable), (10 bytes).
    Removing gd32f4xx_usart.o(i.usart_hardware_flow_coherence_config), (22 bytes).
    Removing gd32f4xx_usart.o(i.usart_hardware_flow_cts_config), (20 bytes).
    Removing gd32f4xx_usart.o(i.usart_hardware_flow_rts_config), (20 bytes).
    Removing gd32f4xx_usart.o(i.usart_interrupt_disable), (20 bytes).
    Removing gd32f4xx_usart.o(i.usart_interrupt_flag_clear), (20 bytes).
    Removing gd32f4xx_usart.o(i.usart_interrupt_flag_get), (50 bytes).
    Removing gd32f4xx_usart.o(i.usart_invert_config), (86 bytes).
    Removing gd32f4xx_usart.o(i.usart_irda_lowpower_config), (20 bytes).
    Removing gd32f4xx_usart.o(i.usart_irda_mode_disable), (10 bytes).
    Removing gd32f4xx_usart.o(i.usart_irda_mode_enable), (10 bytes).
    Removing gd32f4xx_usart.o(i.usart_lin_break_detection_length_config), (20 bytes).
    Removing gd32f4xx_usart.o(i.usart_lin_mode_disable), (10 bytes).
    Removing gd32f4xx_usart.o(i.usart_lin_mode_enable), (10 bytes).
    Removing gd32f4xx_usart.o(i.usart_mute_mode_disable), (10 bytes).
    Removing gd32f4xx_usart.o(i.usart_mute_mode_enable), (10 bytes).
    Removing gd32f4xx_usart.o(i.usart_mute_mode_wakeup_config), (16 bytes).
    Removing gd32f4xx_usart.o(i.usart_oversample_config), (16 bytes).
    Removing gd32f4xx_usart.o(i.usart_parity_check_coherence_config), (22 bytes).
    Removing gd32f4xx_usart.o(i.usart_prescaler_config), (16 bytes).
    Removing gd32f4xx_usart.o(i.usart_receiver_timeout_disable), (12 bytes).
    Removing gd32f4xx_usart.o(i.usart_receiver_timeout_enable), (12 bytes).
    Removing gd32f4xx_usart.o(i.usart_receiver_timeout_threshold_config), (18 bytes).
    Removing gd32f4xx_usart.o(i.usart_sample_bit_config), (16 bytes).
    Removing gd32f4xx_usart.o(i.usart_send_break), (10 bytes).
    Removing gd32f4xx_usart.o(i.usart_smartcard_autoretry_config), (24 bytes).
    Removing gd32f4xx_usart.o(i.usart_smartcard_mode_disable), (10 bytes).
    Removing gd32f4xx_usart.o(i.usart_smartcard_mode_enable), (10 bytes).
    Removing gd32f4xx_usart.o(i.usart_smartcard_mode_nack_disable), (10 bytes).
    Removing gd32f4xx_usart.o(i.usart_smartcard_mode_nack_enable), (10 bytes).
    Removing gd32f4xx_usart.o(i.usart_synchronous_clock_config), (30 bytes).
    Removing gd32f4xx_usart.o(i.usart_synchronous_clock_disable), (10 bytes).
    Removing gd32f4xx_usart.o(i.usart_synchronous_clock_enable), (10 bytes).
    Removing gd32f4xx_wwdgt.o(.rev16_text), (4 bytes).
    Removing gd32f4xx_wwdgt.o(.revsh_text), (4 bytes).
    Removing gd32f4xx_wwdgt.o(i.wwdgt_config), (24 bytes).
    Removing gd32f4xx_wwdgt.o(i.wwdgt_counter_update), (16 bytes).
    Removing gd32f4xx_wwdgt.o(i.wwdgt_deinit), (22 bytes).
    Removing gd32f4xx_wwdgt.o(i.wwdgt_enable), (16 bytes).
    Removing gd32f4xx_wwdgt.o(i.wwdgt_flag_clear), (12 bytes).
    Removing gd32f4xx_wwdgt.o(i.wwdgt_flag_get), (20 bytes).
    Removing gd32f4xx_wwdgt.o(i.wwdgt_interrupt_enable), (16 bytes).
    Removing startup_gd32f450_470.o(HEAP), (1024 bytes).
    Removing system_gd32f4xx.o(.rev16_text), (4 bytes).
    Removing system_gd32f4xx.o(.revsh_text), (4 bytes).
    Removing system_gd32f4xx.o(i.SystemCoreClockUpdate), (156 bytes).
    Removing motor.o(.rev16_text), (4 bytes).
    Removing motor.o(.revsh_text), (4 bytes).
    Removing motor.o(i.motor_gpio_init), (56 bytes).
    Removing motor.o(i.motor_init), (14 bytes).
    Removing motor.o(i.motor_set_pwm), (64 bytes).
    Removing motor.o(i.motor_test), (34 bytes).
    Removing motor.o(i.motor_timer_init), (208 bytes).
    Removing encoder.o(.rev16_text), (4 bytes).
    Removing encoder.o(.revsh_text), (4 bytes).
    Removing dma_m2p.o(.rev16_text), (4 bytes).
    Removing dma_m2p.o(.revsh_text), (4 bytes).
    Removing dadd.o(.text), (334 bytes).
    Removing dmul.o(.text), (228 bytes).
    Removing ddiv.o(.text), (222 bytes).
    Removing dfixul.o(.text), (48 bytes).
    Removing cdrcmple.o(.text), (48 bytes).
    Removing depilogue.o(.text), (186 bytes).

901 unused section(s) (total 47532 bytes) removed from the image.

==============================================================================

Image Symbol Table

    Local Symbols

    Symbol Name                              Value     Ov Type        Size  Object(Section)

    ../clib/microlib/division.c              0x00000000   Number         0  uldiv.o ABSOLUTE
    ../clib/microlib/division.c              0x00000000   Number         0  uidiv.o ABSOLUTE
    ../clib/microlib/init/entry.s            0x00000000   Number         0  entry11b.o ABSOLUTE
    ../clib/microlib/init/entry.s            0x00000000   Number         0  entry9a.o ABSOLUTE
    ../clib/microlib/init/entry.s            0x00000000   Number         0  entry8b.o ABSOLUTE
    ../clib/microlib/init/entry.s            0x00000000   Number         0  entry8a.o ABSOLUTE
    ../clib/microlib/init/entry.s            0x00000000   Number         0  entry7b.o ABSOLUTE
    ../clib/microlib/init/entry.s            0x00000000   Number         0  entry7a.o ABSOLUTE
    ../clib/microlib/init/entry.s            0x00000000   Number         0  entry10b.o ABSOLUTE
    ../clib/microlib/init/entry.s            0x00000000   Number         0  entry10a.o ABSOLUTE
    ../clib/microlib/init/entry.s            0x00000000   Number         0  entry5.o ABSOLUTE
    ../clib/microlib/init/entry.s            0x00000000   Number         0  entry11a.o ABSOLUTE
    ../clib/microlib/init/entry.s            0x00000000   Number         0  entry.o ABSOLUTE
    ../clib/microlib/init/entry.s            0x00000000   Number         0  entry2.o ABSOLUTE
    ../clib/microlib/init/entry.s            0x00000000   Number         0  entry9b.o ABSOLUTE
    ../clib/microlib/longlong.c              0x00000000   Number         0  llushr.o ABSOLUTE
    ../clib/microlib/longlong.c              0x00000000   Number         0  llshl.o ABSOLUTE
    ../clib/microlib/longlong.c              0x00000000   Number         0  llsshr.o ABSOLUTE
    ../clib/microlib/printf/printf.c         0x00000000   Number         0  printf2.o ABSOLUTE
    ../clib/microlib/printf/printf.c         0x00000000   Number         0  printf3.o ABSOLUTE
    ../clib/microlib/printf/printf.c         0x00000000   Number         0  printfa.o ABSOLUTE
    ../clib/microlib/printf/printf.c         0x00000000   Number         0  printf8.o ABSOLUTE
    ../clib/microlib/printf/printf.c         0x00000000   Number         0  printf7.o ABSOLUTE
    ../clib/microlib/printf/printf.c         0x00000000   Number         0  printf6.o ABSOLUTE
    ../clib/microlib/printf/printf.c         0x00000000   Number         0  printf0.o ABSOLUTE
    ../clib/microlib/printf/printf.c         0x00000000   Number         0  printf5.o ABSOLUTE
    ../clib/microlib/printf/printf.c         0x00000000   Number         0  printf4.o ABSOLUTE
    ../clib/microlib/printf/printf.c         0x00000000   Number         0  printfb.o ABSOLUTE
    ../clib/microlib/printf/printf.c         0x00000000   Number         0  printf1.o ABSOLUTE
    ../clib/microlib/printf/stubs.s          0x00000000   Number         0  stubs.o ABSOLUTE
    ../clib/microlib/stdio/streams.c         0x00000000   Number         0  stdout.o ABSOLUTE
    ../clib/microlib/stubs.s                 0x00000000   Number         0  iusefp.o ABSOLUTE
    ../fplib/microlib/fpadd.c                0x00000000   Number         0  dadd.o ABSOLUTE
    ../fplib/microlib/fpdiv.c                0x00000000   Number         0  ddiv.o ABSOLUTE
    ../fplib/microlib/fpepilogue.c           0x00000000   Number         0  depilogue.o ABSOLUTE
    ../fplib/microlib/fpfix.c                0x00000000   Number         0  dfixul.o ABSOLUTE
    ../fplib/microlib/fpmul.c                0x00000000   Number         0  dmul.o ABSOLUTE
    ..\Firmware\CMSIS\GD\GD32F4xx\Source\ARM\startup_gd32f450_470.s 0x00000000   Number         0  startup_gd32f450_470.o ABSOLUTE
    ..\Firmware\CMSIS\GD\GD32F4xx\Source\system_gd32f4xx.c 0x00000000   Number         0  system_gd32f4xx.o ABSOLUTE
    ..\Firmware\GD32F4xx_standard_peripheral\Source\gd32f4xx_adc.c 0x00000000   Number         0  gd32f4xx_adc.o ABSOLUTE
    ..\Firmware\GD32F4xx_standard_peripheral\Source\gd32f4xx_can.c 0x00000000   Number         0  gd32f4xx_can.o ABSOLUTE
    ..\Firmware\GD32F4xx_standard_peripheral\Source\gd32f4xx_crc.c 0x00000000   Number         0  gd32f4xx_crc.o ABSOLUTE
    ..\Firmware\GD32F4xx_standard_peripheral\Source\gd32f4xx_ctc.c 0x00000000   Number         0  gd32f4xx_ctc.o ABSOLUTE
    ..\Firmware\GD32F4xx_standard_peripheral\Source\gd32f4xx_dac.c 0x00000000   Number         0  gd32f4xx_dac.o ABSOLUTE
    ..\Firmware\GD32F4xx_standard_peripheral\Source\gd32f4xx_dbg.c 0x00000000   Number         0  gd32f4xx_dbg.o ABSOLUTE
    ..\Firmware\GD32F4xx_standard_peripheral\Source\gd32f4xx_dci.c 0x00000000   Number         0  gd32f4xx_dci.o ABSOLUTE
    ..\Firmware\GD32F4xx_standard_peripheral\Source\gd32f4xx_dma.c 0x00000000   Number         0  gd32f4xx_dma.o ABSOLUTE
    ..\Firmware\GD32F4xx_standard_peripheral\Source\gd32f4xx_enet.c 0x00000000   Number         0  gd32f4xx_enet.o ABSOLUTE
    ..\Firmware\GD32F4xx_standard_peripheral\Source\gd32f4xx_exmc.c 0x00000000   Number         0  gd32f4xx_exmc.o ABSOLUTE
    ..\Firmware\GD32F4xx_standard_peripheral\Source\gd32f4xx_exti.c 0x00000000   Number         0  gd32f4xx_exti.o ABSOLUTE
    ..\Firmware\GD32F4xx_standard_peripheral\Source\gd32f4xx_fmc.c 0x00000000   Number         0  gd32f4xx_fmc.o ABSOLUTE
    ..\Firmware\GD32F4xx_standard_peripheral\Source\gd32f4xx_fwdgt.c 0x00000000   Number         0  gd32f4xx_fwdgt.o ABSOLUTE
    ..\Firmware\GD32F4xx_standard_peripheral\Source\gd32f4xx_gpio.c 0x00000000   Number         0  gd32f4xx_gpio.o ABSOLUTE
    ..\Firmware\GD32F4xx_standard_peripheral\Source\gd32f4xx_i2c.c 0x00000000   Number         0  gd32f4xx_i2c.o ABSOLUTE
    ..\Firmware\GD32F4xx_standard_peripheral\Source\gd32f4xx_ipa.c 0x00000000   Number         0  gd32f4xx_ipa.o ABSOLUTE
    ..\Firmware\GD32F4xx_standard_peripheral\Source\gd32f4xx_iref.c 0x00000000   Number         0  gd32f4xx_iref.o ABSOLUTE
    ..\Firmware\GD32F4xx_standard_peripheral\Source\gd32f4xx_misc.c 0x00000000   Number         0  gd32f4xx_misc.o ABSOLUTE
    ..\Firmware\GD32F4xx_standard_peripheral\Source\gd32f4xx_pmu.c 0x00000000   Number         0  gd32f4xx_pmu.o ABSOLUTE
    ..\Firmware\GD32F4xx_standard_peripheral\Source\gd32f4xx_rcu.c 0x00000000   Number         0  gd32f4xx_rcu.o ABSOLUTE
    ..\Firmware\GD32F4xx_standard_peripheral\Source\gd32f4xx_rtc.c 0x00000000   Number         0  gd32f4xx_rtc.o ABSOLUTE
    ..\Firmware\GD32F4xx_standard_peripheral\Source\gd32f4xx_sdio.c 0x00000000   Number         0  gd32f4xx_sdio.o ABSOLUTE
    ..\Firmware\GD32F4xx_standard_peripheral\Source\gd32f4xx_spi.c 0x00000000   Number         0  gd32f4xx_spi.o ABSOLUTE
    ..\Firmware\GD32F4xx_standard_peripheral\Source\gd32f4xx_syscfg.c 0x00000000   Number         0  gd32f4xx_syscfg.o ABSOLUTE
    ..\Firmware\GD32F4xx_standard_peripheral\Source\gd32f4xx_timer.c 0x00000000   Number         0  gd32f4xx_timer.o ABSOLUTE
    ..\Firmware\GD32F4xx_standard_peripheral\Source\gd32f4xx_tli.c 0x00000000   Number         0  gd32f4xx_tli.o ABSOLUTE
    ..\Firmware\GD32F4xx_standard_peripheral\Source\gd32f4xx_trng.c 0x00000000   Number         0  gd32f4xx_trng.o ABSOLUTE
    ..\Firmware\GD32F4xx_standard_peripheral\Source\gd32f4xx_usart.c 0x00000000   Number         0  gd32f4xx_usart.o ABSOLUTE
    ..\Firmware\GD32F4xx_standard_peripheral\Source\gd32f4xx_wwdgt.c 0x00000000   Number         0  gd32f4xx_wwdgt.o ABSOLUTE
    ..\Hardware\DMA_M2P\dma_m2p.c            0x00000000   Number         0  dma_m2p.o ABSOLUTE
    ..\Hardware\Encoder\encoder.c            0x00000000   Number         0  encoder.o ABSOLUTE
    ..\Hardware\Motor\motor.c                0x00000000   Number         0  motor.o ABSOLUTE
    ..\User\gd32f4xx_it.c                    0x00000000   Number         0  gd32f4xx_it.o ABSOLUTE
    ..\User\main.c                           0x00000000   Number         0  main.o ABSOLUTE
    ..\User\systick.c                        0x00000000   Number         0  systick.o ABSOLUTE
    ..\\Firmware\\CMSIS\\GD\\GD32F4xx\\Source\\system_gd32f4xx.c 0x00000000   Number         0  system_gd32f4xx.o ABSOLUTE
    ..\\Firmware\\GD32F4xx_standard_peripheral\\Source\\gd32f4xx_adc.c 0x00000000   Number         0  gd32f4xx_adc.o ABSOLUTE
    ..\\Firmware\\GD32F4xx_standard_peripheral\\Source\\gd32f4xx_can.c 0x00000000   Number         0  gd32f4xx_can.o ABSOLUTE
    ..\\Firmware\\GD32F4xx_standard_peripheral\\Source\\gd32f4xx_crc.c 0x00000000   Number         0  gd32f4xx_crc.o ABSOLUTE
    ..\\Firmware\\GD32F4xx_standard_peripheral\\Source\\gd32f4xx_ctc.c 0x00000000   Number         0  gd32f4xx_ctc.o ABSOLUTE
    ..\\Firmware\\GD32F4xx_standard_peripheral\\Source\\gd32f4xx_dac.c 0x00000000   Number         0  gd32f4xx_dac.o ABSOLUTE
    ..\\Firmware\\GD32F4xx_standard_peripheral\\Source\\gd32f4xx_dbg.c 0x00000000   Number         0  gd32f4xx_dbg.o ABSOLUTE
    ..\\Firmware\\GD32F4xx_standard_peripheral\\Source\\gd32f4xx_dci.c 0x00000000   Number         0  gd32f4xx_dci.o ABSOLUTE
    ..\\Firmware\\GD32F4xx_standard_peripheral\\Source\\gd32f4xx_dma.c 0x00000000   Number         0  gd32f4xx_dma.o ABSOLUTE
    ..\\Firmware\\GD32F4xx_standard_peripheral\\Source\\gd32f4xx_enet.c 0x00000000   Number         0  gd32f4xx_enet.o ABSOLUTE
    ..\\Firmware\\GD32F4xx_standard_peripheral\\Source\\gd32f4xx_exmc.c 0x00000000   Number         0  gd32f4xx_exmc.o ABSOLUTE
    ..\\Firmware\\GD32F4xx_standard_peripheral\\Source\\gd32f4xx_exti.c 0x00000000   Number         0  gd32f4xx_exti.o ABSOLUTE
    ..\\Firmware\\GD32F4xx_standard_peripheral\\Source\\gd32f4xx_fmc.c 0x00000000   Number         0  gd32f4xx_fmc.o ABSOLUTE
    ..\\Firmware\\GD32F4xx_standard_peripheral\\Source\\gd32f4xx_fwdgt.c 0x00000000   Number         0  gd32f4xx_fwdgt.o ABSOLUTE
    ..\\Firmware\\GD32F4xx_standard_peripheral\\Source\\gd32f4xx_gpio.c 0x00000000   Number         0  gd32f4xx_gpio.o ABSOLUTE
    ..\\Firmware\\GD32F4xx_standard_peripheral\\Source\\gd32f4xx_i2c.c 0x00000000   Number         0  gd32f4xx_i2c.o ABSOLUTE
    ..\\Firmware\\GD32F4xx_standard_peripheral\\Source\\gd32f4xx_ipa.c 0x00000000   Number         0  gd32f4xx_ipa.o ABSOLUTE
    ..\\Firmware\\GD32F4xx_standard_peripheral\\Source\\gd32f4xx_iref.c 0x00000000   Number         0  gd32f4xx_iref.o ABSOLUTE
    ..\\Firmware\\GD32F4xx_standard_peripheral\\Source\\gd32f4xx_misc.c 0x00000000   Number         0  gd32f4xx_misc.o ABSOLUTE
    ..\\Firmware\\GD32F4xx_standard_peripheral\\Source\\gd32f4xx_pmu.c 0x00000000   Number         0  gd32f4xx_pmu.o ABSOLUTE
    ..\\Firmware\\GD32F4xx_standard_peripheral\\Source\\gd32f4xx_rcu.c 0x00000000   Number         0  gd32f4xx_rcu.o ABSOLUTE
    ..\\Firmware\\GD32F4xx_standard_peripheral\\Source\\gd32f4xx_rtc.c 0x00000000   Number         0  gd32f4xx_rtc.o ABSOLUTE
    ..\\Firmware\\GD32F4xx_standard_peripheral\\Source\\gd32f4xx_sdio.c 0x00000000   Number         0  gd32f4xx_sdio.o ABSOLUTE
    ..\\Firmware\\GD32F4xx_standard_peripheral\\Source\\gd32f4xx_spi.c 0x00000000   Number         0  gd32f4xx_spi.o ABSOLUTE
    ..\\Firmware\\GD32F4xx_standard_peripheral\\Source\\gd32f4xx_syscfg.c 0x00000000   Number         0  gd32f4xx_syscfg.o ABSOLUTE
    ..\\Firmware\\GD32F4xx_standard_peripheral\\Source\\gd32f4xx_timer.c 0x00000000   Number         0  gd32f4xx_timer.o ABSOLUTE
    ..\\Firmware\\GD32F4xx_standard_peripheral\\Source\\gd32f4xx_tli.c 0x00000000   Number         0  gd32f4xx_tli.o ABSOLUTE
    ..\\Firmware\\GD32F4xx_standard_peripheral\\Source\\gd32f4xx_trng.c 0x00000000   Number         0  gd32f4xx_trng.o ABSOLUTE
    ..\\Firmware\\GD32F4xx_standard_peripheral\\Source\\gd32f4xx_usart.c 0x00000000   Number         0  gd32f4xx_usart.o ABSOLUTE
    ..\\Firmware\\GD32F4xx_standard_peripheral\\Source\\gd32f4xx_wwdgt.c 0x00000000   Number         0  gd32f4xx_wwdgt.o ABSOLUTE
    ..\\Hardware\\DMA_M2P\\dma_m2p.c         0x00000000   Number         0  dma_m2p.o ABSOLUTE
    ..\\Hardware\\Encoder\\encoder.c         0x00000000   Number         0  encoder.o ABSOLUTE
    ..\\Hardware\\Motor\\motor.c             0x00000000   Number         0  motor.o ABSOLUTE
    ..\\User\\gd32f4xx_it.c                  0x00000000   Number         0  gd32f4xx_it.o ABSOLUTE
    ..\\User\\main.c                         0x00000000   Number         0  main.o ABSOLUTE
    ..\\User\\systick.c                      0x00000000   Number         0  systick.o ABSOLUTE
    cdrcmple.s                               0x00000000   Number         0  cdrcmple.o ABSOLUTE
    dc.s                                     0x00000000   Number         0  dc.o ABSOLUTE
    handlers.s                               0x00000000   Number         0  handlers.o ABSOLUTE
    init.s                                   0x00000000   Number         0  init.o ABSOLUTE
    RESET                                    0x08000000   Section      428  startup_gd32f450_470.o(RESET)
    .ARM.Collect$$$$00000000                 0x080001ac   Section        0  entry.o(.ARM.Collect$$$$00000000)
    .ARM.Collect$$$$00000001                 0x080001ac   Section        4  entry2.o(.ARM.Collect$$$$00000001)
    .ARM.Collect$$$$00000004                 0x080001b0   Section        4  entry5.o(.ARM.Collect$$$$00000004)
    .ARM.Collect$$$$00000008                 0x080001b4   Section        0  entry7b.o(.ARM.Collect$$$$00000008)
    .ARM.Collect$$$$0000000A                 0x080001b4   Section        0  entry8b.o(.ARM.Collect$$$$0000000A)
    .ARM.Collect$$$$0000000B                 0x080001b4   Section        8  entry9a.o(.ARM.Collect$$$$0000000B)
    .ARM.Collect$$$$0000000D                 0x080001bc   Section        0  entry10a.o(.ARM.Collect$$$$0000000D)
    .ARM.Collect$$$$0000000F                 0x080001bc   Section        0  entry11a.o(.ARM.Collect$$$$0000000F)
    .ARM.Collect$$$$00002712                 0x080001bc   Section        4  entry2.o(.ARM.Collect$$$$00002712)
    __lit__00000000                          0x080001bc   Data           4  entry2.o(.ARM.Collect$$$$00002712)
    .text                                    0x080001c0   Section       36  startup_gd32f450_470.o(.text)
    $v0                                      0x080001c0   Number         0  startup_gd32f450_470.o(.text)
    .text                                    0x080001e4   Section        0  uidiv.o(.text)
    .text                                    0x08000210   Section       36  init.o(.text)
    i.BusFault_Handler                       0x08000234   Section        0  gd32f4xx_it.o(i.BusFault_Handler)
    i.DebugMon_Handler                       0x08000236   Section        0  gd32f4xx_it.o(i.DebugMon_Handler)
    i.HardFault_Handler                      0x08000238   Section        0  gd32f4xx_it.o(i.HardFault_Handler)
    i.MemManage_Handler                      0x0800023a   Section        0  gd32f4xx_it.o(i.MemManage_Handler)
    i.NMI_Handler                            0x0800023c   Section        0  gd32f4xx_it.o(i.NMI_Handler)
    i.NVIC_SetPriority                       0x0800023e   Section        0  systick.o(i.NVIC_SetPriority)
    NVIC_SetPriority                         0x0800023f   Thumb Code    32  systick.o(i.NVIC_SetPriority)
    i.PendSV_Handler                         0x0800025e   Section        0  gd32f4xx_it.o(i.PendSV_Handler)
    i.SVC_Handler                            0x08000260   Section        0  gd32f4xx_it.o(i.SVC_Handler)
    i.SysTick_Handler                        0x08000262   Section        0  gd32f4xx_it.o(i.SysTick_Handler)
    i.SystemInit                             0x08000268   Section        0  system_gd32f4xx.o(i.SystemInit)
    i.UsageFault_Handler                     0x080002fc   Section        0  gd32f4xx_it.o(i.UsageFault_Handler)
    i.__0printf$1                            0x08000300   Section        0  printf1.o(i.__0printf$1)
    i.__scatterload_copy                     0x08000320   Section       14  handlers.o(i.__scatterload_copy)
    i.__scatterload_null                     0x0800032e   Section        2  handlers.o(i.__scatterload_null)
    i.__scatterload_zeroinit                 0x08000330   Section       14  handlers.o(i.__scatterload_zeroinit)
    i._printf_core                           0x08000340   Section        0  printf1.o(i._printf_core)
    _printf_core                             0x08000341   Thumb Code   336  printf1.o(i._printf_core)
    i.delay_1ms                              0x08000494   Section        0  systick.o(i.delay_1ms)
    i.delay_decrement                        0x080004a4   Section        0  systick.o(i.delay_decrement)
    i.dma_channel_disable                    0x080004b8   Section        0  gd32f4xx_dma.o(i.dma_channel_disable)
    i.dma_channel_enable                     0x080004ca   Section        0  gd32f4xx_dma.o(i.dma_channel_enable)
    i.dma_channel_subperipheral_select       0x080004dc   Section        0  gd32f4xx_dma.o(i.dma_channel_subperipheral_select)
    i.dma_deinit                             0x080004f2   Section        0  gd32f4xx_dma.o(i.dma_deinit)
    i.dma_flag_clear                         0x08000548   Section        0  gd32f4xx_dma.o(i.dma_flag_clear)
    i.dma_flag_get                           0x0800057e   Section        0  gd32f4xx_dma.o(i.dma_flag_get)
    i.dma_memory_address_config              0x080005c0   Section        0  gd32f4xx_dma.o(i.dma_memory_address_config)
    i.dma_single_data_mode_init              0x080005d4   Section        0  gd32f4xx_dma.o(i.dma_single_data_mode_init)
    i.dma_transfer_number_config             0x08000664   Section        0  gd32f4xx_dma.o(i.dma_transfer_number_config)
    i.encoder_get                            0x08000670   Section        0  encoder.o(i.encoder_get)
    i.encoder_gpio_init                      0x0800067c   Section        0  encoder.o(i.encoder_gpio_init)
    encoder_gpio_init                        0x0800067d   Thumb Code    98  encoder.o(i.encoder_gpio_init)
    i.encoder_init                           0x080006e8   Section        0  encoder.o(i.encoder_init)
    i.encoder_test                           0x080006f8   Section        0  encoder.o(i.encoder_test)
    i.encoder_timer_init                     0x08000720   Section        0  encoder.o(i.encoder_timer_init)
    i.fputc                                  0x08000784   Section        0  dma_m2p.o(i.fputc)
    i.gpio_af_set                            0x080007b0   Section        0  gd32f4xx_gpio.o(i.gpio_af_set)
    i.gpio_mode_set                          0x08000814   Section        0  gd32f4xx_gpio.o(i.gpio_mode_set)
    i.gpio_output_options_set                0x0800085c   Section        0  gd32f4xx_gpio.o(i.gpio_output_options_set)
    i.main                                   0x080008a2   Section        0  main.o(i.main)
    i.nvic_irq_enable                        0x080008bc   Section        0  gd32f4xx_misc.o(i.nvic_irq_enable)
    i.nvic_priority_group_set                0x08000958   Section        0  gd32f4xx_misc.o(i.nvic_priority_group_set)
    i.rcu_clock_freq_get                     0x0800096c   Section        0  gd32f4xx_rcu.o(i.rcu_clock_freq_get)
    i.rcu_periph_clock_enable                0x08000a50   Section        0  gd32f4xx_rcu.o(i.rcu_periph_clock_enable)
    i.rcu_periph_reset_disable               0x08000a70   Section        0  gd32f4xx_rcu.o(i.rcu_periph_reset_disable)
    i.rcu_periph_reset_enable                0x08000a90   Section        0  gd32f4xx_rcu.o(i.rcu_periph_reset_enable)
    i.rcu_timer_clock_prescaler_config       0x08000ab0   Section        0  gd32f4xx_rcu.o(i.rcu_timer_clock_prescaler_config)
    i.system_clock_240m_irc16m               0x08000ad0   Section        0  system_gd32f4xx.o(i.system_clock_240m_irc16m)
    system_clock_240m_irc16m                 0x08000ad1   Thumb Code   158  system_gd32f4xx.o(i.system_clock_240m_irc16m)
    i.system_clock_config                    0x08000b7c   Section        0  system_gd32f4xx.o(i.system_clock_config)
    system_clock_config                      0x08000b7d   Thumb Code     4  system_gd32f4xx.o(i.system_clock_config)
    i.systick_config                         0x08000b80   Section        0  systick.o(i.systick_config)
    i.timer_channel_input_capture_prescaler_config 0x08000bcc   Section        0  gd32f4xx_timer.o(i.timer_channel_input_capture_prescaler_config)
    i.timer_channel_input_struct_para_init   0x08000c20   Section        0  gd32f4xx_timer.o(i.timer_channel_input_struct_para_init)
    i.timer_deinit                           0x08000c30   Section        0  gd32f4xx_timer.o(i.timer_deinit)
    i.timer_enable                           0x08000db8   Section        0  gd32f4xx_timer.o(i.timer_enable)
    i.timer_init                             0x08000dc4   Section        0  gd32f4xx_timer.o(i.timer_init)
    i.timer_input_capture_config             0x08000e58   Section        0  gd32f4xx_timer.o(i.timer_input_capture_config)
    i.timer_quadrature_decoder_mode_config   0x08000f8c   Section        0  gd32f4xx_timer.o(i.timer_quadrature_decoder_mode_config)
    i.timer_struct_para_init                 0x08000fcc   Section        0  gd32f4xx_timer.o(i.timer_struct_para_init)
    i.uart_dma_send                          0x08000fe0   Section        0  dma_m2p.o(i.uart_dma_send)
    i.usart_baudrate_set                     0x08001020   Section        0  gd32f4xx_usart.o(i.usart_baudrate_set)
    i.usart_data_first_config                0x080010d8   Section        0  gd32f4xx_usart.o(i.usart_data_first_config)
    i.usart_deinit                           0x080010e8   Section        0  gd32f4xx_usart.o(i.usart_deinit)
    i.usart_dma_config                       0x080011c8   Section        0  dma_m2p.o(i.usart_dma_config)
    i.usart_dma_transmit_config              0x080011e4   Section        0  gd32f4xx_usart.o(i.usart_dma_transmit_config)
    i.usart_dma_tx_init                      0x080011f8   Section        0  dma_m2p.o(i.usart_dma_tx_init)
    i.usart_enable                           0x08001248   Section        0  gd32f4xx_usart.o(i.usart_enable)
    i.usart_gpio_config                      0x08001254   Section        0  dma_m2p.o(i.usart_gpio_config)
    i.usart_interrupt_enable                 0x080012bc   Section        0  gd32f4xx_usart.o(i.usart_interrupt_enable)
    i.usart_param_config                     0x080012d0   Section        0  dma_m2p.o(i.usart_param_config)
    i.usart_parity_config                    0x08001348   Section        0  gd32f4xx_usart.o(i.usart_parity_config)
    i.usart_receive_config                   0x08001358   Section        0  gd32f4xx_usart.o(i.usart_receive_config)
    i.usart_stop_bit_set                     0x08001364   Section        0  gd32f4xx_usart.o(i.usart_stop_bit_set)
    i.usart_transmit_config                  0x08001374   Section        0  gd32f4xx_usart.o(i.usart_transmit_config)
    i.usart_word_length_set                  0x08001380   Section        0  gd32f4xx_usart.o(i.usart_word_length_set)
    .data                                    0x20000000   Section        4  systick.o(.data)
    delay                                    0x20000000   Data           4  systick.o(.data)
    .data                                    0x20000004   Section        4  system_gd32f4xx.o(.data)
    .data                                    0x20000008   Section        1  dma_m2p.o(.data)
    .data                                    0x2000000c   Section        4  stdout.o(.data)
    STACK                                    0x20000010   Section     1024  startup_gd32f450_470.o(STACK)

    Global Symbols

    Symbol Name                              Value     Ov Type        Size  Object(Section)

    BuildAttributes$$THM_ISAv4$E$P$D$K$B$S$7EM$VFPi3$EXTD16$VFPS$VFMA$PE$A:L22UL41UL21$X:L11$S22US41US21$IEEE1$IW$USESV6$~STKCKD$USESV7$~SHL$OSPACE$ROPI$EBA8$MICROLIB$REQ8$PRES8$EABIv2 0x00000000   Number         0  anon$$obj.o ABSOLUTE
    __ARM_use_no_argv                        0x00000000   Number         0  main.o ABSOLUTE
    _printf_a                                0x00000000   Number         0  stubs.o ABSOLUTE
    _printf_c                                0x00000000   Number         0  stubs.o ABSOLUTE
    _printf_charcount                        0x00000000   Number         0  stubs.o ABSOLUTE
    _printf_d                                0x00000000   Number         0  stubs.o ABSOLUTE
    _printf_e                                0x00000000   Number         0  stubs.o ABSOLUTE
    _printf_f                                0x00000000   Number         0  stubs.o ABSOLUTE
    _printf_flags                            0x00000000   Number         0  stubs.o ABSOLUTE
    _printf_fp_dec                           0x00000000   Number         0  stubs.o ABSOLUTE
    _printf_fp_hex                           0x00000000   Number         0  stubs.o ABSOLUTE
    _printf_g                                0x00000000   Number         0  stubs.o ABSOLUTE
    _printf_i                                0x00000000   Number         0  stubs.o ABSOLUTE
    _printf_int_dec                          0x00000000   Number         0  stubs.o ABSOLUTE
    _printf_l                                0x00000000   Number         0  stubs.o ABSOLUTE
    _printf_lc                               0x00000000   Number         0  stubs.o ABSOLUTE
    _printf_ll                               0x00000000   Number         0  stubs.o ABSOLUTE
    _printf_lld                              0x00000000   Number         0  stubs.o ABSOLUTE
    _printf_lli                              0x00000000   Number         0  stubs.o ABSOLUTE
    _printf_llo                              0x00000000   Number         0  stubs.o ABSOLUTE
    _printf_llu                              0x00000000   Number         0  stubs.o ABSOLUTE
    _printf_llx                              0x00000000   Number         0  stubs.o ABSOLUTE
    _printf_longlong_dec                     0x00000000   Number         0  stubs.o ABSOLUTE
    _printf_longlong_hex                     0x00000000   Number         0  stubs.o ABSOLUTE
    _printf_longlong_oct                     0x00000000   Number         0  stubs.o ABSOLUTE
    _printf_ls                               0x00000000   Number         0  stubs.o ABSOLUTE
    _printf_mbtowc                           0x00000000   Number         0  stubs.o ABSOLUTE
    _printf_n                                0x00000000   Number         0  stubs.o ABSOLUTE
    _printf_o                                0x00000000   Number         0  stubs.o ABSOLUTE
    _printf_p                                0x00000000   Number         0  stubs.o ABSOLUTE
    _printf_percent                          0x00000000   Number         0  stubs.o ABSOLUTE
    _printf_pre_padding                      0x00000000   Number         0  stubs.o ABSOLUTE
    _printf_return_value                     0x00000000   Number         0  stubs.o ABSOLUTE
    _printf_s                                0x00000000   Number         0  stubs.o ABSOLUTE
    _printf_sizespec                         0x00000000   Number         0  stubs.o ABSOLUTE
    _printf_str                              0x00000000   Number         0  stubs.o ABSOLUTE
    _printf_truncate_signed                  0x00000000   Number         0  stubs.o ABSOLUTE
    _printf_truncate_unsigned                0x00000000   Number         0  stubs.o ABSOLUTE
    _printf_u                                0x00000000   Number         0  stubs.o ABSOLUTE
    _printf_wc                               0x00000000   Number         0  stubs.o ABSOLUTE
    _printf_wctomb                           0x00000000   Number         0  stubs.o ABSOLUTE
    _printf_widthprec                        0x00000000   Number         0  stubs.o ABSOLUTE
    _printf_x                                0x00000000   Number         0  stubs.o ABSOLUTE
    __cpp_initialize__aeabi_                  - Undefined Weak Reference
    __cxa_finalize                            - Undefined Weak Reference
    __decompress                              - Undefined Weak Reference
    _clock_init                               - Undefined Weak Reference
    _microlib_exit                            - Undefined Weak Reference
    __Vectors_Size                           0x000001ac   Number         0  startup_gd32f450_470.o ABSOLUTE
    __Vectors                                0x08000000   Data           4  startup_gd32f450_470.o(RESET)
    __Vectors_End                            0x080001ac   Data           0  startup_gd32f450_470.o(RESET)
    __main                                   0x080001ad   Thumb Code     0  entry.o(.ARM.Collect$$$$00000000)
    _main_stk                                0x080001ad   Thumb Code     0  entry2.o(.ARM.Collect$$$$00000001)
    _main_scatterload                        0x080001b1   Thumb Code     0  entry5.o(.ARM.Collect$$$$00000004)
    __main_after_scatterload                 0x080001b5   Thumb Code     0  entry5.o(.ARM.Collect$$$$00000004)
    _main_clock                              0x080001b5   Thumb Code     0  entry7b.o(.ARM.Collect$$$$00000008)
    _main_cpp_init                           0x080001b5   Thumb Code     0  entry8b.o(.ARM.Collect$$$$0000000A)
    _main_init                               0x080001b5   Thumb Code     0  entry9a.o(.ARM.Collect$$$$0000000B)
    __rt_final_cpp                           0x080001bd   Thumb Code     0  entry10a.o(.ARM.Collect$$$$0000000D)
    __rt_final_exit                          0x080001bd   Thumb Code     0  entry11a.o(.ARM.Collect$$$$0000000F)
    Reset_Handler                            0x080001c1   Thumb Code     8  startup_gd32f450_470.o(.text)
    ADC_IRQHandler                           0x080001db   Thumb Code     0  startup_gd32f450_470.o(.text)
    CAN0_EWMC_IRQHandler                     0x080001db   Thumb Code     0  startup_gd32f450_470.o(.text)
    CAN0_RX0_IRQHandler                      0x080001db   Thumb Code     0  startup_gd32f450_470.o(.text)
    CAN0_RX1_IRQHandler                      0x080001db   Thumb Code     0  startup_gd32f450_470.o(.text)
    CAN0_TX_IRQHandler                       0x080001db   Thumb Code     0  startup_gd32f450_470.o(.text)
    CAN1_EWMC_IRQHandler                     0x080001db   Thumb Code     0  startup_gd32f450_470.o(.text)
    CAN1_RX0_IRQHandler                      0x080001db   Thumb Code     0  startup_gd32f450_470.o(.text)
    CAN1_RX1_IRQHandler                      0x080001db   Thumb Code     0  startup_gd32f450_470.o(.text)
    CAN1_TX_IRQHandler                       0x080001db   Thumb Code     0  startup_gd32f450_470.o(.text)
    DCI_IRQHandler                           0x080001db   Thumb Code     0  startup_gd32f450_470.o(.text)
    DMA0_Channel0_IRQHandler                 0x080001db   Thumb Code     0  startup_gd32f450_470.o(.text)
    DMA0_Channel1_IRQHandler                 0x080001db   Thumb Code     0  startup_gd32f450_470.o(.text)
    DMA0_Channel2_IRQHandler                 0x080001db   Thumb Code     0  startup_gd32f450_470.o(.text)
    DMA0_Channel3_IRQHandler                 0x080001db   Thumb Code     0  startup_gd32f450_470.o(.text)
    DMA0_Channel4_IRQHandler                 0x080001db   Thumb Code     0  startup_gd32f450_470.o(.text)
    DMA0_Channel5_IRQHandler                 0x080001db   Thumb Code     0  startup_gd32f450_470.o(.text)
    DMA0_Channel6_IRQHandler                 0x080001db   Thumb Code     0  startup_gd32f450_470.o(.text)
    DMA0_Channel7_IRQHandler                 0x080001db   Thumb Code     0  startup_gd32f450_470.o(.text)
    DMA1_Channel0_IRQHandler                 0x080001db   Thumb Code     0  startup_gd32f450_470.o(.text)
    DMA1_Channel1_IRQHandler                 0x080001db   Thumb Code     0  startup_gd32f450_470.o(.text)
    DMA1_Channel2_IRQHandler                 0x080001db   Thumb Code     0  startup_gd32f450_470.o(.text)
    DMA1_Channel3_IRQHandler                 0x080001db   Thumb Code     0  startup_gd32f450_470.o(.text)
    DMA1_Channel4_IRQHandler                 0x080001db   Thumb Code     0  startup_gd32f450_470.o(.text)
    DMA1_Channel5_IRQHandler                 0x080001db   Thumb Code     0  startup_gd32f450_470.o(.text)
    DMA1_Channel6_IRQHandler                 0x080001db   Thumb Code     0  startup_gd32f450_470.o(.text)
    DMA1_Channel7_IRQHandler                 0x080001db   Thumb Code     0  startup_gd32f450_470.o(.text)
    ENET_IRQHandler                          0x080001db   Thumb Code     0  startup_gd32f450_470.o(.text)
    ENET_WKUP_IRQHandler                     0x080001db   Thumb Code     0  startup_gd32f450_470.o(.text)
    EXMC_IRQHandler                          0x080001db   Thumb Code     0  startup_gd32f450_470.o(.text)
    EXTI0_IRQHandler                         0x080001db   Thumb Code     0  startup_gd32f450_470.o(.text)
    EXTI10_15_IRQHandler                     0x080001db   Thumb Code     0  startup_gd32f450_470.o(.text)
    EXTI1_IRQHandler                         0x080001db   Thumb Code     0  startup_gd32f450_470.o(.text)
    EXTI2_IRQHandler                         0x080001db   Thumb Code     0  startup_gd32f450_470.o(.text)
    EXTI3_IRQHandler                         0x080001db   Thumb Code     0  startup_gd32f450_470.o(.text)
    EXTI4_IRQHandler                         0x080001db   Thumb Code     0  startup_gd32f450_470.o(.text)
    EXTI5_9_IRQHandler                       0x080001db   Thumb Code     0  startup_gd32f450_470.o(.text)
    FMC_IRQHandler                           0x080001db   Thumb Code     0  startup_gd32f450_470.o(.text)
    FPU_IRQHandler                           0x080001db   Thumb Code     0  startup_gd32f450_470.o(.text)
    I2C0_ER_IRQHandler                       0x080001db   Thumb Code     0  startup_gd32f450_470.o(.text)
    I2C0_EV_IRQHandler                       0x080001db   Thumb Code     0  startup_gd32f450_470.o(.text)
    I2C1_ER_IRQHandler                       0x080001db   Thumb Code     0  startup_gd32f450_470.o(.text)
    I2C1_EV_IRQHandler                       0x080001db   Thumb Code     0  startup_gd32f450_470.o(.text)
    I2C2_ER_IRQHandler                       0x080001db   Thumb Code     0  startup_gd32f450_470.o(.text)
    I2C2_EV_IRQHandler                       0x080001db   Thumb Code     0  startup_gd32f450_470.o(.text)
    IPA_IRQHandler                           0x080001db   Thumb Code     0  startup_gd32f450_470.o(.text)
    LVD_IRQHandler                           0x080001db   Thumb Code     0  startup_gd32f450_470.o(.text)
    RCU_CTC_IRQHandler                       0x080001db   Thumb Code     0  startup_gd32f450_470.o(.text)
    RTC_Alarm_IRQHandler                     0x080001db   Thumb Code     0  startup_gd32f450_470.o(.text)
    RTC_WKUP_IRQHandler                      0x080001db   Thumb Code     0  startup_gd32f450_470.o(.text)
    SDIO_IRQHandler                          0x080001db   Thumb Code     0  startup_gd32f450_470.o(.text)
    SPI0_IRQHandler                          0x080001db   Thumb Code     0  startup_gd32f450_470.o(.text)
    SPI1_IRQHandler                          0x080001db   Thumb Code     0  startup_gd32f450_470.o(.text)
    SPI2_IRQHandler                          0x080001db   Thumb Code     0  startup_gd32f450_470.o(.text)
    SPI3_IRQHandler                          0x080001db   Thumb Code     0  startup_gd32f450_470.o(.text)
    SPI4_IRQHandler                          0x080001db   Thumb Code     0  startup_gd32f450_470.o(.text)
    SPI5_IRQHandler                          0x080001db   Thumb Code     0  startup_gd32f450_470.o(.text)
    TAMPER_STAMP_IRQHandler                  0x080001db   Thumb Code     0  startup_gd32f450_470.o(.text)
    TIMER0_BRK_TIMER8_IRQHandler             0x080001db   Thumb Code     0  startup_gd32f450_470.o(.text)
    TIMER0_Channel_IRQHandler                0x080001db   Thumb Code     0  startup_gd32f450_470.o(.text)
    TIMER0_TRG_CMT_TIMER10_IRQHandler        0x080001db   Thumb Code     0  startup_gd32f450_470.o(.text)
    TIMER0_UP_TIMER9_IRQHandler              0x080001db   Thumb Code     0  startup_gd32f450_470.o(.text)
    TIMER1_IRQHandler                        0x080001db   Thumb Code     0  startup_gd32f450_470.o(.text)
    TIMER2_IRQHandler                        0x080001db   Thumb Code     0  startup_gd32f450_470.o(.text)
    TIMER3_IRQHandler                        0x080001db   Thumb Code     0  startup_gd32f450_470.o(.text)
    TIMER4_IRQHandler                        0x080001db   Thumb Code     0  startup_gd32f450_470.o(.text)
    TIMER5_DAC_IRQHandler                    0x080001db   Thumb Code     0  startup_gd32f450_470.o(.text)
    TIMER6_IRQHandler                        0x080001db   Thumb Code     0  startup_gd32f450_470.o(.text)
    TIMER7_BRK_TIMER11_IRQHandler            0x080001db   Thumb Code     0  startup_gd32f450_470.o(.text)
    TIMER7_Channel_IRQHandler                0x080001db   Thumb Code     0  startup_gd32f450_470.o(.text)
    TIMER7_TRG_CMT_TIMER13_IRQHandler        0x080001db   Thumb Code     0  startup_gd32f450_470.o(.text)
    TIMER7_UP_TIMER12_IRQHandler             0x080001db   Thumb Code     0  startup_gd32f450_470.o(.text)
    TLI_ER_IRQHandler                        0x080001db   Thumb Code     0  startup_gd32f450_470.o(.text)
    TLI_IRQHandler                           0x080001db   Thumb Code     0  startup_gd32f450_470.o(.text)
    TRNG_IRQHandler                          0x080001db   Thumb Code     0  startup_gd32f450_470.o(.text)
    UART3_IRQHandler                         0x080001db   Thumb Code     0  startup_gd32f450_470.o(.text)
    UART4_IRQHandler                         0x080001db   Thumb Code     0  startup_gd32f450_470.o(.text)
    UART6_IRQHandler                         0x080001db   Thumb Code     0  startup_gd32f450_470.o(.text)
    UART7_IRQHandler                         0x080001db   Thumb Code     0  startup_gd32f450_470.o(.text)
    USART0_IRQHandler                        0x080001db   Thumb Code     0  startup_gd32f450_470.o(.text)
    USART1_IRQHandler                        0x080001db   Thumb Code     0  startup_gd32f450_470.o(.text)
    USART2_IRQHandler                        0x080001db   Thumb Code     0  startup_gd32f450_470.o(.text)
    USART5_IRQHandler                        0x080001db   Thumb Code     0  startup_gd32f450_470.o(.text)
    USBFS_IRQHandler                         0x080001db   Thumb Code     0  startup_gd32f450_470.o(.text)
    USBFS_WKUP_IRQHandler                    0x080001db   Thumb Code     0  startup_gd32f450_470.o(.text)
    USBHS_EP1_In_IRQHandler                  0x080001db   Thumb Code     0  startup_gd32f450_470.o(.text)
    USBHS_EP1_Out_IRQHandler                 0x080001db   Thumb Code     0  startup_gd32f450_470.o(.text)
    USBHS_IRQHandler                         0x080001db   Thumb Code     0  startup_gd32f450_470.o(.text)
    USBHS_WKUP_IRQHandler                    0x080001db   Thumb Code     0  startup_gd32f450_470.o(.text)
    WWDGT_IRQHandler                         0x080001db   Thumb Code     0  startup_gd32f450_470.o(.text)
    __aeabi_uidiv                            0x080001e5   Thumb Code     0  uidiv.o(.text)
    __aeabi_uidivmod                         0x080001e5   Thumb Code    44  uidiv.o(.text)
    __scatterload                            0x08000211   Thumb Code    28  init.o(.text)
    __scatterload_rt2                        0x08000211   Thumb Code     0  init.o(.text)
    BusFault_Handler                         0x08000235   Thumb Code     2  gd32f4xx_it.o(i.BusFault_Handler)
    DebugMon_Handler                         0x08000237   Thumb Code     2  gd32f4xx_it.o(i.DebugMon_Handler)
    HardFault_Handler                        0x08000239   Thumb Code     2  gd32f4xx_it.o(i.HardFault_Handler)
    MemManage_Handler                        0x0800023b   Thumb Code     2  gd32f4xx_it.o(i.MemManage_Handler)
    NMI_Handler                              0x0800023d   Thumb Code     2  gd32f4xx_it.o(i.NMI_Handler)
    PendSV_Handler                           0x0800025f   Thumb Code     2  gd32f4xx_it.o(i.PendSV_Handler)
    SVC_Handler                              0x08000261   Thumb Code     2  gd32f4xx_it.o(i.SVC_Handler)
    SysTick_Handler                          0x08000263   Thumb Code     4  gd32f4xx_it.o(i.SysTick_Handler)
    SystemInit                               0x08000269   Thumb Code   130  system_gd32f4xx.o(i.SystemInit)
    UsageFault_Handler                       0x080002fd   Thumb Code     2  gd32f4xx_it.o(i.UsageFault_Handler)
    __0printf$1                              0x08000301   Thumb Code    22  printf1.o(i.__0printf$1)
    __1printf$1                              0x08000301   Thumb Code     0  printf1.o(i.__0printf$1)
    __2printf                                0x08000301   Thumb Code     0  printf1.o(i.__0printf$1)
    __scatterload_copy                       0x08000321   Thumb Code    14  handlers.o(i.__scatterload_copy)
    __scatterload_null                       0x0800032f   Thumb Code     2  handlers.o(i.__scatterload_null)
    __scatterload_zeroinit                   0x08000331   Thumb Code    14  handlers.o(i.__scatterload_zeroinit)
    delay_1ms                                0x08000495   Thumb Code    12  systick.o(i.delay_1ms)
    delay_decrement                          0x080004a5   Thumb Code    16  systick.o(i.delay_decrement)
    dma_channel_disable                      0x080004b9   Thumb Code    18  gd32f4xx_dma.o(i.dma_channel_disable)
    dma_channel_enable                       0x080004cb   Thumb Code    18  gd32f4xx_dma.o(i.dma_channel_enable)
    dma_channel_subperipheral_select         0x080004dd   Thumb Code    22  gd32f4xx_dma.o(i.dma_channel_subperipheral_select)
    dma_deinit                               0x080004f3   Thumb Code    86  gd32f4xx_dma.o(i.dma_deinit)
    dma_flag_clear                           0x08000549   Thumb Code    54  gd32f4xx_dma.o(i.dma_flag_clear)
    dma_flag_get                             0x0800057f   Thumb Code    66  gd32f4xx_dma.o(i.dma_flag_get)
    dma_memory_address_config                0x080005c1   Thumb Code    20  gd32f4xx_dma.o(i.dma_memory_address_config)
    dma_single_data_mode_init                0x080005d5   Thumb Code   140  gd32f4xx_dma.o(i.dma_single_data_mode_init)
    dma_transfer_number_config               0x08000665   Thumb Code    12  gd32f4xx_dma.o(i.dma_transfer_number_config)
    encoder_get                              0x08000671   Thumb Code    10  encoder.o(i.encoder_get)
    encoder_init                             0x080006e9   Thumb Code    14  encoder.o(i.encoder_init)
    encoder_test                             0x080006f9   Thumb Code    28  encoder.o(i.encoder_test)
    encoder_timer_init                       0x08000721   Thumb Code    98  encoder.o(i.encoder_timer_init)
    fputc                                    0x08000785   Thumb Code    34  dma_m2p.o(i.fputc)
    gpio_af_set                              0x080007b1   Thumb Code   100  gd32f4xx_gpio.o(i.gpio_af_set)
    gpio_mode_set                            0x08000815   Thumb Code    72  gd32f4xx_gpio.o(i.gpio_mode_set)
    gpio_output_options_set                  0x0800085d   Thumb Code    70  gd32f4xx_gpio.o(i.gpio_output_options_set)
    main                                     0x080008a3   Thumb Code    26  main.o(i.main)
    nvic_irq_enable                          0x080008bd   Thumb Code   150  gd32f4xx_misc.o(i.nvic_irq_enable)
    nvic_priority_group_set                  0x08000959   Thumb Code    10  gd32f4xx_misc.o(i.nvic_priority_group_set)
    rcu_clock_freq_get                       0x0800096d   Thumb Code   200  gd32f4xx_rcu.o(i.rcu_clock_freq_get)
    rcu_periph_clock_enable                  0x08000a51   Thumb Code    26  gd32f4xx_rcu.o(i.rcu_periph_clock_enable)
    rcu_periph_reset_disable                 0x08000a71   Thumb Code    26  gd32f4xx_rcu.o(i.rcu_periph_reset_disable)
    rcu_periph_reset_enable                  0x08000a91   Thumb Code    26  gd32f4xx_rcu.o(i.rcu_periph_reset_enable)
    rcu_timer_clock_prescaler_config         0x08000ab1   Thumb Code    26  gd32f4xx_rcu.o(i.rcu_timer_clock_prescaler_config)
    systick_config                           0x08000b81   Thumb Code    70  systick.o(i.systick_config)
    timer_channel_input_capture_prescaler_config 0x08000bcd   Thumb Code    84  gd32f4xx_timer.o(i.timer_channel_input_capture_prescaler_config)
    timer_channel_input_struct_para_init     0x08000c21   Thumb Code    14  gd32f4xx_timer.o(i.timer_channel_input_struct_para_init)
    timer_deinit                             0x08000c31   Thumb Code   380  gd32f4xx_timer.o(i.timer_deinit)
    timer_enable                             0x08000db9   Thumb Code    10  gd32f4xx_timer.o(i.timer_enable)
    timer_init                               0x08000dc5   Thumb Code   120  gd32f4xx_timer.o(i.timer_init)
    timer_input_capture_config               0x08000e59   Thumb Code   308  gd32f4xx_timer.o(i.timer_input_capture_config)
    timer_quadrature_decoder_mode_config     0x08000f8d   Thumb Code    64  gd32f4xx_timer.o(i.timer_quadrature_decoder_mode_config)
    timer_struct_para_init                   0x08000fcd   Thumb Code    20  gd32f4xx_timer.o(i.timer_struct_para_init)
    uart_dma_send                            0x08000fe1   Thumb Code    60  dma_m2p.o(i.uart_dma_send)
    usart_baudrate_set                       0x08001021   Thumb Code   176  gd32f4xx_usart.o(i.usart_baudrate_set)
    usart_data_first_config                  0x080010d9   Thumb Code    14  gd32f4xx_usart.o(i.usart_data_first_config)
    usart_deinit                             0x080010e9   Thumb Code   214  gd32f4xx_usart.o(i.usart_deinit)
    usart_dma_config                         0x080011c9   Thumb Code    24  dma_m2p.o(i.usart_dma_config)
    usart_dma_transmit_config                0x080011e5   Thumb Code    20  gd32f4xx_usart.o(i.usart_dma_transmit_config)
    usart_dma_tx_init                        0x080011f9   Thumb Code    74  dma_m2p.o(i.usart_dma_tx_init)
    usart_enable                             0x08001249   Thumb Code    10  gd32f4xx_usart.o(i.usart_enable)
    usart_gpio_config                        0x08001255   Thumb Code    98  dma_m2p.o(i.usart_gpio_config)
    usart_interrupt_enable                   0x080012bd   Thumb Code    20  gd32f4xx_usart.o(i.usart_interrupt_enable)
    usart_param_config                       0x080012d1   Thumb Code   116  dma_m2p.o(i.usart_param_config)
    usart_parity_config                      0x08001349   Thumb Code    16  gd32f4xx_usart.o(i.usart_parity_config)
    usart_receive_config                     0x08001359   Thumb Code    12  gd32f4xx_usart.o(i.usart_receive_config)
    usart_stop_bit_set                       0x08001365   Thumb Code    16  gd32f4xx_usart.o(i.usart_stop_bit_set)
    usart_transmit_config                    0x08001375   Thumb Code    12  gd32f4xx_usart.o(i.usart_transmit_config)
    usart_word_length_set                    0x08001381   Thumb Code    16  gd32f4xx_usart.o(i.usart_word_length_set)
    Region$$Table$$Base                      0x08001390   Number         0  anon$$obj.o(Region$$Table)
    Region$$Table$$Limit                     0x080013b0   Number         0  anon$$obj.o(Region$$Table)
    SystemCoreClock                          0x20000004   Data           4  system_gd32f4xx.o(.data)
    temp                                     0x20000008   Data           1  dma_m2p.o(.data)
    __stdout                                 0x2000000c   Data           4  stdout.o(.data)
    __initial_sp                             0x20000410   Data           0  startup_gd32f450_470.o(STACK)



==============================================================================

Memory Map of the image

  Image Entry point : 0x080001ad

  Load Region LR_IROM1 (Base: 0x08000000, Size: 0x000013c0, Max: 0x00100000, ABSOLUTE)

    Execution Region ER_IROM1 (Exec base: 0x08000000, Load base: 0x08000000, Size: 0x000013b0, Max: 0x00100000, ABSOLUTE)

    Exec Addr    Load Addr    Size         Type   Attr      Idx    E Section Name        Object

    0x08000000   0x08000000   0x000001ac   Data   RO         5788    RESET               startup_gd32f450_470.o
    0x080001ac   0x080001ac   0x00000000   Code   RO         5982  * .ARM.Collect$$$$00000000  mc_w.l(entry.o)
    0x080001ac   0x080001ac   0x00000004   Code   RO         6246    .ARM.Collect$$$$00000001  mc_w.l(entry2.o)
    0x080001b0   0x080001b0   0x00000004   Code   RO         6249    .ARM.Collect$$$$00000004  mc_w.l(entry5.o)
    0x080001b4   0x080001b4   0x00000000   Code   RO         6251    .ARM.Collect$$$$00000008  mc_w.l(entry7b.o)
    0x080001b4   0x080001b4   0x00000000   Code   RO         6253    .ARM.Collect$$$$0000000A  mc_w.l(entry8b.o)
    0x080001b4   0x080001b4   0x00000008   Code   RO         6254    .ARM.Collect$$$$0000000B  mc_w.l(entry9a.o)
    0x080001bc   0x080001bc   0x00000000   Code   RO         6256    .ARM.Collect$$$$0000000D  mc_w.l(entry10a.o)
    0x080001bc   0x080001bc   0x00000000   Code   RO         6258    .ARM.Collect$$$$0000000F  mc_w.l(entry11a.o)
    0x080001bc   0x080001bc   0x00000004   Code   RO         6247    .ARM.Collect$$$$00002712  mc_w.l(entry2.o)
    0x080001c0   0x080001c0   0x00000024   Code   RO         5789    .text               startup_gd32f450_470.o
    0x080001e4   0x080001e4   0x0000002c   Code   RO         6261    .text               mc_w.l(uidiv.o)
    0x08000210   0x08000210   0x00000024   Code   RO         6276    .text               mc_w.l(init.o)
    0x08000234   0x08000234   0x00000002   Code   RO            3    i.BusFault_Handler  gd32f4xx_it.o
    0x08000236   0x08000236   0x00000002   Code   RO            4    i.DebugMon_Handler  gd32f4xx_it.o
    0x08000238   0x08000238   0x00000002   Code   RO            5    i.HardFault_Handler  gd32f4xx_it.o
    0x0800023a   0x0800023a   0x00000002   Code   RO            6    i.MemManage_Handler  gd32f4xx_it.o
    0x0800023c   0x0800023c   0x00000002   Code   RO            7    i.NMI_Handler       gd32f4xx_it.o
    0x0800023e   0x0800023e   0x00000020   Code   RO          235    i.NVIC_SetPriority  systick.o
    0x0800025e   0x0800025e   0x00000002   Code   RO            8    i.PendSV_Handler    gd32f4xx_it.o
    0x08000260   0x08000260   0x00000002   Code   RO            9    i.SVC_Handler       gd32f4xx_it.o
    0x08000262   0x08000262   0x00000004   Code   RO           10    i.SysTick_Handler   gd32f4xx_it.o
    0x08000266   0x08000266   0x00000002   PAD
    0x08000268   0x08000268   0x00000094   Code   RO         5796    i.SystemInit        system_gd32f4xx.o
    0x080002fc   0x080002fc   0x00000002   Code   RO           11    i.UsageFault_Handler  gd32f4xx_it.o
    0x080002fe   0x080002fe   0x00000002   PAD
    0x08000300   0x08000300   0x00000020   Code   RO         6030    i.__0printf$1       mc_w.l(printf1.o)
    0x08000320   0x08000320   0x0000000e   Code   RO         6288    i.__scatterload_copy  mc_w.l(handlers.o)
    0x0800032e   0x0800032e   0x00000002   Code   RO         6289    i.__scatterload_null  mc_w.l(handlers.o)
    0x08000330   0x08000330   0x0000000e   Code   RO         6290    i.__scatterload_zeroinit  mc_w.l(handlers.o)
    0x0800033e   0x0800033e   0x00000002   PAD
    0x08000340   0x08000340   0x00000154   Code   RO         6037    i._printf_core      mc_w.l(printf1.o)
    0x08000494   0x08000494   0x00000010   Code   RO          236    i.delay_1ms         systick.o
    0x080004a4   0x080004a4   0x00000014   Code   RO          237    i.delay_decrement   systick.o
    0x080004b8   0x080004b8   0x00000012   Code   RO         1804    i.dma_channel_disable  gd32f4xx_dma.o
    0x080004ca   0x080004ca   0x00000012   Code   RO         1805    i.dma_channel_enable  gd32f4xx_dma.o
    0x080004dc   0x080004dc   0x00000016   Code   RO         1806    i.dma_channel_subperipheral_select  gd32f4xx_dma.o
    0x080004f2   0x080004f2   0x00000056   Code   RO         1809    i.dma_deinit        gd32f4xx_dma.o
    0x08000548   0x08000548   0x00000036   Code   RO         1811    i.dma_flag_clear    gd32f4xx_dma.o
    0x0800057e   0x0800057e   0x00000042   Code   RO         1812    i.dma_flag_get      gd32f4xx_dma.o
    0x080005c0   0x080005c0   0x00000014   Code   RO         1818    i.dma_memory_address_config  gd32f4xx_dma.o
    0x080005d4   0x080005d4   0x00000090   Code   RO         1829    i.dma_single_data_mode_init  gd32f4xx_dma.o
    0x08000664   0x08000664   0x0000000c   Code   RO         1834    i.dma_transfer_number_config  gd32f4xx_dma.o
    0x08000670   0x08000670   0x0000000a   Code   RO         5880    i.encoder_get       encoder.o
    0x0800067a   0x0800067a   0x00000002   PAD
    0x0800067c   0x0800067c   0x0000006c   Code   RO         5881    i.encoder_gpio_init  encoder.o
    0x080006e8   0x080006e8   0x0000000e   Code   RO         5882    i.encoder_init      encoder.o
    0x080006f6   0x080006f6   0x00000002   PAD
    0x080006f8   0x080006f8   0x00000028   Code   RO         5883    i.encoder_test      encoder.o
    0x08000720   0x08000720   0x00000062   Code   RO         5884    i.encoder_timer_init  encoder.o
    0x08000782   0x08000782   0x00000002   PAD
    0x08000784   0x08000784   0x0000002c   Code   RO         5927    i.fputc             dma_m2p.o
    0x080007b0   0x080007b0   0x00000064   Code   RO          278    i.gpio_af_set       gd32f4xx_gpio.o
    0x08000814   0x08000814   0x00000048   Code   RO          286    i.gpio_mode_set     gd32f4xx_gpio.o
    0x0800085c   0x0800085c   0x00000046   Code   RO          288    i.gpio_output_options_set  gd32f4xx_gpio.o
    0x080008a2   0x080008a2   0x0000001a   Code   RO          199    i.main              main.o
    0x080008bc   0x080008bc   0x0000009c   Code   RO          679    i.nvic_irq_enable   gd32f4xx_misc.o
    0x08000958   0x08000958   0x00000014   Code   RO          680    i.nvic_priority_group_set  gd32f4xx_misc.o
    0x0800096c   0x0800096c   0x000000e4   Code   RO          391    i.rcu_clock_freq_get  gd32f4xx_rcu.o
    0x08000a50   0x08000a50   0x00000020   Code   RO          410    i.rcu_periph_clock_enable  gd32f4xx_rcu.o
    0x08000a70   0x08000a70   0x00000020   Code   RO          413    i.rcu_periph_reset_disable  gd32f4xx_rcu.o
    0x08000a90   0x08000a90   0x00000020   Code   RO          414    i.rcu_periph_reset_enable  gd32f4xx_rcu.o
    0x08000ab0   0x08000ab0   0x00000020   Code   RO          426    i.rcu_timer_clock_prescaler_config  gd32f4xx_rcu.o
    0x08000ad0   0x08000ad0   0x000000ac   Code   RO         5797    i.system_clock_240m_irc16m  system_gd32f4xx.o
    0x08000b7c   0x08000b7c   0x00000004   Code   RO         5798    i.system_clock_config  system_gd32f4xx.o
    0x08000b80   0x08000b80   0x0000004c   Code   RO          238    i.systick_config    systick.o
    0x08000bcc   0x08000bcc   0x00000054   Code   RO         4719    i.timer_channel_input_capture_prescaler_config  gd32f4xx_timer.o
    0x08000c20   0x08000c20   0x0000000e   Code   RO         4720    i.timer_channel_input_struct_para_init  gd32f4xx_timer.o
    0x08000c2e   0x08000c2e   0x00000002   PAD
    0x08000c30   0x08000c30   0x00000188   Code   RO         4736    i.timer_deinit      gd32f4xx_timer.o
    0x08000db8   0x08000db8   0x0000000a   Code   RO         4741    i.timer_enable      gd32f4xx_timer.o
    0x08000dc2   0x08000dc2   0x00000002   PAD
    0x08000dc4   0x08000dc4   0x00000094   Code   RO         4751    i.timer_init        gd32f4xx_timer.o
    0x08000e58   0x08000e58   0x00000134   Code   RO         4752    i.timer_input_capture_config  gd32f4xx_timer.o
    0x08000f8c   0x08000f8c   0x00000040   Code   RO         4767    i.timer_quadrature_decoder_mode_config  gd32f4xx_timer.o
    0x08000fcc   0x08000fcc   0x00000014   Code   RO         4771    i.timer_struct_para_init  gd32f4xx_timer.o
    0x08000fe0   0x08000fe0   0x00000040   Code   RO         5928    i.uart_dma_send     dma_m2p.o
    0x08001020   0x08001020   0x000000b8   Code   RO         5389    i.usart_baudrate_set  gd32f4xx_usart.o
    0x080010d8   0x080010d8   0x0000000e   Code   RO         5392    i.usart_data_first_config  gd32f4xx_usart.o
    0x080010e6   0x080010e6   0x00000002   PAD
    0x080010e8   0x080010e8   0x000000e0   Code   RO         5395    i.usart_deinit      gd32f4xx_usart.o
    0x080011c8   0x080011c8   0x0000001c   Code   RO         5929    i.usart_dma_config  dma_m2p.o
    0x080011e4   0x080011e4   0x00000014   Code   RO         5398    i.usart_dma_transmit_config  gd32f4xx_usart.o
    0x080011f8   0x080011f8   0x00000050   Code   RO         5930    i.usart_dma_tx_init  dma_m2p.o
    0x08001248   0x08001248   0x0000000a   Code   RO         5399    i.usart_enable      gd32f4xx_usart.o
    0x08001252   0x08001252   0x00000002   PAD
    0x08001254   0x08001254   0x00000068   Code   RO         5931    i.usart_gpio_config  dma_m2p.o
    0x080012bc   0x080012bc   0x00000014   Code   RO         5409    i.usart_interrupt_enable  gd32f4xx_usart.o
    0x080012d0   0x080012d0   0x00000078   Code   RO         5932    i.usart_param_config  dma_m2p.o
    0x08001348   0x08001348   0x00000010   Code   RO         5424    i.usart_parity_config  gd32f4xx_usart.o
    0x08001358   0x08001358   0x0000000c   Code   RO         5426    i.usart_receive_config  gd32f4xx_usart.o
    0x08001364   0x08001364   0x00000010   Code   RO         5437    i.usart_stop_bit_set  gd32f4xx_usart.o
    0x08001374   0x08001374   0x0000000c   Code   RO         5441    i.usart_transmit_config  gd32f4xx_usart.o
    0x08001380   0x08001380   0x00000010   Code   RO         5442    i.usart_word_length_set  gd32f4xx_usart.o
    0x08001390   0x08001390   0x00000020   Data   RO         6286    Region$$Table       anon$$obj.o


    Execution Region RW_IRAM1 (Exec base: 0x20000000, Load base: 0x080013b0, Size: 0x00000410, Max: 0x00070000, ABSOLUTE)

    Exec Addr    Load Addr    Size         Type   Attr      Idx    E Section Name        Object

    0x20000000   0x080013b0   0x00000004   Data   RW          239    .data               systick.o
    0x20000004   0x080013b4   0x00000004   Data   RW         5799    .data               system_gd32f4xx.o
    0x20000008   0x080013b8   0x00000001   Data   RW         5933    .data               dma_m2p.o
    0x20000009   0x080013b9   0x00000003   PAD
    0x2000000c   0x080013bc   0x00000004   Data   RW         6260    .data               mc_w.l(stdout.o)
    0x20000010        -       0x00000400   Zero   RW         5786    STACK               startup_gd32f450_470.o


==============================================================================

Image component sizes


      Code (inc. data)   RO Data    RW Data    ZI Data      Debug   Object Name

       440         34          0          1          0       5515   dma_m2p.o
       270         22          0          0          0       2697   encoder.o
       440          4          0          0          0       6936   gd32f4xx_dma.o
       242          0          0          0          0       2512   gd32f4xx_gpio.o
        20          0          0          0          0      70210   gd32f4xx_it.o
       176         16          0          0          0       1516   gd32f4xx_misc.o
       356         52          0          0          0       4767   gd32f4xx_rcu.o
      1040         40          0          0          0       6762   gd32f4xx_timer.o
       544         18          0          0          0       7636   gd32f4xx_usart.o
        26          0          0          0          0        459   main.o
        36          8        428          0       1024        888   startup_gd32f450_470.o
       324         32          0          4          0       3023   system_gd32f4xx.o
       144         14          0          4          0      29098   systick.o

    ----------------------------------------------------------------------
      4076        240        460         12       1024     142019   Object Totals
         0          0         32          0          0          0   (incl. Generated)
        18          0          0          3          0          0   (incl. Padding)

    ----------------------------------------------------------------------

      Code (inc. data)   RO Data    RW Data    ZI Data      Debug   Library Member Name

         0          0          0          0          0          0   entry.o
         0          0          0          0          0          0   entry10a.o
         0          0          0          0          0          0   entry11a.o
         8          4          0          0          0          0   entry2.o
         4          0          0          0          0          0   entry5.o
         0          0          0          0          0          0   entry7b.o
         0          0          0          0          0          0   entry8b.o
         8          4          0          0          0          0   entry9a.o
        30          0          0          0          0          0   handlers.o
        36          8          0          0          0         68   init.o
       372         14          0          0          0        184   printf1.o
         0          0          0          4          0          0   stdout.o
        44          0          0          0          0         80   uidiv.o

    ----------------------------------------------------------------------
       504         30          0          4          0        332   Library Totals
         2          0          0          0          0          0   (incl. Padding)

    ----------------------------------------------------------------------

      Code (inc. data)   RO Data    RW Data    ZI Data      Debug   Library Name

       502         30          0          4          0        332   mc_w.l

    ----------------------------------------------------------------------
       504         30          0          4          0        332   Library Totals

    ----------------------------------------------------------------------

==============================================================================


      Code (inc. data)   RO Data    RW Data    ZI Data      Debug   

      4580        270        460         16       1024     136503   Grand Totals
      4580        270        460         16       1024     136503   ELF Image Totals
      4580        270        460         16          0          0   ROM Totals

==============================================================================

    Total RO  Size (Code + RO Data)                 5040 (   4.92kB)
    Total RW  Size (RW Data + ZI Data)              1040 (   1.02kB)
    Total ROM Size (Code + RO Data + RW Data)       5056 (   4.94kB)

==============================================================================

