<html>
<body>
<pre>
<h1>µVision Build Log</h1>
<h2>Tool Versions:</h2>
IDE-Version: ¦ÌVision V5.38.0.0
Copyright (C) 2022 ARM Ltd and ARM Germany GmbH. All rights reserved.
License Information: ctc DELL, ccc, LIC=SDA0P-MU33I-EVR1R-KXB7W-R67J9-RLQG4
 
Tool Versions:
Toolchain:       MDK-ARM Plus  Version: 5.38.0.0
Toolchain Path:  D:\instal\Keill_MDK\ARM\ARMCLANG\Bin
C Compiler:      ArmClang.exe V6.19
Assembler:       Armasm.exe V6.19
Linker/Locator:  ArmLink.exe V6.19
Library Manager: ArmAr.exe V6.19
Hex Converter:   FromElf.exe V6.19
CPU DLL:         SARMCM3.DLL V5.38.0.0
Dialog DLL:      DCM.DLL V1.17.5.0
Target DLL:      CMSIS_AGDI.dll V1.33.15.0
Dialog DLL:      TCM.DLL V1.56.4.0
 
<h2>Project:</h2>
D:\GD32workspace\code\day12mpu\Project\GD32F470.uvprojx
Project File Date:  05/28/2023

<h2>Output:</h2>
*** Using Compiler 'V6.19', folder: 'D:\instal\Keill_MDK\ARM\ARMCLANG\Bin'
Rebuild target 'Target 1'
compiling gd32f4xx_it.c...
compiling gd32f4xx_misc.c...
compiling gd32f4xx_gpio.c...
compiling systick.c...
compiling gd32f4xx_adc.c...
compiling main.c...
compiling gd32f4xx_rcu.c...
compiling gd32f4xx_crc.c...
compiling gd32f4xx_ctc.c...
compiling gd32f4xx_dbg.c...
compiling gd32f4xx_dci.c...
compiling gd32f4xx_can.c...
compiling gd32f4xx_dac.c...
compiling gd32f4xx_dma.c...
compiling gd32f4xx_exti.c...
compiling gd32f4xx_fwdgt.c...
compiling gd32f4xx_exmc.c...
compiling gd32f4xx_i2c.c...
compiling gd32f4xx_ipa.c...
compiling gd32f4xx_fmc.c...
compiling gd32f4xx_iref.c...
compiling gd32f4xx_enet.c...
compiling gd32f4xx_pmu.c...
compiling gd32f4xx_sdio.c...
compiling gd32f4xx_spi.c...
compiling gd32f4xx_syscfg.c...
compiling gd32f4xx_rtc.c...
compiling gd32f4xx_tli.c...
compiling gd32f4xx_trng.c...
compiling gd32f4xx_timer.c...
compiling gd32f4xx_wwdgt.c...
compiling gd32f4xx_usart.c...
assembling startup_gd32f450_470.s...
compiling system_gd32f4xx.c...
compiling motor.c...
compiling encoder.c...
compiling dma_m2p.c...
compiling data_show.c...
compiling mpu6050.c...
compiling inv_mpu_dmp_motion_driver.c...
compiling i2c.c...
compiling bluetooth.c...
compiling protocol.c...
compiling inv_mpu.c...
linking...
Program Size: Code=22300 RO-data=4012 RW-data=68 ZI-data=3148  
FromELF: creating hex file...
".\Objects\GD32F470.axf" - 0 Error(s), 0 Warning(s).

<h2>Software Packages used:</h2>

Package Vendor: GigaDevice
                https://gd32mcu.com/data/documents/pack/GigaDevice.GD32F4xx_DFP.3.0.3.pack
                GigaDevice.GD32F4xx_DFP.3.0.3
                GigaDevice GD32F4xx Series Device Support and Examples

<h2>Collection of Component include folders:</h2>
  D:/instal/MDK_Pack/GigaDevice/GD32F4xx_DFP/3.0.3/Device/F4XX/Include

<h2>Collection of Component Files used:</h2>
Build Time Elapsed:  00:00:04
</pre>
</body>
</html>
