<html>
<body>
<pre>
<h1>µVision Build Log</h1>
<h2>Tool Versions:</h2>
IDE-Version: ¦ÌVision V5.38.0.0
Copyright (C) 2022 ARM Ltd and ARM Germany GmbH. All rights reserved.
License Information: ctc DELL, ccc, LIC=SDA0P-MU33I-EVR1R-KXB7W-R67J9-RLQG4
 
Tool Versions:
Toolchain:       MDK-ARM Plus  Version: 5.38.0.0
Toolchain Path:  D:\instal\Keill_MDK\ARM\ARMCC\Bin
C Compiler:      Armcc.exe V5.06 update 6 (build 750)
Assembler:       Armasm.exe V5.06 update 6 (build 750)
Linker/Locator:  ArmLink.exe V5.06 update 6 (build 750)
Library Manager: ArmAr.exe V5.06 update 6 (build 750)
Hex Converter:   FromElf.exe V5.06 update 6 (build 750)
CPU DLL:         SARMCM3.DLL V5.38.0.0
Dialog DLL:      DCM.DLL V1.17.5.0
Target DLL:      CMSIS_AGDI.dll V1.33.15.0
Dialog DLL:      TCM.DLL V1.56.4.0
 
<h2>Project:</h2>
D:\GD32workspace\code\Game_Key\Project\GD32F470.uvprojx
Project File Date:  05/15/2023

<h2>Output:</h2>
*** Using Compiler 'V5.06 update 6 (build 750)', folder: 'D:\instal\Keill_MDK\ARM\ARMCC\Bin'
Rebuild target 'Target 1'
compiling systick.c...
compiling led.c...
..\Hardware\led\led.h(45): warning:  #1-D: last line of file ends without a newline
  #endif
..\Hardware\led\led.c(28): warning:  #1-D: last line of file ends without a newline
  }
..\Hardware\led\led.c: 2 warnings, 0 errors
compiling key_interrupt.c...
..\Hardware\led\led.h(45): warning:  #1-D: last line of file ends without a newline
  #endif
..\Hardware\key\key_interrupt.h(82): warning:  #1295-D: Deprecated declaration all_key_interrupt_config - give arg types
  void all_key_interrupt_config();
..\Hardware\key\key_interrupt.c: 2 warnings, 0 errors
compiling gd32f4xx_it.c...
compiling timer.c...
..\Hardware\led\led.h(45): warning:  #1-D: last line of file ends without a newline
  #endif
..\Hardware\timer\timer.h(11): warning:  #1-D: last line of file ends without a newline
  #endif
..\Hardware\timer\timer.c(45): warning:  #1-D: last line of file ends without a newline
  }
..\Hardware\timer\timer.c: 3 warnings, 0 errors
compiling pwm.c...
..\Hardware\pwm\pwm.h(29): warning:  #1-D: last line of file ends without a newline
  #endif
..\Hardware\pwm\pwm.c(110): warning:  #1-D: last line of file ends without a newline
  }
..\Hardware\pwm\pwm.c: 2 warnings, 0 errors
compiling main.c...
..\Hardware\led\led.h(45): warning:  #1-D: last line of file ends without a newline
  #endif
..\Hardware\key\key_interrupt.h(82): warning:  #1295-D: Deprecated declaration all_key_interrupt_config - give arg types
  void all_key_interrupt_config();
..\Hardware\timer\timer.h(11): warning:  #1-D: last line of file ends without a newline
  #endif
..\Hardware\pwm\pwm.h(29): warning:  #1-D: last line of file ends without a newline
  #endif
..\Hardware\dma_m2p\dma_m2p.h(48): warning:  #1-D: last line of file ends without a newline
  #endif 
..\Hardware\lcd\Lcd.h(54): warning:  #1295-D: Deprecated declaration Lcd_Init - give arg types
  void Lcd_Init();
..\Hardware\lcd\Lcd.h(57): warning:  #1295-D: Deprecated declaration Lcd_GetW - give arg types
  uint16_t Lcd_GetW();
..\Hardware\lcd\Lcd.h(58): warning:  #1295-D: Deprecated declaration Lcd_GetH - give arg types
  uint16_t Lcd_GetH();
..\User\main.c: 8 warnings, 0 errors
assembling startup_gd32f450_470.s...
compiling dma_m2p.c...
..\Hardware\dma_m2p\dma_m2p.h(48): warning:  #1-D: last line of file ends without a newline
  #endif 
..\Hardware\dma_m2p\dma_m2p.c: 1 warning, 0 errors
compiling Lcd.c...
..\Hardware\lcd\Lcd.h(54): warning:  #1295-D: Deprecated declaration Lcd_Init - give arg types
  void Lcd_Init();
..\Hardware\lcd\Lcd.h(57): warning:  #1295-D: Deprecated declaration Lcd_GetW - give arg types
  uint16_t Lcd_GetW();
..\Hardware\lcd\Lcd.h(58): warning:  #1295-D: Deprecated declaration Lcd_GetH - give arg types
  uint16_t Lcd_GetH();
..\Hardware\lcd\Lcd.c: 3 warnings, 0 errors
compiling Spi4.c...
compiling system_gd32f4xx.c...
compiling Gui.c...
..\Hardware\lcd\lcd.h(54): warning:  #1295-D: Deprecated declaration Lcd_Init - give arg types
  void Lcd_Init();
..\Hardware\lcd\lcd.h(57): warning:  #1295-D: Deprecated declaration Lcd_GetW - give arg types
  uint16_t Lcd_GetW();
..\Hardware\lcd\lcd.h(58): warning:  #1295-D: Deprecated declaration Lcd_GetH - give arg types
  uint16_t Lcd_GetH();
..\Hardware\gui\Gui.c(117): warning:  #186-D: pointless comparison of unsigned integer with zero
            if (d1 < 0)
..\Hardware\gui\Gui.c(130): warning:  #186-D: pointless comparison of unsigned integer with zero
             if (d2 < 0) {
..\Hardware\gui\Gui.c: 5 warnings, 0 errors
compiling gd32f4xx_gpio.c...
compiling gd32f4xx_usart.c...
compiling gd32f4xx_rcu.c...
compiling gd32f4xx_exti.c...
compiling gd32f4xx_syscfg.c...
compiling gd32f4xx_misc.c...
compiling gd32f4xx_spi.c...
compiling gd32f4xx_dma.c...
compiling gd32f4xx_timer.c...
linking...
Program Size: Code=5336 RO-data=460 RW-data=16 ZI-data=1280  
FromELF: creating hex file...
".\Objects\GD32F470.axf" - 0 Error(s), 26 Warning(s).

<h2>Software Packages used:</h2>

Package Vendor: GigaDevice
                https://gd32mcu.com/data/documents/pack/GigaDevice.GD32F4xx_DFP.3.0.3.pack
                GigaDevice.GD32F4xx_DFP.3.0.3
                GigaDevice GD32F4xx Series Device Support and Examples

<h2>Collection of Component include folders:</h2>
  D:/instal/MDK_Pack/GigaDevice/GD32F4xx_DFP/3.0.3/Device/F4XX/Include

<h2>Collection of Component Files used:</h2>
Build Time Elapsed:  00:00:05
</pre>
</body>
</html>
