Component: ARM Compiler 5.06 update 6 (build 750) Tool: armlink [4d35ed]

==============================================================================

Section Cross References

    gd32f4xx_it.o(i.SysTick_Handler) refers to systick.o(i.delay_decrement) for delay_decrement
    main.o(i.main) refers to systick.o(i.systick_config) for systick_config
    main.o(i.main) refers to gd32f4xx_misc.o(i.nvic_priority_group_set) for nvic_priority_group_set
    main.o(i.main) refers to usart.o(i.usart_all_config) for usart_all_config
    main.o(i.main) refers to eeprom.o(i.i2c_eeprom_init) for i2c_eeprom_init
    main.o(i.main) refers to eeprom.o(i.eeprom_buffer_read_timeout) for eeprom_buffer_read_timeout
    main.o(i.main) refers to printf8.o(i.__0printf$8) for __2printf
    main.o(i.main) refers to eeprom.o(i.eeprom_buffer_write_timeout) for eeprom_buffer_write_timeout
    main.o(i.main) refers to lcd.o(i.Lcd_Init) for Lcd_Init
    main.o(i.main) refers to gui.o(i.LCD_ShowPicture) for LCD_ShowPicture
    main.o(i.main) refers to main.o(.constdata) for .constdata
    systick.o(i.delay_1ms) refers to systick.o(.data) for .data
    systick.o(i.delay_decrement) refers to systick.o(.data) for .data
    systick.o(i.systick_config) refers to systick.o(i.NVIC_SetPriority) for NVIC_SetPriority
    systick.o(i.systick_config) refers to system_gd32f4xx.o(.data) for SystemCoreClock
    gd32f4xx_gpio.o(i.gpio_deinit) refers to gd32f4xx_rcu.o(i.rcu_periph_reset_enable) for rcu_periph_reset_enable
    gd32f4xx_gpio.o(i.gpio_deinit) refers to gd32f4xx_rcu.o(i.rcu_periph_reset_disable) for rcu_periph_reset_disable
    gd32f4xx_rcu.o(i.rcu_deinit) refers to gd32f4xx_rcu.o(i.rcu_osci_stab_wait) for rcu_osci_stab_wait
    gd32f4xx_rcu.o(i.rcu_osci_stab_wait) refers to gd32f4xx_rcu.o(i.rcu_flag_get) for rcu_flag_get
    gd32f4xx_misc.o(i.nvic_irq_enable) refers to gd32f4xx_misc.o(i.nvic_priority_group_set) for nvic_priority_group_set
    gd32f4xx_spi.o(i.i2s_psc_config) refers to gd32f4xx_rcu.o(i.rcu_osci_on) for rcu_osci_on
    gd32f4xx_spi.o(i.i2s_psc_config) refers to gd32f4xx_rcu.o(i.rcu_osci_stab_wait) for rcu_osci_stab_wait
    gd32f4xx_spi.o(i.i2s_psc_config) refers to gd32f4xx_rcu.o(i.rcu_i2s_clock_config) for rcu_i2s_clock_config
    gd32f4xx_spi.o(i.spi_i2s_deinit) refers to gd32f4xx_rcu.o(i.rcu_periph_reset_enable) for rcu_periph_reset_enable
    gd32f4xx_spi.o(i.spi_i2s_deinit) refers to gd32f4xx_rcu.o(i.rcu_periph_reset_disable) for rcu_periph_reset_disable
    gd32f4xx_usart.o(i.usart_baudrate_set) refers to gd32f4xx_rcu.o(i.rcu_clock_freq_get) for rcu_clock_freq_get
    gd32f4xx_usart.o(i.usart_deinit) refers to gd32f4xx_rcu.o(i.rcu_periph_reset_enable) for rcu_periph_reset_enable
    gd32f4xx_usart.o(i.usart_deinit) refers to gd32f4xx_rcu.o(i.rcu_periph_reset_disable) for rcu_periph_reset_disable
    gd32f4xx_dac.o(i.dac_deinit) refers to gd32f4xx_rcu.o(i.rcu_periph_reset_enable) for rcu_periph_reset_enable
    gd32f4xx_dac.o(i.dac_deinit) refers to gd32f4xx_rcu.o(i.rcu_periph_reset_disable) for rcu_periph_reset_disable
    gd32f4xx_timer.o(i.timer_deinit) refers to gd32f4xx_rcu.o(i.rcu_periph_reset_enable) for rcu_periph_reset_enable
    gd32f4xx_timer.o(i.timer_deinit) refers to gd32f4xx_rcu.o(i.rcu_periph_reset_disable) for rcu_periph_reset_disable
    gd32f4xx_timer.o(i.timer_external_clock_mode0_config) refers to gd32f4xx_timer.o(i.timer_external_trigger_config) for timer_external_trigger_config
    gd32f4xx_timer.o(i.timer_external_clock_mode1_config) refers to gd32f4xx_timer.o(i.timer_external_trigger_config) for timer_external_trigger_config
    gd32f4xx_timer.o(i.timer_external_trigger_as_external_clock_config) refers to gd32f4xx_timer.o(i.timer_input_trigger_source_select) for timer_input_trigger_source_select
    gd32f4xx_timer.o(i.timer_input_capture_config) refers to gd32f4xx_timer.o(i.timer_channel_input_capture_prescaler_config) for timer_channel_input_capture_prescaler_config
    gd32f4xx_timer.o(i.timer_input_pwm_capture_config) refers to gd32f4xx_timer.o(i.timer_channel_input_capture_prescaler_config) for timer_channel_input_capture_prescaler_config
    gd32f4xx_timer.o(i.timer_internal_trigger_as_external_clock_config) refers to gd32f4xx_timer.o(i.timer_input_trigger_source_select) for timer_input_trigger_source_select
    gd32f4xx_i2c.o(i.i2c_clock_config) refers to gd32f4xx_rcu.o(i.rcu_clock_freq_get) for rcu_clock_freq_get
    gd32f4xx_i2c.o(i.i2c_deinit) refers to gd32f4xx_rcu.o(i.rcu_periph_reset_enable) for rcu_periph_reset_enable
    gd32f4xx_i2c.o(i.i2c_deinit) refers to gd32f4xx_rcu.o(i.rcu_periph_reset_disable) for rcu_periph_reset_disable
    startup_gd32f450_470.o(RESET) refers to startup_gd32f450_470.o(STACK) for __initial_sp
    startup_gd32f450_470.o(RESET) refers to startup_gd32f450_470.o(.text) for Reset_Handler
    startup_gd32f450_470.o(RESET) refers to gd32f4xx_it.o(i.NMI_Handler) for NMI_Handler
[...]
    printfa.o(i._printf_core) refers to printfa.o(i._fp_digits) for _fp_digits
    printfa.o(i._printf_core) refers to uidiv.o(.text) for __aeabi_uidivmod
    printfa.o(i._printf_post_padding) refers (Special) to iusefp.o(.text) for __I$use$fp
    printfa.o(i._printf_pre_padding) refers (Special) to iusefp.o(.text) for __I$use$fp
    printfa.o(i._snputc) refers (Special) to iusefp.o(.text) for __I$use$fp
    printfa.o(i._sputc) refers (Special) to iusefp.o(.text) for __I$use$fp
    dadd.o(.text) refers (Special) to iusefp.o(.text) for __I$use$fp
    dadd.o(.text) refers to llshl.o(.text) for __aeabi_llsl
    dadd.o(.text) refers to llsshr.o(.text) for __aeabi_lasr
    dadd.o(.text) refers to depilogue.o(.text) for _double_epilogue
    dmul.o(.text) refers (Special) to iusefp.o(.text) for __I$use$fp
    dmul.o(.text) refers to depilogue.o(.text) for _double_epilogue
    dflti.o(.text) refers (Special) to iusefp.o(.text) for __I$use$fp
    dflti.o(.text) refers to depilogue.o(.text) for _double_epilogue
    dfltui.o(.text) refers (Special) to iusefp.o(.text) for __I$use$fp
    dfltui.o(.text) refers to depilogue.o(.text) for _double_epilogue
    cdcmple.o(.text) refers (Special) to iusefp.o(.text) for __I$use$fp
    entry2.o(.ARM.Collect$$$$00000001) refers to entry2.o(.ARM.Collect$$$$00002712) for __lit__00000000
    entry2.o(.ARM.Collect$$$$00002712) refers to startup_gd32f450_470.o(STACK) for __initial_sp
    entry2.o(__vectab_stack_and_reset_area) refers to startup_gd32f450_470.o(STACK) for __initial_sp
    entry2.o(__vectab_stack_and_reset_area) refers to entry.o(.ARM.Collect$$$$00000000) for __main
    entry5.o(.ARM.Collect$$$$00000004) refers to init.o(.text) for __scatterload
    entry9a.o(.ARM.Collect$$$$0000000B) refers to main.o(i.main) for main
    entry9b.o(.ARM.Collect$$$$0000000C) refers to main.o(i.main) for main
    uldiv.o(.text) refers to llushr.o(.text) for __aeabi_llsr
    uldiv.o(.text) refers to llshl.o(.text) for __aeabi_llsl
    errno.o(i.__aeabi_errno_addr) refers to errno.o(.data) for .data
    errno.o(i.__read_errno) refers to errno.o(.data) for .data
    errno.o(i.__set_errno) refers to errno.o(.data) for .data
    depilogue.o(.text) refers to llshl.o(.text) for __aeabi_llsl
    depilogue.o(.text) refers to llushr.o(.text) for __aeabi_llsr
    ddiv.o(.text) refers to depilogue.o(.text) for _double_round
    dsqrt.o(.text) refers to llushr.o(.text) for __aeabi_llsr
    dsqrt.o(.text) refers to depilogue.o(.text) for _double_round
    dfixul.o(.text) refers to llushr.o(.text) for __aeabi_llsr
    dfixul.o(.text) refers to llshl.o(.text) for __aeabi_llsl
    init.o(.text) refers to entry5.o(.ARM.Collect$$$$00000004) for __main_after_scatterload


==============================================================================

Removing Unused input sections from the image.

    Removing gd32f4xx_it.o(.rev16_text), (4 bytes).
    Removing gd32f4xx_it.o(.revsh_text), (4 bytes).
    Removing main.o(.rev16_text), (4 bytes).
    Removing main.o(.revsh_text), (4 bytes).
    Removing main.o(.constdata), (134408 bytes).
    Removing systick.o(.rev16_text), (4 bytes).
    Removing systick.o(.revsh_text), (4 bytes).
    Removing gd32f4xx_gpio.o(.rev16_text), (4 bytes).
    Removing gd32f4xx_gpio.o(.revsh_text), (4 bytes).
    Removing gd32f4xx_gpio.o(i.gpio_bit_toggle), (4 bytes).
    Removing gd32f4xx_gpio.o(i.gpio_bit_write), (12 bytes).
    Removing gd32f4xx_gpio.o(i.gpio_deinit), (216 bytes).
    Removing gd32f4xx_gpio.o(i.gpio_input_bit_get), (14 bytes).
    Removing gd32f4xx_gpio.o(i.gpio_input_port_get), (6 bytes).
    Removing gd32f4xx_gpio.o(i.gpio_output_bit_get), (14 bytes).
    Removing gd32f4xx_gpio.o(i.gpio_output_port_get), (6 bytes).
    Removing gd32f4xx_gpio.o(i.gpio_pin_lock), (16 bytes).
    Removing gd32f4xx_gpio.o(i.gpio_port_toggle), (8 bytes).
    Removing gd32f4xx_gpio.o(i.gpio_port_write), (4 bytes).
    Removing gd32f4xx_rcu.o(.rev16_text), (4 bytes).
    Removing gd32f4xx_rcu.o(.revsh_text), (4 bytes).
    Removing gd32f4xx_rcu.o(i.rcu_ahb_clock_config), (20 bytes).
    Removing gd32f4xx_rcu.o(i.rcu_all_reset_flag_clear), (16 bytes).
    Removing gd32f4xx_rcu.o(i.rcu_apb1_clock_config), (20 bytes).
    Removing gd32f4xx_rcu.o(i.rcu_apb2_clock_config), (20 bytes).
    Removing gd32f4xx_rcu.o(i.rcu_bkp_reset_disable), (16 bytes).
    Removing gd32f4xx_rcu.o(i.rcu_bkp_reset_enable), (16 bytes).
    Removing gd32f4xx_rcu.o(i.rcu_ck48m_clock_config), (20 bytes).
    Removing gd32f4xx_rcu.o(i.rcu_ckout0_config), (20 bytes).
    Removing gd32f4xx_rcu.o(i.rcu_ckout1_config), (20 bytes).
    Removing gd32f4xx_rcu.o(i.rcu_deepsleep_voltage_set), (16 bytes).
    Removing gd32f4xx_rcu.o(i.rcu_deinit), (112 bytes).
    Removing gd32f4xx_rcu.o(i.rcu_flag_get), (36 bytes).
    Removing gd32f4xx_rcu.o(i.rcu_hxtal_clock_monitor_disable), (16 bytes).
    Removing gd32f4xx_rcu.o(i.rcu_hxtal_clock_monitor_enable), (16 bytes).
    Removing gd32f4xx_rcu.o(i.rcu_i2s_clock_config), (20 bytes).
    Removing gd32f4xx_rcu.o(i.rcu_interrupt_disable), (32 bytes).
    Removing gd32f4xx_rcu.o(i.rcu_interrupt_enable), (32 bytes).
    Removing gd32f4xx_rcu.o(i.rcu_interrupt_flag_clear), (32 bytes).
    Removing gd32f4xx_rcu.o(i.rcu_interrupt_flag_get), (36 bytes).
    Removing gd32f4xx_rcu.o(i.rcu_irc16m_adjust_value_set), (24 bytes).
    Removing gd32f4xx_rcu.o(i.rcu_lxtal_drive_capability_config), (20 bytes).
    Removing gd32f4xx_rcu.o(i.rcu_osci_bypass_mode_disable), (80 bytes).
    Removing gd32f4xx_rcu.o(i.rcu_osci_bypass_mode_enable), (80 bytes).
    Removing gd32f4xx_rcu.o(i.rcu_osci_off), (32 bytes).
    Removing gd32f4xx_rcu.o(i.rcu_osci_on), (32 bytes).
    Removing gd32f4xx_rcu.o(i.rcu_osci_stab_wait), (312 bytes).
    Removing gd32f4xx_rcu.o(i.rcu_periph_clock_disable), (32 bytes).
    Removing gd32f4xx_rcu.o(i.rcu_periph_clock_sleep_disable), (32 bytes).
    Removing gd32f4xx_rcu.o(i.rcu_periph_clock_sleep_enable), (32 bytes).
    Removing gd32f4xx_rcu.o(i.rcu_pll48m_clock_config), (20 bytes).
    Removing gd32f4xx_rcu.o(i.rcu_pll_config), (104 bytes).
    Removing gd32f4xx_rcu.o(i.rcu_plli2s_config), (40 bytes).
    Removing gd32f4xx_rcu.o(i.rcu_pllsai_config), (68 bytes).
    Removing gd32f4xx_rcu.o(i.rcu_rtc_clock_config), (20 bytes).
    Removing gd32f4xx_rcu.o(i.rcu_rtc_div_config), (20 bytes).
    Removing gd32f4xx_rcu.o(i.rcu_spread_spectrum_config), (28 bytes).
    Removing gd32f4xx_rcu.o(i.rcu_spread_spectrum_disable), (16 bytes).
    Removing gd32f4xx_rcu.o(i.rcu_spread_spectrum_enable), (16 bytes).
    Removing gd32f4xx_rcu.o(i.rcu_system_clock_source_config), (20 bytes).
    Removing gd32f4xx_rcu.o(i.rcu_system_clock_source_get), (16 bytes).
    Removing gd32f4xx_rcu.o(i.rcu_timer_clock_prescaler_config), (32 bytes).
    Removing gd32f4xx_rcu.o(i.rcu_tli_clock_div_config), (20 bytes).
    Removing gd32f4xx_rcu.o(i.rcu_voltage_key_unlock), (16 bytes).
    Removing gd32f4xx_misc.o(.rev16_text), (4 bytes).
    Removing gd32f4xx_misc.o(.revsh_text), (4 bytes).
    Removing gd32f4xx_misc.o(i.nvic_irq_disable), (22 bytes).
    Removing gd32f4xx_misc.o(i.nvic_vector_table_set), (24 bytes).
    Removing gd32f4xx_misc.o(i.system_lowpower_reset), (16 bytes).
    Removing gd32f4xx_misc.o(i.system_lowpower_set), (16 bytes).
    Removing gd32f4xx_misc.o(i.systick_clksource_set), (28 bytes).
    Removing gd32f4xx_spi.o(.rev16_text), (4 bytes).
    Removing gd32f4xx_spi.o(.revsh_text), (4 bytes).
    Removing gd32f4xx_spi.o(i.i2s_disable), (10 bytes).
    Removing gd32f4xx_spi.o(i.i2s_enable), (10 bytes).
    Removing gd32f4xx_spi.o(i.i2s_full_duplex_mode_config), (40 bytes).
    Removing gd32f4xx_spi.o(i.i2s_init), (24 bytes).
    Removing gd32f4xx_spi.o(i.i2s_psc_config), (216 bytes).
    Removing gd32f4xx_spi.o(i.spi_bidirectional_transfer_config), (26 bytes).
    Removing gd32f4xx_spi.o(i.spi_crc_error_clear), (8 bytes).
    Removing gd32f4xx_spi.o(i.spi_crc_get), (16 bytes).
    Removing gd32f4xx_spi.o(i.spi_crc_next), (10 bytes).
    Removing gd32f4xx_spi.o(i.spi_crc_off), (10 bytes).
    Removing gd32f4xx_spi.o(i.spi_crc_on), (10 bytes).
    Removing gd32f4xx_spi.o(i.spi_crc_polynomial_get), (6 bytes).
    Removing gd32f4xx_spi.o(i.spi_crc_polynomial_set), (4 bytes).
    Removing gd32f4xx_spi.o(i.spi_disable), (10 bytes).
    Removing gd32f4xx_spi.o(i.spi_dma_disable), (24 bytes).
    Removing gd32f4xx_spi.o(i.spi_dma_enable), (24 bytes).
    Removing gd32f4xx_spi.o(i.spi_i2s_data_frame_format_config), (16 bytes).
    Removing gd32f4xx_spi.o(i.spi_i2s_data_receive), (6 bytes).
    Removing gd32f4xx_spi.o(i.spi_i2s_deinit), (172 bytes).
    Removing gd32f4xx_spi.o(i.spi_i2s_format_error_clear), (6 bytes).
    Removing gd32f4xx_spi.o(i.spi_i2s_interrupt_disable), (42 bytes).
    Removing gd32f4xx_spi.o(i.spi_i2s_interrupt_enable), (42 bytes).
    Removing gd32f4xx_spi.o(i.spi_i2s_interrupt_flag_get), (100 bytes).
    Removing gd32f4xx_spi.o(i.spi_nss_internal_high), (10 bytes).
    Removing gd32f4xx_spi.o(i.spi_nss_internal_low), (10 bytes).
    Removing gd32f4xx_spi.o(i.spi_nss_output_disable), (10 bytes).
    Removing gd32f4xx_spi.o(i.spi_nss_output_enable), (10 bytes).
    Removing gd32f4xx_spi.o(i.spi_quad_disable), (12 bytes).
    Removing gd32f4xx_spi.o(i.spi_quad_enable), (12 bytes).
    Removing gd32f4xx_spi.o(i.spi_quad_io23_output_disable), (12 bytes).
    Removing gd32f4xx_spi.o(i.spi_quad_io23_output_enable), (12 bytes).
    Removing gd32f4xx_spi.o(i.spi_quad_read_enable), (12 bytes).
    Removing gd32f4xx_spi.o(i.spi_quad_write_enable), (12 bytes).
    Removing gd32f4xx_spi.o(i.spi_struct_para_init), (18 bytes).
    Removing gd32f4xx_spi.o(i.spi_ti_mode_disable), (10 bytes).
    Removing gd32f4xx_spi.o(i.spi_ti_mode_enable), (10 bytes).
    Removing gd32f4xx_usart.o(.rev16_text), (4 bytes).
    Removing gd32f4xx_usart.o(.revsh_text), (4 bytes).
    Removing gd32f4xx_usart.o(i.usart_address_config), (20 bytes).
    Removing gd32f4xx_usart.o(i.usart_block_length_config), (20 bytes).
    Removing gd32f4xx_usart.o(i.usart_break_frame_coherence_config), (22 bytes).
    Removing gd32f4xx_usart.o(i.usart_disable), (10 bytes).
    Removing gd32f4xx_usart.o(i.usart_dma_receive_config), (20 bytes).
    Removing gd32f4xx_usart.o(i.usart_dma_transmit_config), (20 bytes).
    Removing gd32f4xx_usart.o(i.usart_flag_clear), (20 bytes).
    Removing gd32f4xx_usart.o(i.usart_guard_time_config), (18 bytes).
    Removing gd32f4xx_usart.o(i.usart_halfduplex_disable), (10 bytes).
    Removing gd32f4xx_usart.o(i.usart_halfduplex_enable), (10 bytes).
    Removing gd32f4xx_usart.o(i.usart_hardware_flow_coherence_config), (22 bytes).
    Removing gd32f4xx_usart.o(i.usart_hardware_flow_cts_config), (20 bytes).
    Removing gd32f4xx_usart.o(i.usart_hardware_flow_rts_config), (20 bytes).
    Removing gd32f4xx_usart.o(i.usart_interrupt_disable), (20 bytes).
    Removing gd32f4xx_usart.o(i.usart_interrupt_flag_clear), (20 bytes).
    Removing gd32f4xx_usart.o(i.usart_invert_config), (86 bytes).
    Removing gd32f4xx_usart.o(i.usart_irda_lowpower_config), (20 bytes).
    Removing gd32f4xx_usart.o(i.usart_irda_mode_disable), (10 bytes).
    Removing gd32f4xx_usart.o(i.usart_irda_mode_enable), (10 bytes).
    Removing gd32f4xx_usart.o(i.usart_lin_break_detection_length_config), (20 bytes).
    Removing gd32f4xx_usart.o(i.usart_lin_mode_disable), (10 bytes).
    Removing gd32f4xx_usart.o(i.usart_lin_mode_enable), (10 bytes).
    Removing gd32f4xx_usart.o(i.usart_mute_mode_disable), (10 bytes).
    Removing gd32f4xx_usart.o(i.usart_mute_mode_enable), (10 bytes).
    Removing gd32f4xx_usart.o(i.usart_mute_mode_wakeup_config), (16 bytes).
    Removing gd32f4xx_usart.o(i.usart_oversample_config), (16 bytes).
    Removing gd32f4xx_usart.o(i.usart_parity_check_coherence_config), (22 bytes).
    Removing gd32f4xx_usart.o(i.usart_prescaler_config), (16 bytes).
    Removing gd32f4xx_usart.o(i.usart_receiver_timeout_disable), (12 bytes).
    Removing gd32f4xx_usart.o(i.usart_receiver_timeout_enable), (12 bytes).
    Removing gd32f4xx_usart.o(i.usart_receiver_timeout_threshold_config), (18 bytes).
    Removing gd32f4xx_usart.o(i.usart_sample_bit_config), (16 bytes).
    Removing gd32f4xx_usart.o(i.usart_send_break), (10 bytes).
    Removing gd32f4xx_usart.o(i.usart_smartcard_autoretry_config), (24 bytes).
    Removing gd32f4xx_usart.o(i.usart_smartcard_mode_disable), (10 bytes).
    Removing gd32f4xx_usart.o(i.usart_smartcard_mode_enable), (10 bytes).
    Removing gd32f4xx_usart.o(i.usart_smartcard_mode_nack_disable), (10 bytes).
    Removing gd32f4xx_usart.o(i.usart_smartcard_mode_nack_enable), (10 bytes).
    Removing gd32f4xx_usart.o(i.usart_synchronous_clock_config), (30 bytes).
    Removing gd32f4xx_usart.o(i.usart_synchronous_clock_disable), (10 bytes).
    Removing gd32f4xx_usart.o(i.usart_synchronous_clock_enable), (10 bytes).
    Removing gd32f4xx_dac.o(.rev16_text), (4 bytes).
    Removing gd32f4xx_dac.o(.revsh_text), (4 bytes).
    Removing gd32f4xx_dac.o(i.dac_concurrent_data_set), (48 bytes).
    Removing gd32f4xx_dac.o(i.dac_concurrent_disable), (16 bytes).
    Removing gd32f4xx_dac.o(i.dac_concurrent_enable), (16 bytes).
    Removing gd32f4xx_dac.o(i.dac_concurrent_interrupt_disable), (16 bytes).
    Removing gd32f4xx_dac.o(i.dac_concurrent_interrupt_enable), (16 bytes).
    Removing gd32f4xx_dac.o(i.dac_concurrent_output_buffer_disable), (16 bytes).
    Removing gd32f4xx_dac.o(i.dac_concurrent_output_buffer_enable), (16 bytes).
    Removing gd32f4xx_dac.o(i.dac_concurrent_software_trigger_disable), (16 bytes).
    Removing gd32f4xx_dac.o(i.dac_concurrent_software_trigger_enable), (16 bytes).
    Removing gd32f4xx_dac.o(i.dac_deinit), (22 bytes).
    Removing gd32f4xx_dac.o(i.dac_disable), (32 bytes).
    Removing gd32f4xx_dac.o(i.dac_dma_disable), (32 bytes).
    Removing gd32f4xx_dac.o(i.dac_dma_enable), (32 bytes).
    Removing gd32f4xx_dac.o(i.dac_enable), (32 bytes).
    Removing gd32f4xx_dac.o(i.dac_flag_clear), (32 bytes).
    Removing gd32f4xx_dac.o(i.dac_flag_get), (36 bytes).
    Removing gd32f4xx_dac.o(i.dac_interrupt_disable), (32 bytes).
    Removing gd32f4xx_dac.o(i.dac_interrupt_enable), (32 bytes).
    Removing gd32f4xx_dac.o(i.dac_interrupt_flag_clear), (32 bytes).
    Removing gd32f4xx_dac.o(i.dac_interrupt_flag_get), (68 bytes).
    Removing gd32f4xx_dac.o(i.dac_lfsr_noise_config), (44 bytes).
    Removing gd32f4xx_dac.o(i.dac_output_buffer_disable), (32 bytes).
    Removing gd32f4xx_dac.o(i.dac_output_buffer_enable), (32 bytes).
    Removing gd32f4xx_dac.o(i.dac_output_value_get), (28 bytes).
    Removing gd32f4xx_dac.o(i.dac_software_trigger_disable), (32 bytes).
    Removing gd32f4xx_dac.o(i.dac_triangle_noise_config), (44 bytes).
    Removing gd32f4xx_dac.o(i.dac_trigger_disable), (32 bytes).
    Removing gd32f4xx_dac.o(i.dac_trigger_enable), (32 bytes).
    Removing gd32f4xx_dac.o(i.dac_trigger_source_config), (44 bytes).
    Removing gd32f4xx_dac.o(i.dac_wave_bit_width_config), (44 bytes).
    Removing gd32f4xx_dac.o(i.dac_wave_mode_config), (44 bytes).
    Removing gd32f4xx_timer.o(.rev16_text), (4 bytes).
    Removing gd32f4xx_timer.o(.revsh_text), (4 bytes).
    Removing gd32f4xx_timer.o(i.timer_auto_reload_shadow_disable), (10 bytes).
    Removing gd32f4xx_timer.o(i.timer_auto_reload_shadow_enable), (10 bytes).
    Removing gd32f4xx_timer.o(i.timer_automatic_output_disable), (10 bytes).
    Removing gd32f4xx_timer.o(i.timer_automatic_output_enable), (10 bytes).
    Removing gd32f4xx_timer.o(i.timer_autoreload_value_config), (4 bytes).
    Removing gd32f4xx_timer.o(i.timer_break_config), (32 bytes).
    Removing gd32f4xx_timer.o(i.timer_break_disable), (10 bytes).
    Removing gd32f4xx_timer.o(i.timer_break_enable), (10 bytes).
    Removing gd32f4xx_timer.o(i.timer_break_struct_para_init), (18 bytes).
    Removing gd32f4xx_timer.o(i.timer_channel_capture_value_register_read), (36 bytes).
    Removing gd32f4xx_timer.o(i.timer_channel_complementary_output_polarity_config), (64 bytes).
    Removing gd32f4xx_timer.o(i.timer_channel_complementary_output_state_config), (64 bytes).
    Removing gd32f4xx_timer.o(i.timer_channel_control_shadow_config), (24 bytes).
    Removing gd32f4xx_timer.o(i.timer_channel_control_shadow_update_config), (28 bytes).
    Removing gd32f4xx_timer.o(i.timer_channel_dma_request_source_select), (28 bytes).
    Removing gd32f4xx_timer.o(i.timer_channel_input_capture_prescaler_config), (84 bytes).
    Removing gd32f4xx_timer.o(i.timer_channel_input_struct_para_init), (14 bytes).
    Removing gd32f4xx_timer.o(i.timer_channel_output_clear_config), (84 bytes).
    Removing gd32f4xx_timer.o(i.timer_channel_output_config), (472 bytes).
    Removing gd32f4xx_timer.o(i.timer_channel_output_fast_config), (84 bytes).
    Removing gd32f4xx_timer.o(i.timer_channel_output_mode_config), (84 bytes).
    Removing gd32f4xx_timer.o(i.timer_channel_output_polarity_config), (86 bytes).
    Removing gd32f4xx_timer.o(i.timer_channel_output_pulse_value_config), (32 bytes).
    Removing gd32f4xx_timer.o(i.timer_channel_output_shadow_config), (84 bytes).
    Removing gd32f4xx_timer.o(i.timer_channel_output_state_config), (86 bytes).
    Removing gd32f4xx_timer.o(i.timer_channel_output_struct_para_init), (16 bytes).
    Removing gd32f4xx_timer.o(i.timer_channel_remap_config), (4 bytes).
    Removing gd32f4xx_timer.o(i.timer_counter_alignment), (16 bytes).
    Removing gd32f4xx_timer.o(i.timer_counter_down_direction), (10 bytes).
    Removing gd32f4xx_timer.o(i.timer_counter_read), (4 bytes).
    Removing gd32f4xx_timer.o(i.timer_counter_up_direction), (10 bytes).
    Removing gd32f4xx_timer.o(i.timer_counter_value_config), (4 bytes).
    Removing gd32f4xx_timer.o(i.timer_deinit), (392 bytes).
    Removing gd32f4xx_timer.o(i.timer_dma_disable), (8 bytes).
    Removing gd32f4xx_timer.o(i.timer_dma_enable), (8 bytes).
    Removing gd32f4xx_timer.o(i.timer_dma_transfer_config), (22 bytes).
    Removing gd32f4xx_timer.o(i.timer_enable), (10 bytes).
    Removing gd32f4xx_timer.o(i.timer_event_software_generate), (8 bytes).
    Removing gd32f4xx_timer.o(i.timer_external_clock_mode0_config), (28 bytes).
    Removing gd32f4xx_timer.o(i.timer_external_clock_mode1_config), (20 bytes).
    Removing gd32f4xx_timer.o(i.timer_external_clock_mode1_disable), (10 bytes).
    Removing gd32f4xx_timer.o(i.timer_external_trigger_as_external_clock_config), (160 bytes).
    Removing gd32f4xx_timer.o(i.timer_external_trigger_config), (28 bytes).
    Removing gd32f4xx_timer.o(i.timer_flag_clear), (6 bytes).
    Removing gd32f4xx_timer.o(i.timer_flag_get), (14 bytes).
    Removing gd32f4xx_timer.o(i.timer_hall_mode_config), (28 bytes).
    Removing gd32f4xx_timer.o(i.timer_init), (148 bytes).
    Removing gd32f4xx_timer.o(i.timer_input_capture_config), (308 bytes).
    Removing gd32f4xx_timer.o(i.timer_input_pwm_capture_config), (346 bytes).
    Removing gd32f4xx_timer.o(i.timer_input_trigger_source_select), (16 bytes).
    Removing gd32f4xx_timer.o(i.timer_internal_clock_config), (10 bytes).
    Removing gd32f4xx_timer.o(i.timer_internal_trigger_as_external_clock_config), (28 bytes).
    Removing gd32f4xx_timer.o(i.timer_interrupt_disable), (8 bytes).
    Removing gd32f4xx_timer.o(i.timer_interrupt_enable), (8 bytes).
    Removing gd32f4xx_timer.o(i.timer_master_output_trigger_source_select), (16 bytes).
    Removing gd32f4xx_timer.o(i.timer_master_slave_mode_config), (28 bytes).
    Removing gd32f4xx_timer.o(i.timer_output_value_selection_config), (32 bytes).
    Removing gd32f4xx_timer.o(i.timer_prescaler_config), (16 bytes).
    Removing gd32f4xx_timer.o(i.timer_prescaler_read), (6 bytes).
    Removing gd32f4xx_timer.o(i.timer_primary_output_config), (24 bytes).
    Removing gd32f4xx_timer.o(i.timer_quadrature_decoder_mode_config), (64 bytes).
    Removing gd32f4xx_timer.o(i.timer_repetition_value_config), (4 bytes).
    Removing gd32f4xx_timer.o(i.timer_single_pulse_mode_config), (28 bytes).
    Removing gd32f4xx_timer.o(i.timer_slave_mode_select), (16 bytes).
    Removing gd32f4xx_timer.o(i.timer_struct_para_init), (20 bytes).
    Removing gd32f4xx_timer.o(i.timer_update_event_disable), (10 bytes).
    Removing gd32f4xx_timer.o(i.timer_update_event_enable), (10 bytes).
    Removing gd32f4xx_timer.o(i.timer_update_source_config), (28 bytes).
    Removing gd32f4xx_timer.o(i.timer_write_chxval_register_config), (32 bytes).
    Removing gd32f4xx_i2c.o(.rev16_text), (4 bytes).
    Removing gd32f4xx_i2c.o(.revsh_text), (4 bytes).
    Removing gd32f4xx_i2c.o(i.i2c_analog_noise_filter_disable), (10 bytes).
    Removing gd32f4xx_i2c.o(i.i2c_analog_noise_filter_enable), (10 bytes).
    Removing gd32f4xx_i2c.o(i.i2c_digital_noise_filter_config), (8 bytes).
    Removing gd32f4xx_i2c.o(i.i2c_disable), (10 bytes).
    Removing gd32f4xx_i2c.o(i.i2c_dma_config), (12 bytes).
    Removing gd32f4xx_i2c.o(i.i2c_dma_last_transfer_config), (12 bytes).
    Removing gd32f4xx_i2c.o(i.i2c_dualaddr_disable), (10 bytes).
    Removing gd32f4xx_i2c.o(i.i2c_dualaddr_enable), (12 bytes).
    Removing gd32f4xx_i2c.o(i.i2c_interrupt_disable), (20 bytes).
    Removing gd32f4xx_i2c.o(i.i2c_interrupt_enable), (20 bytes).
    Removing gd32f4xx_i2c.o(i.i2c_interrupt_flag_clear), (36 bytes).
    Removing gd32f4xx_i2c.o(i.i2c_interrupt_flag_get), (84 bytes).
    Removing gd32f4xx_i2c.o(i.i2c_mode_addr_config), (22 bytes).
    Removing gd32f4xx_i2c.o(i.i2c_pec_config), (12 bytes).
    Removing gd32f4xx_i2c.o(i.i2c_pec_transfer_config), (12 bytes).
    Removing gd32f4xx_i2c.o(i.i2c_pec_value_get), (8 bytes).
    Removing gd32f4xx_i2c.o(i.i2c_sam_disable), (12 bytes).
    Removing gd32f4xx_i2c.o(i.i2c_sam_enable), (12 bytes).
    Removing gd32f4xx_i2c.o(i.i2c_sam_timeout_disable), (12 bytes).
    Removing gd32f4xx_i2c.o(i.i2c_sam_timeout_enable), (12 bytes).
    Removing gd32f4xx_i2c.o(i.i2c_slave_response_to_gcall_config), (12 bytes).
    Removing gd32f4xx_i2c.o(i.i2c_smbus_alert_config), (12 bytes).
    Removing gd32f4xx_i2c.o(i.i2c_smbus_arp_config), (12 bytes).
    Removing gd32f4xx_i2c.o(i.i2c_smbus_type_config), (24 bytes).
    Removing gd32f4xx_i2c.o(i.i2c_software_reset_config), (12 bytes).
    Removing gd32f4xx_i2c.o(i.i2c_stretch_scl_low_config), (12 bytes).
    Removing startup_gd32f450_470.o(HEAP), (1024 bytes).
    Removing system_gd32f4xx.o(.rev16_text), (4 bytes).
    Removing system_gd32f4xx.o(.revsh_text), (4 bytes).
    Removing system_gd32f4xx.o(i.SystemCoreClockUpdate), (156 bytes).
    Removing gui.o(.rev16_text), (4 bytes).
    Removing gui.o(.revsh_text), (4 bytes).
    Removing gui.o(i.DrawEclipsePoint), (72 bytes).
    Removing gui.o(i.Draw_Circle), (188 bytes).
    Removing gui.o(i.Draw_Solid_Circle), (128 bytes).
    Removing gui.o(i.LCD_DrawLine), (154 bytes).
    Removing gui.o(i.LCD_DrawPoint), (22 bytes).
    Removing gui.o(i.LCD_DrawRectangle), (74 bytes).
    Removing gui.o(i.LCD_Fill), (64 bytes).
    Removing gui.o(i.LCD_ShowChar), (284 bytes).
    Removing gui.o(i.LCD_ShowChinese), (134 bytes).
    Removing gui.o(i.LCD_ShowChinese12x12), (260 bytes).
    Removing gui.o(i.LCD_ShowChinese16x16), (256 bytes).
    Removing gui.o(i.LCD_ShowChinese24x24), (260 bytes).
    Removing gui.o(i.LCD_ShowChinese32x32), (256 bytes).
    Removing gui.o(i.LCD_ShowFloatNum1), (156 bytes).
    Removing gui.o(i.LCD_ShowIntNum), (132 bytes).
    Removing gui.o(i.LCD_ShowString), (54 bytes).
    Removing gui.o(i.MiddlePiontEclipse), (264 bytes).
    Removing gui.o(i.mypow), (16 bytes).
    Removing gui.o(.constdata), (14662 bytes).
    Removing lcd.o(.rev16_text), (4 bytes).
    Removing lcd.o(.revsh_text), (4 bytes).
    Removing lcd.o(i.Lcd_GetH), (28 bytes).
    Removing lcd.o(i.Lcd_GetW), (28 bytes).
    Removing spi4.o(.rev16_text), (4 bytes).
    Removing spi4.o(.revsh_text), (4 bytes).
    Removing usart.o(.rev16_text), (4 bytes).
    Removing usart.o(.revsh_text), (4 bytes).
    Removing usart.o(i.send_string), (24 bytes).
    Removing usart.o(i.usart_run), (32 bytes).
    Removing dac.o(.rev16_text), (4 bytes).
    Removing dac.o(.revsh_text), (4 bytes).
    Removing dac.o(i.Timer3_config), (104 bytes).
    Removing dac.o(i.dac_audio_gpio_init), (68 bytes).
    Removing dac.o(i.dac_audio_init), (18 bytes).
    Removing dac.o(i.start_play_audio), (32 bytes).
    Removing dac.o(i.stop_play_audio), (12 bytes).
    Removing audio_source.o(.rev16_text), (4 bytes).
    Removing audio_source.o(.revsh_text), (4 bytes).
    Removing audio_source.o(.constdata), (951210 bytes).
    Removing eeprom.o(.rev16_text), (4 bytes).
    Removing eeprom.o(.revsh_text), (4 bytes).
    Removing eeprom.o(i.eeprom_byte_write_timeout), (732 bytes).
    Removing eeprom.o(i.i2c_24c02_test), (272 bytes).
    Removing i2c.o(.rev16_text), (4 bytes).
    Removing i2c.o(.revsh_text), (4 bytes).
    Removing dadd.o(.text), (334 bytes).
    Removing dmul.o(.text), (228 bytes).
    Removing dflti.o(.text), (34 bytes).
    Removing dfltui.o(.text), (26 bytes).
    Removing cdcmple.o(.text), (48 bytes).
    Removing depilogue.o(.text), (186 bytes).
    Removing ddiv.o(.text), (222 bytes).
    Removing dsqrt.o(.text), (162 bytes).
    Removing dfixul.o(.text), (48 bytes).
    Removing cdrcmple.o(.text), (48 bytes).

345 unused section(s) (total 1115682 bytes) removed from the image.

==============================================================================

Image Symbol Table

    Local Symbols

    Symbol Name                              Value     Ov Type        Size  Object(Section)

    ../clib/microlib/division.c              0x00000000   Number         0  uldiv.o ABSOLUTE
    ../clib/microlib/division.c              0x00000000   Number         0  uidiv.o ABSOLUTE
    ../clib/microlib/errno.c                 0x00000000   Number         0  errno.o ABSOLUTE
    ../clib/microlib/init/entry.s            0x00000000   Number         0  entry9a.o ABSOLUTE
    ../clib/microlib/init/entry.s            0x00000000   Number         0  entry7a.o ABSOLUTE
    ../clib/microlib/init/entry.s            0x00000000   Number         0  entry5.o ABSOLUTE
    ../clib/microlib/init/entry.s            0x00000000   Number         0  entry11b.o ABSOLUTE
    ../clib/microlib/init/entry.s            0x00000000   Number         0  entry11a.o ABSOLUTE
    ../clib/microlib/init/entry.s            0x00000000   Number         0  entry10b.o ABSOLUTE
    ../clib/microlib/init/entry.s            0x00000000   Number         0  entry10a.o ABSOLUTE
    ../clib/microlib/init/entry.s            0x00000000   Number         0  entry9b.o ABSOLUTE
    ../clib/microlib/init/entry.s            0x00000000   Number         0  entry8b.o ABSOLUTE
    ../clib/microlib/init/entry.s            0x00000000   Number         0  entry8a.o ABSOLUTE
    ../clib/microlib/init/entry.s            0x00000000   Number         0  entry7b.o ABSOLUTE
    ../clib/microlib/init/entry.s            0x00000000   Number         0  entry.o ABSOLUTE
    ../clib/microlib/init/entry.s            0x00000000   Number         0  entry2.o ABSOLUTE
    ../clib/microlib/longlong.c              0x00000000   Number         0  llushr.o ABSOLUTE
    ../clib/microlib/longlong.c              0x00000000   Number         0  llsshr.o ABSOLUTE
    ../clib/microlib/longlong.c              0x00000000   Number         0  llshl.o ABSOLUTE
    ../clib/microlib/printf/printf.c         0x00000000   Number         0  printf8.o ABSOLUTE
    ../clib/microlib/printf/printf.c         0x00000000   Number         0  printf0.o ABSOLUTE
    ../clib/microlib/printf/printf.c         0x00000000   Number         0  printf3.o ABSOLUTE
    ../clib/microlib/printf/printf.c         0x00000000   Number         0  printf4.o ABSOLUTE
    ../clib/microlib/printf/printf.c         0x00000000   Number         0  printf5.o ABSOLUTE
    ../clib/microlib/printf/printf.c         0x00000000   Number         0  printfb.o ABSOLUTE
    ../clib/microlib/printf/printf.c         0x00000000   Number         0  printf6.o ABSOLUTE
    ../clib/microlib/printf/printf.c         0x00000000   Number         0  printf7.o ABSOLUTE
    ../clib/microlib/printf/printf.c         0x00000000   Number         0  printfa.o ABSOLUTE
    ../clib/microlib/printf/printf.c         0x00000000   Number         0  printf1.o ABSOLUTE
    ../clib/microlib/printf/printf.c         0x00000000   Number         0  printf2.o ABSOLUTE
    ../clib/microlib/printf/stubs.s          0x00000000   Number         0  stubs.o ABSOLUTE
    ../clib/microlib/stdio/streams.c         0x00000000   Number         0  stdout.o ABSOLUTE
    ../clib/microlib/stubs.s                 0x00000000   Number         0  iusefp.o ABSOLUTE
    ../fplib/microlib/fpadd.c                0x00000000   Number         0  dadd.o ABSOLUTE
    ../fplib/microlib/fpdiv.c                0x00000000   Number         0  ddiv.o ABSOLUTE
    ../fplib/microlib/fpepilogue.c           0x00000000   Number         0  depilogue.o ABSOLUTE
    ../fplib/microlib/fpfix.c                0x00000000   Number         0  dfixul.o ABSOLUTE
    ../fplib/microlib/fpflt.c                0x00000000   Number         0  dflti.o ABSOLUTE
    ../fplib/microlib/fpflt.c                0x00000000   Number         0  dfltui.o ABSOLUTE
    ../fplib/microlib/fpmul.c                0x00000000   Number         0  dmul.o ABSOLUTE
    ../fplib/microlib/fpsqrt.c               0x00000000   Number         0  dsqrt.o ABSOLUTE
    ../mathlib/sqrt.c                        0x00000000   Number         0  sqrt.o ABSOLUTE
    ../mathlib/sqrt.c                        0x00000000   Number         0  sqrt_x.o ABSOLUTE
    ..\Firmware\CMSIS\GD\GD32F4xx\Source\ARM\startup_gd32f450_470.s 0x00000000   Number         0  startup_gd32f450_470.o ABSOLUTE
    ..\Firmware\CMSIS\GD\GD32F4xx\Source\system_gd32f4xx.c 0x00000000   Number         0  system_gd32f4xx.o ABSOLUTE
    ..\Firmware\GD32F4xx_standard_peripheral\Source\gd32f4xx_dac.c 0x00000000   Number         0  gd32f4xx_dac.o ABSOLUTE
    ..\Firmware\GD32F4xx_standard_peripheral\Source\gd32f4xx_gpio.c 0x00000000   Number         0  gd32f4xx_gpio.o ABSOLUTE
    ..\Firmware\GD32F4xx_standard_peripheral\Source\gd32f4xx_i2c.c 0x00000000   Number         0  gd32f4xx_i2c.o ABSOLUTE
    ..\Firmware\GD32F4xx_standard_peripheral\Source\gd32f4xx_misc.c 0x00000000   Number         0  gd32f4xx_misc.o ABSOLUTE
    ..\Firmware\GD32F4xx_standard_peripheral\Source\gd32f4xx_rcu.c 0x00000000   Number         0  gd32f4xx_rcu.o ABSOLUTE
    ..\Firmware\GD32F4xx_standard_peripheral\Source\gd32f4xx_spi.c 0x00000000   Number         0  gd32f4xx_spi.o ABSOLUTE
    ..\Firmware\GD32F4xx_standard_peripheral\Source\gd32f4xx_timer.c 0x00000000   Number         0  gd32f4xx_timer.o ABSOLUTE
    ..\Firmware\GD32F4xx_standard_peripheral\Source\gd32f4xx_usart.c 0x00000000   Number         0  gd32f4xx_usart.o ABSOLUTE
    ..\Hardware\DAC\audio_source.c           0x00000000   Number         0  audio_source.o ABSOLUTE
    ..\Hardware\DAC\dac.c                    0x00000000   Number         0  dac.o ABSOLUTE
    ..\Hardware\eeprom\eeprom.c              0x00000000   Number         0  eeprom.o ABSOLUTE
    ..\Hardware\gui\Gui.c                    0x00000000   Number         0  gui.o ABSOLUTE
    ..\Hardware\i2c\i2c.c                    0x00000000   Number         0  i2c.o ABSOLUTE
    ..\Hardware\lcd\Lcd.c                    0x00000000   Number         0  lcd.o ABSOLUTE
    ..\Hardware\lcd\Spi4.c                   0x00000000   Number         0  spi4.o ABSOLUTE
    ..\Hardware\usart\usart.c                0x00000000   Number         0  usart.o ABSOLUTE
    ..\User\gd32f4xx_it.c                    0x00000000   Number         0  gd32f4xx_it.o ABSOLUTE
    ..\User\main.c                           0x00000000   Number         0  main.o ABSOLUTE
    ..\User\systick.c                        0x00000000   Number         0  systick.o ABSOLUTE
    ..\\Firmware\\CMSIS\\GD\\GD32F4xx\\Source\\system_gd32f4xx.c 0x00000000   Number         0  system_gd32f4xx.o ABSOLUTE
    ..\\Firmware\\GD32F4xx_standard_peripheral\\Source\\gd32f4xx_dac.c 0x00000000   Number         0  gd32f4xx_dac.o ABSOLUTE
    ..\\Firmware\\GD32F4xx_standard_peripheral\\Source\\gd32f4xx_gpio.c 0x00000000   Number         0  gd32f4xx_gpio.o ABSOLUTE
    ..\\Firmware\\GD32F4xx_standard_peripheral\\Source\\gd32f4xx_i2c.c 0x00000000   Number         0  gd32f4xx_i2c.o ABSOLUTE
    ..\\Firmware\\GD32F4xx_standard_peripheral\\Source\\gd32f4xx_misc.c 0x00000000   Number         0  gd32f4xx_misc.o ABSOLUTE
    ..\\Firmware\\GD32F4xx_standard_peripheral\\Source\\gd32f4xx_rcu.c 0x00000000   Number         0  gd32f4xx_rcu.o ABSOLUTE
    ..\\Firmware\\GD32F4xx_standard_peripheral\\Source\\gd32f4xx_spi.c 0x00000000   Number         0  gd32f4xx_spi.o ABSOLUTE
    ..\\Firmware\\GD32F4xx_standard_peripheral\\Source\\gd32f4xx_timer.c 0x00000000   Number         0  gd32f4xx_timer.o ABSOLUTE
    ..\\Firmware\\GD32F4xx_standard_peripheral\\Source\\gd32f4xx_usart.c 0x00000000   Number         0  gd32f4xx_usart.o ABSOLUTE
    ..\\Hardware\\DAC\\audio_source.c        0x00000000   Number         0  audio_source.o ABSOLUTE
    ..\\Hardware\\DAC\\dac.c                 0x00000000   Number         0  dac.o ABSOLUTE
    ..\\Hardware\\eeprom\\eeprom.c           0x00000000   Number         0  eeprom.o ABSOLUTE
    ..\\Hardware\\gui\\Gui.c                 0x00000000   Number         0  gui.o ABSOLUTE
    ..\\Hardware\\i2c\\i2c.c                 0x00000000   Number         0  i2c.o ABSOLUTE
    ..\\Hardware\\lcd\\Lcd.c                 0x00000000   Number         0  lcd.o ABSOLUTE
    ..\\Hardware\\lcd\\Spi4.c                0x00000000   Number         0  spi4.o ABSOLUTE
    ..\\Hardware\\usart\\usart.c             0x00000000   Number         0  usart.o ABSOLUTE
    ..\\User\\gd32f4xx_it.c                  0x00000000   Number         0  gd32f4xx_it.o ABSOLUTE
    ..\\User\\main.c                         0x00000000   Number         0  main.o ABSOLUTE
    ..\\User\\systick.c                      0x00000000   Number         0  systick.o ABSOLUTE
    cdcmple.s                                0x00000000   Number         0  cdcmple.o ABSOLUTE
    cdrcmple.s                               0x00000000   Number         0  cdrcmple.o ABSOLUTE
    dc.s                                     0x00000000   Number         0  dc.o ABSOLUTE
    handlers.s                               0x00000000   Number         0  handlers.o ABSOLUTE
    init.s                                   0x00000000   Number         0  init.o ABSOLUTE
    RESET                                    0x08000000   Section      428  startup_gd32f450_470.o(RESET)
    .ARM.Collect$$$$00000000                 0x080001ac   Section        0  entry.o(.ARM.Collect$$$$00000000)
    .ARM.Collect$$$$00000001                 0x080001ac   Section        4  entry2.o(.ARM.Collect$$$$00000001)
    .ARM.Collect$$$$00000004                 0x080001b0   Section        4  entry5.o(.ARM.Collect$$$$00000004)
    .ARM.Collect$$$$00000008                 0x080001b4   Section        0  entry7b.o(.ARM.Collect$$$$00000008)
    .ARM.Collect$$$$0000000A                 0x080001b4   Section        0  entry8b.o(.ARM.Collect$$$$0000000A)
    .ARM.Collect$$$$0000000B                 0x080001b4   Section        8  entry9a.o(.ARM.Collect$$$$0000000B)
    .ARM.Collect$$$$0000000D                 0x080001bc   Section        0  entry10a.o(.ARM.Collect$$$$0000000D)
    .ARM.Collect$$$$0000000F                 0x080001bc   Section        0  entry11a.o(.ARM.Collect$$$$0000000F)
    .ARM.Collect$$$$00002712                 0x080001bc   Section        4  entry2.o(.ARM.Collect$$$$00002712)
    __lit__00000000                          0x080001bc   Data           4  entry2.o(.ARM.Collect$$$$00002712)
    .text                                    0x080001c0   Section       36  startup_gd32f450_470.o(.text)
    $v0                                      0x080001c0   Number         0  startup_gd32f450_470.o(.text)
    .text                                    0x080001e4   Section        0  uldiv.o(.text)
    .text                                    0x08000246   Section        0  llshl.o(.text)
    .text                                    0x08000264   Section       36  init.o(.text)
    .text                                    0x08000288   Section        0  llushr.o(.text)
    i.BusFault_Handler                       0x080002a8   Section        0  gd32f4xx_it.o(i.BusFault_Handler)
    i.DebugMon_Handler                       0x080002aa   Section        0  gd32f4xx_it.o(i.DebugMon_Handler)
    i.HardFault_Handler                      0x080002ac   Section        0  gd32f4xx_it.o(i.HardFault_Handler)
    i.LCD_ShowPicture                        0x080002ae   Section        0  gui.o(i.LCD_ShowPicture)
    i.LCD_Writ_Bus                           0x08000300   Section        0  lcd.o(i.LCD_Writ_Bus)
    i.Lcd_Init                               0x0800032c   Section        0  lcd.o(i.Lcd_Init)
    i.Lcd_PushStart                          0x080004d0   Section        0  lcd.o(i.Lcd_PushStart)
    i.Lcd_SetOrientation                     0x08000538   Section        0  lcd.o(i.Lcd_SetOrientation)
    i.Lcd_WriteCom                           0x08000554   Section        0  lcd.o(i.Lcd_WriteCom)
    i.Lcd_WriteData                          0x08000578   Section        0  lcd.o(i.Lcd_WriteData)
    i.Lcd_WriteData16                        0x0800057c   Section        0  lcd.o(i.Lcd_WriteData16)
    i.MemManage_Handler                      0x08000590   Section        0  gd32f4xx_it.o(i.MemManage_Handler)
    i.NMI_Handler                            0x08000592   Section        0  gd32f4xx_it.o(i.NMI_Handler)
    i.NVIC_SetPriority                       0x08000594   Section        0  systick.o(i.NVIC_SetPriority)
    NVIC_SetPriority                         0x08000595   Thumb Code    32  systick.o(i.NVIC_SetPriority)
    i.PendSV_Handler                         0x080005b4   Section        0  gd32f4xx_it.o(i.PendSV_Handler)
    i.SVC_Handler                            0x080005b6   Section        0  gd32f4xx_it.o(i.SVC_Handler)
    i.Spi4_Init                              0x080005b8   Section        0  spi4.o(i.Spi4_Init)
    i.Spi4_Write                             0x08000630   Section        0  spi4.o(i.Spi4_Write)
    i.SysTick_Handler                        0x0800065c   Section        0  gd32f4xx_it.o(i.SysTick_Handler)
    i.SystemInit                             0x08000660   Section        0  system_gd32f4xx.o(i.SystemInit)
    i.TIMER3_IRQHandler                      0x080006f4   Section        0  dac.o(i.TIMER3_IRQHandler)
    i.USART0_IRQHandler                      0x08000754   Section        0  usart.o(i.USART0_IRQHandler)
    i.UsageFault_Handler                     0x080007c0   Section        0  gd32f4xx_it.o(i.UsageFault_Handler)
    i.__0printf$8                            0x080007c4   Section        0  printf8.o(i.__0printf$8)
    i.__scatterload_copy                     0x080007e4   Section       14  handlers.o(i.__scatterload_copy)
    i.__scatterload_null                     0x080007f2   Section        2  handlers.o(i.__scatterload_null)
    i.__scatterload_zeroinit                 0x080007f4   Section       14  handlers.o(i.__scatterload_zeroinit)
    i._printf_core                           0x08000804   Section        0  printf8.o(i._printf_core)
    _printf_core                             0x08000805   Thumb Code   996  printf8.o(i._printf_core)
    i._printf_post_padding                   0x08000c14   Section        0  printf8.o(i._printf_post_padding)
    _printf_post_padding                     0x08000c15   Thumb Code    36  printf8.o(i._printf_post_padding)
    i._printf_pre_padding                    0x08000c38   Section        0  printf8.o(i._printf_pre_padding)
    _printf_pre_padding                      0x08000c39   Thumb Code    46  printf8.o(i._printf_pre_padding)
    i.dac_data_set                           0x08000c68   Section        0  gd32f4xx_dac.o(i.dac_data_set)
    i.dac_software_trigger_enable            0x08000cb4   Section        0  gd32f4xx_dac.o(i.dac_software_trigger_enable)
    i.delay                                  0x08000cd4   Section        0  lcd.o(i.delay)
    i.delay_1ms                              0x08000cdc   Section        0  systick.o(i.delay_1ms)
    i.delay_decrement                        0x08000cec   Section        0  systick.o(i.delay_decrement)
    i.eeprom_buffer_read_timeout             0x08000d00   Section        0  eeprom.o(i.eeprom_buffer_read_timeout)
    i.eeprom_buffer_write_timeout            0x080010c0   Section        0  eeprom.o(i.eeprom_buffer_write_timeout)
    i.eeprom_page_write_timeout              0x0800117c   Section        0  eeprom.o(i.eeprom_page_write_timeout)
    i.eeprom_wait_standby_state_timeout      0x08001408   Section        0  eeprom.o(i.eeprom_wait_standby_state_timeout)
    i.fputc                                  0x08001668   Section        0  usart.o(i.fputc)
    i.gpio_af_set                            0x08001674   Section        0  gd32f4xx_gpio.o(i.gpio_af_set)
    i.gpio_bit_reset                         0x080016d8   Section        0  gd32f4xx_gpio.o(i.gpio_bit_reset)
    i.gpio_bit_set                           0x080016dc   Section        0  gd32f4xx_gpio.o(i.gpio_bit_set)
    i.gpio_config                            0x080016e0   Section        0  i2c.o(i.gpio_config)
    gpio_config                              0x080016e1   Thumb Code    84  i2c.o(i.gpio_config)
    i.gpio_mode_set                          0x08001738   Section        0  gd32f4xx_gpio.o(i.gpio_mode_set)
    i.gpio_output_options_set                0x08001780   Section        0  gd32f4xx_gpio.o(i.gpio_output_options_set)
    i.i2c_ack_config                         0x080017c6   Section        0  gd32f4xx_i2c.o(i.i2c_ack_config)
    i.i2c_ackpos_config                      0x080017d2   Section        0  gd32f4xx_i2c.o(i.i2c_ackpos_config)
    i.i2c_bus_reset                          0x080017e0   Section        0  i2c.o(i.i2c_bus_reset)
    i.i2c_clock_config                       0x08001868   Section        0  gd32f4xx_i2c.o(i.i2c_clock_config)
    i.i2c_config                             0x0800192c   Section        0  i2c.o(i.i2c_config)
    i.i2c_data_receive                       0x08001960   Section        0  gd32f4xx_i2c.o(i.i2c_data_receive)
    i.i2c_data_transmit                      0x08001966   Section        0  gd32f4xx_i2c.o(i.i2c_data_transmit)
    i.i2c_deinit                             0x0800196c   Section        0  gd32f4xx_i2c.o(i.i2c_deinit)
    i.i2c_eeprom_init                        0x080019c4   Section        0  eeprom.o(i.i2c_eeprom_init)
    i.i2c_enable                             0x080019d8   Section        0  gd32f4xx_i2c.o(i.i2c_enable)
    i.i2c_flag_clear                         0x080019e2   Section        0  gd32f4xx_i2c.o(i.i2c_flag_clear)
    i.i2c_flag_get                           0x08001a04   Section        0  gd32f4xx_i2c.o(i.i2c_flag_get)
    i.i2c_master_addressing                  0x08001a1e   Section        0  gd32f4xx_i2c.o(i.i2c_master_addressing)
    i.i2c_start_on_bus                       0x08001a30   Section        0  gd32f4xx_i2c.o(i.i2c_start_on_bus)
    i.i2c_stop_on_bus                        0x08001a3a   Section        0  gd32f4xx_i2c.o(i.i2c_stop_on_bus)
    i.lcd_gpio_init                          0x08001a44   Section        0  lcd.o(i.lcd_gpio_init)
    lcd_gpio_init                            0x08001a45   Thumb Code   140  lcd.o(i.lcd_gpio_init)
    i.main                                   0x08001ad8   Section        0  main.o(i.main)
    i.nvic_irq_enable                        0x08001b60   Section        0  gd32f4xx_misc.o(i.nvic_irq_enable)
    i.nvic_priority_group_set                0x08001bfc   Section        0  gd32f4xx_misc.o(i.nvic_priority_group_set)
    i.rcu_clock_freq_get                     0x08001c10   Section        0  gd32f4xx_rcu.o(i.rcu_clock_freq_get)
    i.rcu_periph_clock_enable                0x08001cf4   Section        0  gd32f4xx_rcu.o(i.rcu_periph_clock_enable)
    i.rcu_periph_reset_disable               0x08001d14   Section        0  gd32f4xx_rcu.o(i.rcu_periph_reset_disable)
    i.rcu_periph_reset_enable                0x08001d34   Section        0  gd32f4xx_rcu.o(i.rcu_periph_reset_enable)
    i.send_data                              0x08001d54   Section        0  usart.o(i.send_data)
    i.spi_enable                             0x08001d74   Section        0  gd32f4xx_spi.o(i.spi_enable)
    i.spi_i2s_data_transmit                  0x08001d7e   Section        0  gd32f4xx_spi.o(i.spi_i2s_data_transmit)
    i.spi_i2s_flag_get                       0x08001d82   Section        0  gd32f4xx_spi.o(i.spi_i2s_flag_get)
    i.spi_init                               0x08001d90   Section        0  gd32f4xx_spi.o(i.spi_init)
    i.system_clock_240m_irc16m               0x08001dc0   Section        0  system_gd32f4xx.o(i.system_clock_240m_irc16m)
    system_clock_240m_irc16m                 0x08001dc1   Thumb Code   158  system_gd32f4xx.o(i.system_clock_240m_irc16m)
    i.system_clock_config                    0x08001e6c   Section        0  system_gd32f4xx.o(i.system_clock_config)
    system_clock_config                      0x08001e6d   Thumb Code     4  system_gd32f4xx.o(i.system_clock_config)
    i.systick_config                         0x08001e70   Section        0  systick.o(i.systick_config)
    i.timer_disable                          0x08001ebc   Section        0  gd32f4xx_timer.o(i.timer_disable)
    i.timer_interrupt_flag_clear             0x08001ec6   Section        0  gd32f4xx_timer.o(i.timer_interrupt_flag_clear)
    i.timer_interrupt_flag_get               0x08001ecc   Section        0  gd32f4xx_timer.o(i.timer_interrupt_flag_get)
    i.usart_all_config                       0x08001ee0   Section        0  usart.o(i.usart_all_config)
    i.usart_baudrate_set                     0x08001ef4   Section        0  gd32f4xx_usart.o(i.usart_baudrate_set)
    i.usart_data_first_config                0x08001fac   Section        0  gd32f4xx_usart.o(i.usart_data_first_config)
    i.usart_data_receive                     0x08001fba   Section        0  gd32f4xx_usart.o(i.usart_data_receive)
    i.usart_data_transmit                    0x08001fc2   Section        0  gd32f4xx_usart.o(i.usart_data_transmit)
    i.usart_deinit                           0x08001fcc   Section        0  gd32f4xx_usart.o(i.usart_deinit)
    i.usart_enable                           0x080020ac   Section        0  gd32f4xx_usart.o(i.usart_enable)
    i.usart_flag_get                         0x080020b6   Section        0  gd32f4xx_usart.o(i.usart_flag_get)
    i.usart_gpio_config                      0x080020d0   Section        0  usart.o(i.usart_gpio_config)
    i.usart_interrupt_enable                 0x08002138   Section        0  gd32f4xx_usart.o(i.usart_interrupt_enable)
    i.usart_interrupt_flag_get               0x0800214c   Section        0  gd32f4xx_usart.o(i.usart_interrupt_flag_get)
    i.usart_param_config                     0x08002180   Section        0  usart.o(i.usart_param_config)
    i.usart_parity_config                    0x080021f0   Section        0  gd32f4xx_usart.o(i.usart_parity_config)
    i.usart_receive_config                   0x08002200   Section        0  gd32f4xx_usart.o(i.usart_receive_config)
    i.usart_stop_bit_set                     0x0800220c   Section        0  gd32f4xx_usart.o(i.usart_stop_bit_set)
    i.usart_transmit_config                  0x0800221c   Section        0  gd32f4xx_usart.o(i.usart_transmit_config)
    i.usart_word_length_set                  0x08002228   Section        0  gd32f4xx_usart.o(i.usart_word_length_set)
    .constdata                               0x08002238   Section    134408  main.o(.constdata)
    .data                                    0x20000000   Section        4  systick.o(.data)
    delay                                    0x20000000   Data           4  systick.o(.data)
    .data                                    0x20000004   Section        4  system_gd32f4xx.o(.data)
    .data                                    0x20000008   Section        1  lcd.o(.data)
    .data                                    0x2000000c   Section        4  usart.o(.data)
    .data                                    0x20000010   Section        1  dac.o(.data)
    .data                                    0x20000012   Section        2  eeprom.o(.data)
    .data                                    0x20000014   Section        4  stdout.o(.data)
    .bss                                     0x20000018   Section     4096  usart.o(.bss)
    .bss                                     0x20001018   Section       16  dac.o(.bss)
    STACK                                    0x20001028   Section     1024  startup_gd32f450_470.o(STACK)

    Global Symbols

    Symbol Name                              Value     Ov Type        Size  Object(Section)

    BuildAttributes$$THM_ISAv4$E$P$D$K$B$S$7EM$VFPi3$EXTD16$VFPS$VFMA$PE$A:L22UL41UL21$X:L11$S22US41US21$IEEE1$IW$USESV6$~STKCKD$USESV7$~SHL$OTIME$ROPI$IEEEJ$EBA8$MICROLIB$REQ8$PRES8$EABIv2 0x00000000   Number         0  anon$$obj.o ABSOLUTE
    __ARM_use_no_argv                        0x00000000   Number         0  main.o ABSOLUTE
    _printf_a                                0x00000000   Number         0  stubs.o ABSOLUTE
    _printf_c                                0x00000000   Number         0  stubs.o ABSOLUTE
    _printf_charcount                        0x00000000   Number         0  stubs.o ABSOLUTE
    _printf_d                                0x00000000   Number         0  stubs.o ABSOLUTE
    _printf_e                                0x00000000   Number         0  stubs.o ABSOLUTE
    _printf_f                                0x00000000   Number         0  stubs.o ABSOLUTE
    _printf_flags                            0x00000000   Number         0  stubs.o ABSOLUTE
    _printf_fp_dec                           0x00000000   Number         0  stubs.o ABSOLUTE
    _printf_fp_hex                           0x00000000   Number         0  stubs.o ABSOLUTE
    _printf_g                                0x00000000   Number         0  stubs.o ABSOLUTE
    _printf_i                                0x00000000   Number         0  stubs.o ABSOLUTE
    _printf_int_dec                          0x00000000   Number         0  stubs.o ABSOLUTE
    _printf_l                                0x00000000   Number         0  stubs.o ABSOLUTE
    _printf_lc                               0x00000000   Number         0  stubs.o ABSOLUTE
    _printf_ll                               0x00000000   Number         0  stubs.o ABSOLUTE
    _printf_lld                              0x00000000   Number         0  stubs.o ABSOLUTE
    _printf_lli                              0x00000000   Number         0  stubs.o ABSOLUTE
    _printf_llo                              0x00000000   Number         0  stubs.o ABSOLUTE
    _printf_llu                              0x00000000   Number         0  stubs.o ABSOLUTE
    _printf_llx                              0x00000000   Number         0  stubs.o ABSOLUTE
    _printf_longlong_dec                     0x00000000   Number         0  stubs.o ABSOLUTE
    _printf_longlong_hex                     0x00000000   Number         0  stubs.o ABSOLUTE
    _printf_longlong_oct                     0x00000000   Number         0  stubs.o ABSOLUTE
    _printf_ls                               0x00000000   Number         0  stubs.o ABSOLUTE
    _printf_mbtowc                           0x00000000   Number         0  stubs.o ABSOLUTE
    _printf_n                                0x00000000   Number         0  stubs.o ABSOLUTE
    _printf_o                                0x00000000   Number         0  stubs.o ABSOLUTE
    _printf_p                                0x00000000   Number         0  stubs.o ABSOLUTE
    _printf_percent                          0x00000000   Number         0  stubs.o ABSOLUTE
    _printf_pre_padding                      0x00000000   Number         0  stubs.o ABSOLUTE
    _printf_return_value                     0x00000000   Number         0  stubs.o ABSOLUTE
    _printf_s                                0x00000000   Number         0  stubs.o ABSOLUTE
    _printf_sizespec                         0x00000000   Number         0  stubs.o ABSOLUTE
    _printf_str                              0x00000000   Number         0  stubs.o ABSOLUTE
    _printf_truncate_signed                  0x00000000   Number         0  stubs.o ABSOLUTE
    _printf_truncate_unsigned                0x00000000   Number         0  stubs.o ABSOLUTE
    _printf_u                                0x00000000   Number         0  stubs.o ABSOLUTE
    _printf_wc                               0x00000000   Number         0  stubs.o ABSOLUTE
    _printf_wctomb                           0x00000000   Number         0  stubs.o ABSOLUTE
    _printf_widthprec                        0x00000000   Number         0  stubs.o ABSOLUTE
    _printf_x                                0x00000000   Number         0  stubs.o ABSOLUTE
    __cpp_initialize__aeabi_                  - Undefined Weak Reference
    __cxa_finalize                            - Undefined Weak Reference
    __decompress                              - Undefined Weak Reference
    _clock_init                               - Undefined Weak Reference
    _microlib_exit                            - Undefined Weak Reference
    __Vectors_Size                           0x000001ac   Number         0  startup_gd32f450_470.o ABSOLUTE
    __Vectors                                0x08000000   Data           4  startup_gd32f450_470.o(RESET)
    __Vectors_End                            0x080001ac   Data           0  startup_gd32f450_470.o(RESET)
    __main                                   0x080001ad   Thumb Code     0  entry.o(.ARM.Collect$$$$00000000)
    _main_stk                                0x080001ad   Thumb Code     0  entry2.o(.ARM.Collect$$$$00000001)
    _main_scatterload                        0x080001b1   Thumb Code     0  entry5.o(.ARM.Collect$$$$00000004)
    __main_after_scatterload                 0x080001b5   Thumb Code     0  entry5.o(.ARM.Collect$$$$00000004)
    _main_clock                              0x080001b5   Thumb Code     0  entry7b.o(.ARM.Collect$$$$00000008)
    _main_cpp_init                           0x080001b5   Thumb Code     0  entry8b.o(.ARM.Collect$$$$0000000A)
    _main_init                               0x080001b5   Thumb Code     0  entry9a.o(.ARM.Collect$$$$0000000B)
    __rt_final_cpp                           0x080001bd   Thumb Code     0  entry10a.o(.ARM.Collect$$$$0000000D)
    __rt_final_exit                          0x080001bd   Thumb Code     0  entry11a.o(.ARM.Collect$$$$0000000F)
    Reset_Handler                            0x080001c1   Thumb Code     8  startup_gd32f450_470.o(.text)
    ADC_IRQHandler                           0x080001db   Thumb Code     0  startup_gd32f450_470.o(.text)
    CAN0_EWMC_IRQHandler                     0x080001db   Thumb Code     0  startup_gd32f450_470.o(.text)
    CAN0_RX0_IRQHandler                      0x080001db   Thumb Code     0  startup_gd32f450_470.o(.text)
    CAN0_RX1_IRQHandler                      0x080001db   Thumb Code     0  startup_gd32f450_470.o(.text)
    CAN0_TX_IRQHandler                       0x080001db   Thumb Code     0  startup_gd32f450_470.o(.text)
    CAN1_EWMC_IRQHandler                     0x080001db   Thumb Code     0  startup_gd32f450_470.o(.text)
    CAN1_RX0_IRQHandler                      0x080001db   Thumb Code     0  startup_gd32f450_470.o(.text)
    CAN1_RX1_IRQHandler                      0x080001db   Thumb Code     0  startup_gd32f450_470.o(.text)
    CAN1_TX_IRQHandler                       0x080001db   Thumb Code     0  startup_gd32f450_470.o(.text)
    DCI_IRQHandler                           0x080001db   Thumb Code     0  startup_gd32f450_470.o(.text)
    DMA0_Channel0_IRQHandler                 0x080001db   Thumb Code     0  startup_gd32f450_470.o(.text)
    DMA0_Channel1_IRQHandler                 0x080001db   Thumb Code     0  startup_gd32f450_470.o(.text)
    DMA0_Channel2_IRQHandler                 0x080001db   Thumb Code     0  startup_gd32f450_470.o(.text)
    DMA0_Channel3_IRQHandler                 0x080001db   Thumb Code     0  startup_gd32f450_470.o(.text)
    DMA0_Channel4_IRQHandler                 0x080001db   Thumb Code     0  startup_gd32f450_470.o(.text)
    DMA0_Channel5_IRQHandler                 0x080001db   Thumb Code     0  startup_gd32f450_470.o(.text)
    DMA0_Channel6_IRQHandler                 0x080001db   Thumb Code     0  startup_gd32f450_470.o(.text)
    DMA0_Channel7_IRQHandler                 0x080001db   Thumb Code     0  startup_gd32f450_470.o(.text)
    DMA1_Channel0_IRQHandler                 0x080001db   Thumb Code     0  startup_gd32f450_470.o(.text)
    DMA1_Channel1_IRQHandler                 0x080001db   Thumb Code     0  startup_gd32f450_470.o(.text)
    DMA1_Channel2_IRQHandler                 0x080001db   Thumb Code     0  startup_gd32f450_470.o(.text)
    DMA1_Channel3_IRQHandler                 0x080001db   Thumb Code     0  startup_gd32f450_470.o(.text)
    DMA1_Channel4_IRQHandler                 0x080001db   Thumb Code     0  startup_gd32f450_470.o(.text)
    DMA1_Channel5_IRQHandler                 0x080001db   Thumb Code     0  startup_gd32f450_470.o(.text)
    DMA1_Channel6_IRQHandler                 0x080001db   Thumb Code     0  startup_gd32f450_470.o(.text)
    DMA1_Channel7_IRQHandler                 0x080001db   Thumb Code     0  startup_gd32f450_470.o(.text)
    ENET_IRQHandler                          0x080001db   Thumb Code     0  startup_gd32f450_470.o(.text)
    ENET_WKUP_IRQHandler                     0x080001db   Thumb Code     0  startup_gd32f450_470.o(.text)
    EXMC_IRQHandler                          0x080001db   Thumb Code     0  startup_gd32f450_470.o(.text)
    EXTI0_IRQHandler                         0x080001db   Thumb Code     0  startup_gd32f450_470.o(.text)
    EXTI10_15_IRQHandler                     0x080001db   Thumb Code     0  startup_gd32f450_470.o(.text)
    EXTI1_IRQHandler                         0x080001db   Thumb Code     0  startup_gd32f450_470.o(.text)
    EXTI2_IRQHandler                         0x080001db   Thumb Code     0  startup_gd32f450_470.o(.text)
    EXTI3_IRQHandler                         0x080001db   Thumb Code     0  startup_gd32f450_470.o(.text)
    EXTI4_IRQHandler                         0x080001db   Thumb Code     0  startup_gd32f450_470.o(.text)
    EXTI5_9_IRQHandler                       0x080001db   Thumb Code     0  startup_gd32f450_470.o(.text)
    FMC_IRQHandler                           0x080001db   Thumb Code     0  startup_gd32f450_470.o(.text)
    FPU_IRQHandler                           0x080001db   Thumb Code     0  startup_gd32f450_470.o(.text)
    I2C0_ER_IRQHandler                       0x080001db   Thumb Code     0  startup_gd32f450_470.o(.text)
    I2C0_EV_IRQHandler                       0x080001db   Thumb Code     0  startup_gd32f450_470.o(.text)
    I2C1_ER_IRQHandler                       0x080001db   Thumb Code     0  startup_gd32f450_470.o(.text)
    I2C1_EV_IRQHandler                       0x080001db   Thumb Code     0  startup_gd32f450_470.o(.text)
    I2C2_ER_IRQHandler                       0x080001db   Thumb Code     0  startup_gd32f450_470.o(.text)
    I2C2_EV_IRQHandler                       0x080001db   Thumb Code     0  startup_gd32f450_470.o(.text)
    IPA_IRQHandler                           0x080001db   Thumb Code     0  startup_gd32f450_470.o(.text)
    LVD_IRQHandler                           0x080001db   Thumb Code     0  startup_gd32f450_470.o(.text)
    RCU_CTC_IRQHandler                       0x080001db   Thumb Code     0  startup_gd32f450_470.o(.text)
    RTC_Alarm_IRQHandler                     0x080001db   Thumb Code     0  startup_gd32f450_470.o(.text)
    RTC_WKUP_IRQHandler                      0x080001db   Thumb Code     0  startup_gd32f450_470.o(.text)
    SDIO_IRQHandler                          0x080001db   Thumb Code     0  startup_gd32f450_470.o(.text)
    SPI0_IRQHandler                          0x080001db   Thumb Code     0  startup_gd32f450_470.o(.text)
    SPI1_IRQHandler                          0x080001db   Thumb Code     0  startup_gd32f450_470.o(.text)
    SPI2_IRQHandler                          0x080001db   Thumb Code     0  startup_gd32f450_470.o(.text)
    SPI3_IRQHandler                          0x080001db   Thumb Code     0  startup_gd32f450_470.o(.text)
    SPI4_IRQHandler                          0x080001db   Thumb Code     0  startup_gd32f450_470.o(.text)
    SPI5_IRQHandler                          0x080001db   Thumb Code     0  startup_gd32f450_470.o(.text)
    TAMPER_STAMP_IRQHandler                  0x080001db   Thumb Code     0  startup_gd32f450_470.o(.text)
    TIMER0_BRK_TIMER8_IRQHandler             0x080001db   Thumb Code     0  startup_gd32f450_470.o(.text)
    TIMER0_Channel_IRQHandler                0x080001db   Thumb Code     0  startup_gd32f450_470.o(.text)
    TIMER0_TRG_CMT_TIMER10_IRQHandler        0x080001db   Thumb Code     0  startup_gd32f450_470.o(.text)
    TIMER0_UP_TIMER9_IRQHandler              0x080001db   Thumb Code     0  startup_gd32f450_470.o(.text)
    TIMER1_IRQHandler                        0x080001db   Thumb Code     0  startup_gd32f450_470.o(.text)
    TIMER2_IRQHandler                        0x080001db   Thumb Code     0  startup_gd32f450_470.o(.text)
    TIMER4_IRQHandler                        0x080001db   Thumb Code     0  startup_gd32f450_470.o(.text)
    TIMER5_DAC_IRQHandler                    0x080001db   Thumb Code     0  startup_gd32f450_470.o(.text)
    TIMER6_IRQHandler                        0x080001db   Thumb Code     0  startup_gd32f450_470.o(.text)
    TIMER7_BRK_TIMER11_IRQHandler            0x080001db   Thumb Code     0  startup_gd32f450_470.o(.text)
    TIMER7_Channel_IRQHandler                0x080001db   Thumb Code     0  startup_gd32f450_470.o(.text)
    TIMER7_TRG_CMT_TIMER13_IRQHandler        0x080001db   Thumb Code     0  startup_gd32f450_470.o(.text)
    TIMER7_UP_TIMER12_IRQHandler             0x080001db   Thumb Code     0  startup_gd32f450_470.o(.text)
    TLI_ER_IRQHandler                        0x080001db   Thumb Code     0  startup_gd32f450_470.o(.text)
    TLI_IRQHandler                           0x080001db   Thumb Code     0  startup_gd32f450_470.o(.text)
    TRNG_IRQHandler                          0x080001db   Thumb Code     0  startup_gd32f450_470.o(.text)
    UART3_IRQHandler                         0x080001db   Thumb Code     0  startup_gd32f450_470.o(.text)
    UART4_IRQHandler                         0x080001db   Thumb Code     0  startup_gd32f450_470.o(.text)
    UART6_IRQHandler                         0x080001db   Thumb Code     0  startup_gd32f450_470.o(.text)
    UART7_IRQHandler                         0x080001db   Thumb Code     0  startup_gd32f450_470.o(.text)
    USART1_IRQHandler                        0x080001db   Thumb Code     0  startup_gd32f450_470.o(.text)
    USART2_IRQHandler                        0x080001db   Thumb Code     0  startup_gd32f450_470.o(.text)
    USART5_IRQHandler                        0x080001db   Thumb Code     0  startup_gd32f450_470.o(.text)
    USBFS_IRQHandler                         0x080001db   Thumb Code     0  startup_gd32f450_470.o(.text)
    USBFS_WKUP_IRQHandler                    0x080001db   Thumb Code     0  startup_gd32f450_470.o(.text)
    USBHS_EP1_In_IRQHandler                  0x080001db   Thumb Code     0  startup_gd32f450_470.o(.text)
    USBHS_EP1_Out_IRQHandler                 0x080001db   Thumb Code     0  startup_gd32f450_470.o(.text)
    USBHS_IRQHandler                         0x080001db   Thumb Code     0  startup_gd32f450_470.o(.text)
    USBHS_WKUP_IRQHandler                    0x080001db   Thumb Code     0  startup_gd32f450_470.o(.text)
    WWDGT_IRQHandler                         0x080001db   Thumb Code     0  startup_gd32f450_470.o(.text)
    __aeabi_uldivmod                         0x080001e5   Thumb Code    98  uldiv.o(.text)
    __aeabi_llsl                             0x08000247   Thumb Code    30  llshl.o(.text)
    _ll_shift_l                              0x08000247   Thumb Code     0  llshl.o(.text)
    __scatterload                            0x08000265   Thumb Code    28  init.o(.text)
    __scatterload_rt2                        0x08000265   Thumb Code     0  init.o(.text)
    __aeabi_llsr                             0x08000289   Thumb Code    32  llushr.o(.text)
    _ll_ushift_r                             0x08000289   Thumb Code     0  llushr.o(.text)
    BusFault_Handler                         0x080002a9   Thumb Code     2  gd32f4xx_it.o(i.BusFault_Handler)
    DebugMon_Handler                         0x080002ab   Thumb Code     2  gd32f4xx_it.o(i.DebugMon_Handler)
    HardFault_Handler                        0x080002ad   Thumb Code     2  gd32f4xx_it.o(i.HardFault_Handler)
    LCD_ShowPicture                          0x080002af   Thumb Code    80  gui.o(i.LCD_ShowPicture)
    LCD_Writ_Bus                             0x08000301   Thumb Code    38  lcd.o(i.LCD_Writ_Bus)
    Lcd_Init                                 0x0800032d   Thumb Code   410  lcd.o(i.Lcd_Init)
    Lcd_PushStart                            0x080004d1   Thumb Code    98  lcd.o(i.Lcd_PushStart)
    Lcd_SetOrientation                       0x08000539   Thumb Code    22  lcd.o(i.Lcd_SetOrientation)
    Lcd_WriteCom                             0x08000555   Thumb Code    32  lcd.o(i.Lcd_WriteCom)
    Lcd_WriteData                            0x08000579   Thumb Code     4  lcd.o(i.Lcd_WriteData)
    Lcd_WriteData16                          0x0800057d   Thumb Code    20  lcd.o(i.Lcd_WriteData16)
    MemManage_Handler                        0x08000591   Thumb Code     2  gd32f4xx_it.o(i.MemManage_Handler)
    NMI_Handler                              0x08000593   Thumb Code     2  gd32f4xx_it.o(i.NMI_Handler)
    PendSV_Handler                           0x080005b5   Thumb Code     2  gd32f4xx_it.o(i.PendSV_Handler)
    SVC_Handler                              0x080005b7   Thumb Code     2  gd32f4xx_it.o(i.SVC_Handler)
    Spi4_Init                                0x080005b9   Thumb Code   112  spi4.o(i.Spi4_Init)
    Spi4_Write                               0x08000631   Thumb Code    40  spi4.o(i.Spi4_Write)
    SysTick_Handler                          0x0800065d   Thumb Code     4  gd32f4xx_it.o(i.SysTick_Handler)
    SystemInit                               0x08000661   Thumb Code   130  system_gd32f4xx.o(i.SystemInit)
    TIMER3_IRQHandler                        0x080006f5   Thumb Code    84  dac.o(i.TIMER3_IRQHandler)
    USART0_IRQHandler                        0x08000755   Thumb Code    74  usart.o(i.USART0_IRQHandler)
    UsageFault_Handler                       0x080007c1   Thumb Code     2  gd32f4xx_it.o(i.UsageFault_Handler)
    __0printf$8                              0x080007c5   Thumb Code    22  printf8.o(i.__0printf$8)
    __1printf$8                              0x080007c5   Thumb Code     0  printf8.o(i.__0printf$8)
    __2printf                                0x080007c5   Thumb Code     0  printf8.o(i.__0printf$8)
    __scatterload_copy                       0x080007e5   Thumb Code    14  handlers.o(i.__scatterload_copy)
    __scatterload_null                       0x080007f3   Thumb Code     2  handlers.o(i.__scatterload_null)
    __scatterload_zeroinit                   0x080007f5   Thumb Code    14  handlers.o(i.__scatterload_zeroinit)
    dac_data_set                             0x08000c69   Thumb Code    70  gd32f4xx_dac.o(i.dac_data_set)
    dac_software_trigger_enable              0x08000cb5   Thumb Code    26  gd32f4xx_dac.o(i.dac_software_trigger_enable)
    delay                                    0x08000cd5   Thumb Code     8  lcd.o(i.delay)
    delay_1ms                                0x08000cdd   Thumb Code    12  systick.o(i.delay_1ms)
    delay_decrement                          0x08000ced   Thumb Code    16  systick.o(i.delay_decrement)
    eeprom_buffer_read_timeout               0x08000d01   Thumb Code   576  eeprom.o(i.eeprom_buffer_read_timeout)
    eeprom_buffer_write_timeout              0x080010c1   Thumb Code   186  eeprom.o(i.eeprom_buffer_write_timeout)
    eeprom_page_write_timeout                0x0800117d   Thumb Code   442  eeprom.o(i.eeprom_page_write_timeout)
    eeprom_wait_standby_state_timeout        0x08001409   Thumb Code   328  eeprom.o(i.eeprom_wait_standby_state_timeout)
    fputc                                    0x08001669   Thumb Code    12  usart.o(i.fputc)
    gpio_af_set                              0x08001675   Thumb Code   100  gd32f4xx_gpio.o(i.gpio_af_set)
    gpio_bit_reset                           0x080016d9   Thumb Code     4  gd32f4xx_gpio.o(i.gpio_bit_reset)
    gpio_bit_set                             0x080016dd   Thumb Code     4  gd32f4xx_gpio.o(i.gpio_bit_set)
    gpio_mode_set                            0x08001739   Thumb Code    72  gd32f4xx_gpio.o(i.gpio_mode_set)
    gpio_output_options_set                  0x08001781   Thumb Code    70  gd32f4xx_gpio.o(i.gpio_output_options_set)
    i2c_ack_config                           0x080017c7   Thumb Code    12  gd32f4xx_i2c.o(i.i2c_ack_config)
    i2c_ackpos_config                        0x080017d3   Thumb Code    12  gd32f4xx_i2c.o(i.i2c_ackpos_config)
    i2c_bus_reset                            0x080017e1   Thumb Code   126  i2c.o(i.i2c_bus_reset)
    i2c_clock_config                         0x08001869   Thumb Code   184  gd32f4xx_i2c.o(i.i2c_clock_config)
    i2c_config                               0x0800192d   Thumb Code    44  i2c.o(i.i2c_config)
    i2c_data_receive                         0x08001961   Thumb Code     6  gd32f4xx_i2c.o(i.i2c_data_receive)
    i2c_data_transmit                        0x08001967   Thumb Code     4  gd32f4xx_i2c.o(i.i2c_data_transmit)
    i2c_deinit                               0x0800196d   Thumb Code    82  gd32f4xx_i2c.o(i.i2c_deinit)
    i2c_eeprom_init                          0x080019c5   Thumb Code    14  eeprom.o(i.i2c_eeprom_init)
    i2c_enable                               0x080019d9   Thumb Code    10  gd32f4xx_i2c.o(i.i2c_enable)
    i2c_flag_clear                           0x080019e3   Thumb Code    34  gd32f4xx_i2c.o(i.i2c_flag_clear)
    i2c_flag_get                             0x08001a05   Thumb Code    26  gd32f4xx_i2c.o(i.i2c_flag_get)
    i2c_master_addressing                    0x08001a1f   Thumb Code    18  gd32f4xx_i2c.o(i.i2c_master_addressing)
    i2c_start_on_bus                         0x08001a31   Thumb Code    10  gd32f4xx_i2c.o(i.i2c_start_on_bus)
    i2c_stop_on_bus                          0x08001a3b   Thumb Code    10  gd32f4xx_i2c.o(i.i2c_stop_on_bus)
    main                                     0x08001ad9   Thumb Code   108  main.o(i.main)
    nvic_irq_enable                          0x08001b61   Thumb Code   150  gd32f4xx_misc.o(i.nvic_irq_enable)
    nvic_priority_group_set                  0x08001bfd   Thumb Code    10  gd32f4xx_misc.o(i.nvic_priority_group_set)
    rcu_clock_freq_get                       0x08001c11   Thumb Code   200  gd32f4xx_rcu.o(i.rcu_clock_freq_get)
    rcu_periph_clock_enable                  0x08001cf5   Thumb Code    26  gd32f4xx_rcu.o(i.rcu_periph_clock_enable)
    rcu_periph_reset_disable                 0x08001d15   Thumb Code    26  gd32f4xx_rcu.o(i.rcu_periph_reset_disable)
    rcu_periph_reset_enable                  0x08001d35   Thumb Code    26  gd32f4xx_rcu.o(i.rcu_periph_reset_enable)
    send_data                                0x08001d55   Thumb Code    26  usart.o(i.send_data)
    spi_enable                               0x08001d75   Thumb Code    10  gd32f4xx_spi.o(i.spi_enable)
    spi_i2s_data_transmit                    0x08001d7f   Thumb Code     4  gd32f4xx_spi.o(i.spi_i2s_data_transmit)
    spi_i2s_flag_get                         0x08001d83   Thumb Code    14  gd32f4xx_spi.o(i.spi_i2s_flag_get)
    spi_init                                 0x08001d91   Thumb Code    46  gd32f4xx_spi.o(i.spi_init)
    systick_config                           0x08001e71   Thumb Code    70  systick.o(i.systick_config)
    timer_disable                            0x08001ebd   Thumb Code    10  gd32f4xx_timer.o(i.timer_disable)
    timer_interrupt_flag_clear               0x08001ec7   Thumb Code     6  gd32f4xx_timer.o(i.timer_interrupt_flag_clear)
    timer_interrupt_flag_get                 0x08001ecd   Thumb Code    20  gd32f4xx_timer.o(i.timer_interrupt_flag_get)
    usart_all_config                         0x08001ee1   Thumb Code    18  usart.o(i.usart_all_config)
    usart_baudrate_set                       0x08001ef5   Thumb Code   176  gd32f4xx_usart.o(i.usart_baudrate_set)
    usart_data_first_config                  0x08001fad   Thumb Code    14  gd32f4xx_usart.o(i.usart_data_first_config)
    usart_data_receive                       0x08001fbb   Thumb Code     8  gd32f4xx_usart.o(i.usart_data_receive)
    usart_data_transmit                      0x08001fc3   Thumb Code     8  gd32f4xx_usart.o(i.usart_data_transmit)
    usart_deinit                             0x08001fcd   Thumb Code   214  gd32f4xx_usart.o(i.usart_deinit)
    usart_enable                             0x080020ad   Thumb Code    10  gd32f4xx_usart.o(i.usart_enable)
    usart_flag_get                           0x080020b7   Thumb Code    26  gd32f4xx_usart.o(i.usart_flag_get)
    usart_gpio_config                        0x080020d1   Thumb Code    98  usart.o(i.usart_gpio_config)
    usart_interrupt_enable                   0x08002139   Thumb Code    20  gd32f4xx_usart.o(i.usart_interrupt_enable)
    usart_interrupt_flag_get                 0x0800214d   Thumb Code    50  gd32f4xx_usart.o(i.usart_interrupt_flag_get)
    usart_param_config                       0x08002181   Thumb Code   108  usart.o(i.usart_param_config)
    usart_parity_config                      0x080021f1   Thumb Code    16  gd32f4xx_usart.o(i.usart_parity_config)
    usart_receive_config                     0x08002201   Thumb Code    12  gd32f4xx_usart.o(i.usart_receive_config)
    usart_stop_bit_set                       0x0800220d   Thumb Code    16  gd32f4xx_usart.o(i.usart_stop_bit_set)
    usart_transmit_config                    0x0800221d   Thumb Code    12  gd32f4xx_usart.o(i.usart_transmit_config)
    usart_word_length_set                    0x08002229   Thumb Code    16  gd32f4xx_usart.o(i.usart_word_length_set)
    gImage_b                                 0x08002238   Data       134408  main.o(.constdata)
    Region$$Table$$Base                      0x08022f40   Number         0  anon$$obj.o(Region$$Table)
    Region$$Table$$Limit                     0x08022f60   Number         0  anon$$obj.o(Region$$Table)
    SystemCoreClock                          0x20000004   Data           4  system_gd32f4xx.o(.data)
    lcd_Orientation                          0x20000008   Data           1  lcd.o(.data)
    g_recv_length                            0x2000000c   Data           4  usart.o(.data)
    audio_status                             0x20000010   Data           1  dac.o(.data)
    eeprom_address                           0x20000012   Data           2  eeprom.o(.data)
    __stdout                                 0x20000014   Data           4  stdout.o(.data)
    g_recv_buff                              0x20000018   Data        4096  usart.o(.bss)
    currentAudio                             0x20001018   Data          16  dac.o(.bss)
    __initial_sp                             0x20001428   Data           0  startup_gd32f450_470.o(STACK)



==============================================================================

Memory Map of the image

  Image Entry point : 0x080001ad

  Load Region LR_IROM1 (Base: 0x08000000, Size: 0x00022f78, Max: 0x00100000, ABSOLUTE)

    Execution Region ER_IROM1 (Exec base: 0x08000000, Load base: 0x08000000, Size: 0x00022f60, Max: 0x00100000, ABSOLUTE)

    Exec Addr    Load Addr    Size         Type   Attr      Idx    E Section Name        Object

    0x08000000   0x08000000   0x000001ac   Data   RO         2256    RESET               startup_gd32f450_470.o
    0x080001ac   0x080001ac   0x00000000   Code   RO         2810  * .ARM.Collect$$$$00000000  mc_w.l(entry.o)
    0x080001ac   0x080001ac   0x00000004   Code   RO         3084    .ARM.Collect$$$$00000001  mc_w.l(entry2.o)
    0x080001b0   0x080001b0   0x00000004   Code   RO         3087    .ARM.Collect$$$$00000004  mc_w.l(entry5.o)
    0x080001b4   0x080001b4   0x00000000   Code   RO         3089    .ARM.Collect$$$$00000008  mc_w.l(entry7b.o)
    0x080001b4   0x080001b4   0x00000000   Code   RO         3091    .ARM.Collect$$$$0000000A  mc_w.l(entry8b.o)
    0x080001b4   0x080001b4   0x00000008   Code   RO         3092    .ARM.Collect$$$$0000000B  mc_w.l(entry9a.o)
    0x080001bc   0x080001bc   0x00000000   Code   RO         3094    .ARM.Collect$$$$0000000D  mc_w.l(entry10a.o)
    0x080001bc   0x080001bc   0x00000000   Code   RO         3096    .ARM.Collect$$$$0000000F  mc_w.l(entry11a.o)
    0x080001bc   0x080001bc   0x00000004   Code   RO         3085    .ARM.Collect$$$$00002712  mc_w.l(entry2.o)
    0x080001c0   0x080001c0   0x00000024   Code   RO         2257    .text               startup_gd32f450_470.o
    0x080001e4   0x080001e4   0x00000062   Code   RO         3101    .text               mc_w.l(uldiv.o)
    0x08000246   0x08000246   0x0000001e   Code   RO         3103    .text               mc_w.l(llshl.o)
    0x08000264   0x08000264   0x00000024   Code   RO         3125    .text               mc_w.l(init.o)
    0x08000288   0x08000288   0x00000020   Code   RO         3127    .text               mc_w.l(llushr.o)
    0x080002a8   0x080002a8   0x00000002   Code   RO            3    i.BusFault_Handler  gd32f4xx_it.o
    0x080002aa   0x080002aa   0x00000002   Code   RO            4    i.DebugMon_Handler  gd32f4xx_it.o
    0x080002ac   0x080002ac   0x00000002   Code   RO            5    i.HardFault_Handler  gd32f4xx_it.o
    0x080002ae   0x080002ae   0x00000050   Code   RO         2320    i.LCD_ShowPicture   gui.o
    0x080002fe   0x080002fe   0x00000002   PAD
    0x08000300   0x08000300   0x0000002c   Code   RO         2446    i.LCD_Writ_Bus      lcd.o
    0x0800032c   0x0800032c   0x000001a4   Code   RO         2449    i.Lcd_Init          lcd.o
    0x080004d0   0x080004d0   0x00000068   Code   RO         2450    i.Lcd_PushStart     lcd.o
    0x08000538   0x08000538   0x0000001c   Code   RO         2451    i.Lcd_SetOrientation  lcd.o
    0x08000554   0x08000554   0x00000024   Code   RO         2452    i.Lcd_WriteCom      lcd.o
    0x08000578   0x08000578   0x00000004   Code   RO         2453    i.Lcd_WriteData     lcd.o
    0x0800057c   0x0800057c   0x00000014   Code   RO         2454    i.Lcd_WriteData16   lcd.o
    0x08000590   0x08000590   0x00000002   Code   RO            6    i.MemManage_Handler  gd32f4xx_it.o
    0x08000592   0x08000592   0x00000002   Code   RO            7    i.NMI_Handler       gd32f4xx_it.o
    0x08000594   0x08000594   0x00000020   Code   RO          259    i.NVIC_SetPriority  systick.o
    0x080005b4   0x080005b4   0x00000002   Code   RO            8    i.PendSV_Handler    gd32f4xx_it.o
    0x080005b6   0x080005b6   0x00000002   Code   RO            9    i.SVC_Handler       gd32f4xx_it.o
    0x080005b8   0x080005b8   0x00000078   Code   RO         2528    i.Spi4_Init         spi4.o
    0x08000630   0x08000630   0x0000002c   Code   RO         2529    i.Spi4_Write        spi4.o
    0x0800065c   0x0800065c   0x00000004   Code   RO           10    i.SysTick_Handler   gd32f4xx_it.o
    0x08000660   0x08000660   0x00000094   Code   RO         2264    i.SystemInit        system_gd32f4xx.o
    0x080006f4   0x080006f4   0x00000060   Code   RO         2624    i.TIMER3_IRQHandler  dac.o
    0x08000754   0x08000754   0x0000006c   Code   RO         2554    i.USART0_IRQHandler  usart.o
    0x080007c0   0x080007c0   0x00000002   Code   RO           11    i.UsageFault_Handler  gd32f4xx_it.o
    0x080007c2   0x080007c2   0x00000002   PAD
    0x080007c4   0x080007c4   0x00000020   Code   RO         3020    i.__0printf$8       mc_w.l(printf8.o)
    0x080007e4   0x080007e4   0x0000000e   Code   RO         3131    i.__scatterload_copy  mc_w.l(handlers.o)
    0x080007f2   0x080007f2   0x00000002   Code   RO         3132    i.__scatterload_null  mc_w.l(handlers.o)
    0x080007f4   0x080007f4   0x0000000e   Code   RO         3133    i.__scatterload_zeroinit  mc_w.l(handlers.o)
    0x08000802   0x08000802   0x00000002   PAD
    0x08000804   0x08000804   0x00000410   Code   RO         3027    i._printf_core      mc_w.l(printf8.o)
    0x08000c14   0x08000c14   0x00000024   Code   RO         3028    i._printf_post_padding  mc_w.l(printf8.o)
    0x08000c38   0x08000c38   0x0000002e   Code   RO         3029    i._printf_pre_padding  mc_w.l(printf8.o)
    0x08000c66   0x08000c66   0x00000002   PAD
    0x08000c68   0x08000c68   0x0000004c   Code   RO         1365    i.dac_data_set      gd32f4xx_dac.o
    0x08000cb4   0x08000cb4   0x00000020   Code   RO         1382    i.dac_software_trigger_enable  gd32f4xx_dac.o
    0x08000cd4   0x08000cd4   0x00000008   Code   RO         2455    i.delay             lcd.o
    0x08000cdc   0x08000cdc   0x00000010   Code   RO          260    i.delay_1ms         systick.o
    0x08000cec   0x08000cec   0x00000014   Code   RO          261    i.delay_decrement   systick.o
    0x08000d00   0x08000d00   0x000003c0   Code   RO         2706    i.eeprom_buffer_read_timeout  eeprom.o
    0x080010c0   0x080010c0   0x000000ba   Code   RO         2707    i.eeprom_buffer_write_timeout  eeprom.o
    0x0800117a   0x0800117a   0x00000002   PAD
    0x0800117c   0x0800117c   0x0000028c   Code   RO         2709    i.eeprom_page_write_timeout  eeprom.o
    0x08001408   0x08001408   0x00000260   Code   RO         2710    i.eeprom_wait_standby_state_timeout  eeprom.o
    0x08001668   0x08001668   0x0000000c   Code   RO         2555    i.fputc             usart.o
    0x08001674   0x08001674   0x00000064   Code   RO          302    i.gpio_af_set       gd32f4xx_gpio.o
    0x080016d8   0x080016d8   0x00000004   Code   RO          303    i.gpio_bit_reset    gd32f4xx_gpio.o
    0x080016dc   0x080016dc   0x00000004   Code   RO          304    i.gpio_bit_set      gd32f4xx_gpio.o
    0x080016e0   0x080016e0   0x00000058   Code   RO         2769    i.gpio_config       i2c.o
    0x08001738   0x08001738   0x00000048   Code   RO          310    i.gpio_mode_set     gd32f4xx_gpio.o
    0x08001780   0x08001780   0x00000046   Code   RO          312    i.gpio_output_options_set  gd32f4xx_gpio.o
    0x080017c6   0x080017c6   0x0000000c   Code   RO         2014    i.i2c_ack_config    gd32f4xx_i2c.o
    0x080017d2   0x080017d2   0x0000000c   Code   RO         2015    i.i2c_ackpos_config  gd32f4xx_i2c.o
    0x080017de   0x080017de   0x00000002   PAD
    0x080017e0   0x080017e0   0x00000088   Code   RO         2770    i.i2c_bus_reset     i2c.o
    0x08001868   0x08001868   0x000000c4   Code   RO         2018    i.i2c_clock_config  gd32f4xx_i2c.o
    0x0800192c   0x0800192c   0x00000034   Code   RO         2771    i.i2c_config        i2c.o
    0x08001960   0x08001960   0x00000006   Code   RO         2019    i.i2c_data_receive  gd32f4xx_i2c.o
    0x08001966   0x08001966   0x00000004   Code   RO         2020    i.i2c_data_transmit  gd32f4xx_i2c.o
    0x0800196a   0x0800196a   0x00000002   PAD
    0x0800196c   0x0800196c   0x00000058   Code   RO         2021    i.i2c_deinit        gd32f4xx_i2c.o
    0x080019c4   0x080019c4   0x00000014   Code   RO         2712    i.i2c_eeprom_init   eeprom.o
    0x080019d8   0x080019d8   0x0000000a   Code   RO         2028    i.i2c_enable        gd32f4xx_i2c.o
    0x080019e2   0x080019e2   0x00000022   Code   RO         2029    i.i2c_flag_clear    gd32f4xx_i2c.o
    0x08001a04   0x08001a04   0x0000001a   Code   RO         2030    i.i2c_flag_get      gd32f4xx_i2c.o
    0x08001a1e   0x08001a1e   0x00000012   Code   RO         2035    i.i2c_master_addressing  gd32f4xx_i2c.o
    0x08001a30   0x08001a30   0x0000000a   Code   RO         2049    i.i2c_start_on_bus  gd32f4xx_i2c.o
    0x08001a3a   0x08001a3a   0x0000000a   Code   RO         2050    i.i2c_stop_on_bus   gd32f4xx_i2c.o
    0x08001a44   0x08001a44   0x00000094   Code   RO         2456    i.lcd_gpio_init     lcd.o
    0x08001ad8   0x08001ad8   0x00000088   Code   RO          199    i.main              main.o
    0x08001b60   0x08001b60   0x0000009c   Code   RO          703    i.nvic_irq_enable   gd32f4xx_misc.o
    0x08001bfc   0x08001bfc   0x00000014   Code   RO          704    i.nvic_priority_group_set  gd32f4xx_misc.o
    0x08001c10   0x08001c10   0x000000e4   Code   RO          415    i.rcu_clock_freq_get  gd32f4xx_rcu.o
    0x08001cf4   0x08001cf4   0x00000020   Code   RO          434    i.rcu_periph_clock_enable  gd32f4xx_rcu.o
    0x08001d14   0x08001d14   0x00000020   Code   RO          437    i.rcu_periph_reset_disable  gd32f4xx_rcu.o
    0x08001d34   0x08001d34   0x00000020   Code   RO          438    i.rcu_periph_reset_enable  gd32f4xx_rcu.o
    0x08001d54   0x08001d54   0x00000020   Code   RO         2556    i.send_data         usart.o
    0x08001d74   0x08001d74   0x0000000a   Code   RO          774    i.spi_enable        gd32f4xx_spi.o
    0x08001d7e   0x08001d7e   0x00000004   Code   RO          777    i.spi_i2s_data_transmit  gd32f4xx_spi.o
    0x08001d82   0x08001d82   0x0000000e   Code   RO          779    i.spi_i2s_flag_get  gd32f4xx_spi.o
    0x08001d90   0x08001d90   0x0000002e   Code   RO          784    i.spi_init          gd32f4xx_spi.o
    0x08001dbe   0x08001dbe   0x00000002   PAD
    0x08001dc0   0x08001dc0   0x000000ac   Code   RO         2265    i.system_clock_240m_irc16m  system_gd32f4xx.o
    0x08001e6c   0x08001e6c   0x00000004   Code   RO         2266    i.system_clock_config  system_gd32f4xx.o
    0x08001e70   0x08001e70   0x0000004c   Code   RO          262    i.systick_config    systick.o
    0x08001ebc   0x08001ebc   0x0000000a   Code   RO         1601    i.timer_disable     gd32f4xx_timer.o
    0x08001ec6   0x08001ec6   0x00000006   Code   RO         1623    i.timer_interrupt_flag_clear  gd32f4xx_timer.o
    0x08001ecc   0x08001ecc   0x00000014   Code   RO         1624    i.timer_interrupt_flag_get  gd32f4xx_timer.o
    0x08001ee0   0x08001ee0   0x00000012   Code   RO         2558    i.usart_all_config  usart.o
    0x08001ef2   0x08001ef2   0x00000002   PAD
    0x08001ef4   0x08001ef4   0x000000b8   Code   RO         1013    i.usart_baudrate_set  gd32f4xx_usart.o
    0x08001fac   0x08001fac   0x0000000e   Code   RO         1016    i.usart_data_first_config  gd32f4xx_usart.o
    0x08001fba   0x08001fba   0x00000008   Code   RO         1017    i.usart_data_receive  gd32f4xx_usart.o
    0x08001fc2   0x08001fc2   0x00000008   Code   RO         1018    i.usart_data_transmit  gd32f4xx_usart.o
    0x08001fca   0x08001fca   0x00000002   PAD
    0x08001fcc   0x08001fcc   0x000000e0   Code   RO         1019    i.usart_deinit      gd32f4xx_usart.o
    0x080020ac   0x080020ac   0x0000000a   Code   RO         1023    i.usart_enable      gd32f4xx_usart.o
    0x080020b6   0x080020b6   0x0000001a   Code   RO         1025    i.usart_flag_get    gd32f4xx_usart.o
    0x080020d0   0x080020d0   0x00000068   Code   RO         2559    i.usart_gpio_config  usart.o
    0x08002138   0x08002138   0x00000014   Code   RO         1033    i.usart_interrupt_enable  gd32f4xx_usart.o
    0x0800214c   0x0800214c   0x00000032   Code   RO         1035    i.usart_interrupt_flag_get  gd32f4xx_usart.o
    0x0800217e   0x0800217e   0x00000002   PAD
    0x08002180   0x08002180   0x00000070   Code   RO         2560    i.usart_param_config  usart.o
    0x080021f0   0x080021f0   0x00000010   Code   RO         1048    i.usart_parity_config  gd32f4xx_usart.o
    0x08002200   0x08002200   0x0000000c   Code   RO         1050    i.usart_receive_config  gd32f4xx_usart.o
    0x0800220c   0x0800220c   0x00000010   Code   RO         1061    i.usart_stop_bit_set  gd32f4xx_usart.o
    0x0800221c   0x0800221c   0x0000000c   Code   RO         1065    i.usart_transmit_config  gd32f4xx_usart.o
    0x08002228   0x08002228   0x00000010   Code   RO         1066    i.usart_word_length_set  gd32f4xx_usart.o
    0x08002238   0x08002238   0x00020d08   Data   RO          201    .constdata          main.o
    0x08022f40   0x08022f40   0x00000020   Data   RO         3129    Region$$Table       anon$$obj.o


    Execution Region RW_IRAM1 (Exec base: 0x20000000, Load base: 0x08022f60, Size: 0x00001428, Max: 0x00070000, ABSOLUTE)

    Exec Addr    Load Addr    Size         Type   Attr      Idx    E Section Name        Object

    0x20000000   0x08022f60   0x00000004   Data   RW          263    .data               systick.o
    0x20000004   0x08022f64   0x00000004   Data   RW         2267    .data               system_gd32f4xx.o
    0x20000008   0x08022f68   0x00000001   Data   RW         2457    .data               lcd.o
    0x20000009   0x08022f69   0x00000003   PAD
    0x2000000c   0x08022f6c   0x00000004   Data   RW         2563    .data               usart.o
    0x20000010   0x08022f70   0x00000001   Data   RW         2631    .data               dac.o
    0x20000011   0x08022f71   0x00000001   PAD
    0x20000012   0x08022f72   0x00000002   Data   RW         2713    .data               eeprom.o
    0x20000014   0x08022f74   0x00000004   Data   RW         3098    .data               mc_w.l(stdout.o)
    0x20000018        -       0x00001000   Zero   RW         2562    .bss                usart.o
    0x20001018        -       0x00000010   Zero   RW         2630    .bss                dac.o
    0x20001028        -       0x00000400   Zero   RW         2254    STACK               startup_gd32f450_470.o


==============================================================================

Image component sizes


      Code (inc. data)   RO Data    RW Data    ZI Data      Debug   Object Name

        96         12          0          1         16       1512   dac.o
      2426        892          0          2          0       6206   eeprom.o
       108         12          0          0          0       1373   gd32f4xx_dac.o
       250          0          0          0          0       3732   gd32f4xx_gpio.o
       426         18          0          0          0       8074   gd32f4xx_i2c.o
        20          0          0          0          0      57906   gd32f4xx_it.o
       176         16          0          0          0       1516   gd32f4xx_misc.o
       324         46          0          0          0       4116   gd32f4xx_rcu.o
        74          0          0          0          0       3335   gd32f4xx_spi.o
        36          0          0          0          0       1988   gd32f4xx_timer.o
       616         18          0          0          0       9759   gd32f4xx_usart.o
        80          0          0          0          0       1282   gui.o
       276         22          0          0          0       1509   i2c.o
       812         40          0          1          0       5410   lcd.o
       136         28     134408          0          0       2295   main.o
       164         12          0          0          0       1121   spi4.o
        36          8        428          0       1024        888   startup_gd32f450_470.o
       324         32          0          4          0       3023   system_gd32f4xx.o
       144         14          0          4          0      29098   systick.o
       386         50          0          4       4096       5348   usart.o

    ----------------------------------------------------------------------
      6928       1220     134868         20       5136     149491   Object Totals
         0          0         32          0          0          0   (incl. Generated)
        18          0          0          4          0          0   (incl. Padding)

    ----------------------------------------------------------------------

      Code (inc. data)   RO Data    RW Data    ZI Data      Debug   Library Member Name

         0          0          0          0          0          0   entry.o
         0          0          0          0          0          0   entry10a.o
         0          0          0          0          0          0   entry11a.o
         8          4          0          0          0          0   entry2.o
         4          0          0          0          0          0   entry5.o
         0          0          0          0          0          0   entry7b.o
         0          0          0          0          0          0   entry8b.o
         8          4          0          0          0          0   entry9a.o
        30          0          0          0          0          0   handlers.o
        36          8          0          0          0         68   init.o
        30          0          0          0          0         68   llshl.o
        32          0          0          0          0         68   llushr.o
      1154         54          0          0          0        352   printf8.o
         0          0          0          4          0          0   stdout.o
        98          0          0          0          0         92   uldiv.o

    ----------------------------------------------------------------------
      1404         70          0          4          0        648   Library Totals
         4          0          0          0          0          0   (incl. Padding)

    ----------------------------------------------------------------------

      Code (inc. data)   RO Data    RW Data    ZI Data      Debug   Library Name

      1400         70          0          4          0        648   mc_w.l

    ----------------------------------------------------------------------
      1404         70          0          4          0        648   Library Totals

    ----------------------------------------------------------------------

==============================================================================


      Code (inc. data)   RO Data    RW Data    ZI Data      Debug   

      8332       1290     134868         24       5136     141683   Grand Totals
      8332       1290     134868         24       5136     141683   ELF Image Totals
      8332       1290     134868         24          0          0   ROM Totals

==============================================================================

    Total RO  Size (Code + RO Data)               143200 ( 139.84kB)
    Total RW  Size (RW Data + ZI Data)              5160 (   5.04kB)
    Total ROM Size (Code + RO Data + RW Data)     143224 ( 139.87kB)

==============================================================================

