<html>
<body>
<pre>
<h1>µVision Build Log</h1>
<h2>Tool Versions:</h2>
IDE-Version: ¦ÌVision V5.38.0.0
Copyright (C) 2022 ARM Ltd and ARM Germany GmbH. All rights reserved.
License Information: ctc DELL, ccc, LIC=SDA0P-MU33I-EVR1R-KXB7W-R67J9-RLQG4
 
Tool Versions:
Toolchain:       MDK-ARM Plus  Version: 5.38.0.0
Toolchain Path:  D:\instal\Keill_MDK\ARM\ARMCC\Bin
C Compiler:      Armcc.exe V5.06 update 6 (build 750)
Assembler:       Armasm.exe V5.06 update 6 (build 750)
Linker/Locator:  ArmLink.exe V5.06 update 6 (build 750)
Library Manager: ArmAr.exe V5.06 update 6 (build 750)
Hex Converter:   FromElf.exe V5.06 update 6 (build 750)
CPU DLL:         SARMCM3.DLL V5.38.0.0
Dialog DLL:      DCM.DLL V1.17.5.0
Target DLL:      CMSIS_AGDI.dll V1.33.15.0
Dialog DLL:      TCM.DLL V1.56.4.0
 
<h2>Project:</h2>
D:\GD32workspace\code\day6.0key_intr\Project\GD32F470.uvprojx
Project File Date:  05/15/2023

<h2>Output:</h2>
*** Using Compiler 'V5.06 update 6 (build 750)', folder: 'D:\instal\Keill_MDK\ARM\ARMCC\Bin'
Rebuild target 'Target 1'
compiling gd32f4xx_it.c...
compiling gd32f4xx_rcu.c...
compiling gd32f4xx_misc.c...
compiling gd32f4xx_exti.c...
compiling systick.c...
compiling main.c...
..\Hardware\LED\led.h(46): warning:  #1-D: last line of file ends without a newline
  #endif
..\Hardware\KEY\key.h(92): warning:  #1-D: last line of file ends without a newline
  #endif
..\Hardware\usart\usart.h(44): warning:  #1-D: last line of file ends without a newline
  #endif 
..\User\main.c: 3 warnings, 0 errors
compiling gd32f4xx_gpio.c...
assembling startup_gd32f450_470.s...
compiling gd32f4xx_syscfg.c...
compiling gd32f4xx_usart.c...
compiling led.c...
..\Hardware\LED\led.h(46): warning:  #1-D: last line of file ends without a newline
  #endif
..\Hardware\LED\led.c: 1 warning, 0 errors
compiling usart.c...
..\Hardware\usart\usart.h(44): warning:  #1-D: last line of file ends without a newline
  #endif 
..\Hardware\usart\usart.c: 1 warning, 0 errors
compiling system_gd32f4xx.c...
compiling key.c...
..\Hardware\LED\led.h(46): warning:  #1-D: last line of file ends without a newline
  #endif
..\Hardware\KEY\key.h(92): warning:  #1-D: last line of file ends without a newline
  #endif
..\Hardware\KEY\key.c(113): warning:  #1-D: last line of file ends without a newline
  //===================================================
..\Hardware\KEY\key.c: 3 warnings, 0 errors
linking...
Program Size: Code=3976 RO-data=460 RW-data=16 ZI-data=5120  
FromELF: creating hex file...
".\Objects\GD32F470.axf" - 0 Error(s), 8 Warning(s).

<h2>Software Packages used:</h2>

Package Vendor: GigaDevice
                https://gd32mcu.com/data/documents/pack/GigaDevice.GD32F4xx_DFP.3.0.3.pack
                GigaDevice.GD32F4xx_DFP.3.0.3
                GigaDevice GD32F4xx Series Device Support and Examples

<h2>Collection of Component include folders:</h2>
  D:/instal/MDK_Pack/GigaDevice/GD32F4xx_DFP/3.0.3/Device/F4XX/Include

<h2>Collection of Component Files used:</h2>
Build Time Elapsed:  00:00:03
</pre>
</body>
</html>
