Component: ARM Compiler 5.06 update 6 (build 750) Tool: armlink [4d35ed]

==============================================================================

Section Cross References

    gd32f4xx_it.o(i.SysTick_Handler) refers to systick.o(i.delay_decrement) for delay_decrement
    main.o(i.main) refers to systick.o(i.systick_config) for systick_config
    main.o(i.main) refers to gd32f4xx_misc.o(i.nvic_priority_group_set) for nvic_priority_group_set
    main.o(i.main) refers to usart.o(i.usart_all_config) for usart_all_config
    main.o(i.main) refers to key.o(i.key_led_run) for key_led_run
    systick.o(i.delay_1ms) refers to systick.o(.data) for .data
    systick.o(i.delay_decrement) refers to systick.o(.data) for .data
    systick.o(i.systick_config) refers to systick.o(i.NVIC_SetPriority) for NVIC_SetPriority
    systick.o(i.systick_config) refers to system_gd32f4xx.o(.data) for SystemCoreClock
    gd32f4xx_gpio.o(i.gpio_deinit) refers to gd32f4xx_rcu.o(i.rcu_periph_reset_enable) for rcu_periph_reset_enable
    gd32f4xx_gpio.o(i.gpio_deinit) refers to gd32f4xx_rcu.o(i.rcu_periph_reset_disable) for rcu_periph_reset_disable
    gd32f4xx_rcu.o(i.rcu_deinit) refers to gd32f4xx_rcu.o(i.rcu_osci_stab_wait) for rcu_osci_stab_wait
    gd32f4xx_rcu.o(i.rcu_osci_stab_wait) refers to gd32f4xx_rcu.o(i.rcu_flag_get) for rcu_flag_get
    gd32f4xx_misc.o(i.nvic_irq_enable) refers to gd32f4xx_misc.o(i.nvic_priority_group_set) for nvic_priority_group_set
    gd32f4xx_syscfg.o(i.syscfg_deinit) refers to gd32f4xx_rcu.o(i.rcu_periph_reset_enable) for rcu_periph_reset_enable
    gd32f4xx_syscfg.o(i.syscfg_deinit) refers to gd32f4xx_rcu.o(i.rcu_periph_reset_disable) for rcu_periph_reset_disable
    gd32f4xx_usart.o(i.usart_baudrate_set) refers to gd32f4xx_rcu.o(i.rcu_clock_freq_get) for rcu_clock_freq_get
    gd32f4xx_usart.o(i.usart_deinit) refers to gd32f4xx_rcu.o(i.rcu_periph_reset_enable) for rcu_periph_reset_enable
    gd32f4xx_usart.o(i.usart_deinit) refers to gd32f4xx_rcu.o(i.rcu_periph_reset_disable) for rcu_periph_reset_disable
    startup_gd32f450_470.o(RESET) refers to startup_gd32f450_470.o(STACK) for __initial_sp
    startup_gd32f450_470.o(RESET) refers to startup_gd32f450_470.o(.text) for Reset_Handler
    startup_gd32f450_470.o(RESET) refers to gd32f4xx_it.o(i.NMI_Handler) for NMI_Handler
    startup_gd32f450_470.o(RESET) refers to gd32f4xx_it.o(i.HardFault_Handler) for HardFault_Handler
    startup_gd32f450_470.o(RESET) refers to gd32f4xx_it.o(i.MemManage_Handler) for MemManage_Handler
    startup_gd32f450_470.o(RESET) refers to gd32f4xx_it.o(i.BusFault_Handler) for BusFault_Handler
    startup_gd32f450_470.o(RESET) refers to gd32f4xx_it.o(i.UsageFault_Handler) for UsageFault_Handler
    startup_gd32f450_470.o(RESET) refers to gd32f4xx_it.o(i.SVC_Handler) for SVC_Handler
    startup_gd32f450_470.o(RESET) refers to gd32f4xx_it.o(i.DebugMon_Handler) for DebugMon_Handler
    startup_gd32f450_470.o(RESET) refers to gd32f4xx_it.o(i.PendSV_Handler) for PendSV_Handler
    startup_gd32f450_470.o(RESET) refers to gd32f4xx_it.o(i.SysTick_Handler) for SysTick_Handler
    startup_gd32f450_470.o(RESET) refers to key.o(i.EXTI0_IRQHandler) for EXTI0_IRQHandler
    startup_gd32f450_470.o(RESET) refers to key.o(i.EXTI2_IRQHandler) for EXTI2_IRQHandler
    startup_gd32f450_470.o(RESET) refers to key.o(i.EXTI5_9_IRQHandler) for EXTI5_9_IRQHandler
    startup_gd32f450_470.o(RESET) refers to usart.o(i.USART0_IRQHandler) for USART0_IRQHandler
    startup_gd32f450_470.o(RESET) refers to key.o(i.EXTI10_15_IRQHandler) for EXTI10_15_IRQHandler
    startup_gd32f450_470.o(.text) refers to system_gd32f4xx.o(i.SystemInit) for SystemInit
    startup_gd32f450_470.o(.text) refers to entry.o(.ARM.Collect$$$$00000000) for __main
    system_gd32f4xx.o(i.SystemCoreClockUpdate) refers to system_gd32f4xx.o(.data) for .data
    system_gd32f4xx.o(i.SystemInit) refers to system_gd32f4xx.o(i.system_clock_config) for system_clock_config
    system_gd32f4xx.o(i.system_clock_config) refers to system_gd32f4xx.o(i.system_clock_240m_irc16m) for system_clock_240m_irc16m
    led.o(i.led_config) refers to gd32f4xx_rcu.o(i.rcu_periph_clock_enable) for rcu_periph_clock_enable
    led.o(i.led_config) refers to gd32f4xx_gpio.o(i.gpio_mode_set) for gpio_mode_set
    led.o(i.led_config) refers to gd32f4xx_gpio.o(i.gpio_output_options_set) for gpio_output_options_set
    key.o(i.EXTI0_IRQHandler) refers to gd32f4xx_exti.o(i.exti_interrupt_flag_get) for exti_interrupt_flag_get
    key.o(i.EXTI0_IRQHandler) refers to printf3.o(i.__0printf$3) for __2printf
    key.o(i.EXTI0_IRQHandler) refers to gd32f4xx_gpio.o(i.gpio_input_bit_get) for gpio_input_bit_get
    key.o(i.EXTI0_IRQHandler) refers to gd32f4xx_gpio.o(i.gpio_bit_toggle) for gpio_bit_toggle
    key.o(i.EXTI0_IRQHandler) refers to gd32f4xx_exti.o(i.exti_interrupt_flag_clear) for exti_interrupt_flag_clear
    key.o(i.EXTI0_IRQHandler) refers to systick.o(i.delay_1ms) for delay_1ms
    key.o(i.EXTI10_15_IRQHandler) refers to gd32f4xx_exti.o(i.exti_interrupt_flag_get) for exti_interrupt_flag_get
    key.o(i.EXTI10_15_IRQHandler) refers to gd32f4xx_gpio.o(i.gpio_input_bit_get) for gpio_input_bit_get
    key.o(i.EXTI10_15_IRQHandler) refers to gd32f4xx_gpio.o(i.gpio_bit_toggle) for gpio_bit_toggle
    key.o(i.EXTI10_15_IRQHandler) refers to gd32f4xx_exti.o(i.exti_interrupt_flag_clear) for exti_interrupt_flag_clear
    key.o(i.EXTI10_15_IRQHandler) refers to systick.o(i.delay_1ms) for delay_1ms
    key.o(i.EXTI2_IRQHandler) refers to gd32f4xx_exti.o(i.exti_interrupt_flag_get) for exti_interrupt_flag_get
    key.o(i.EXTI2_IRQHandler) refers to printf3.o(i.__0printf$3) for __2printf
    key.o(i.EXTI2_IRQHandler) refers to gd32f4xx_gpio.o(i.gpio_input_bit_get) for gpio_input_bit_get
    key.o(i.EXTI2_IRQHandler) refers to gd32f4xx_gpio.o(i.gpio_bit_toggle) for gpio_bit_toggle
    key.o(i.EXTI2_IRQHandler) refers to gd32f4xx_exti.o(i.exti_interrupt_flag_clear) for exti_interrupt_flag_clear
    key.o(i.EXTI2_IRQHandler) refers to gd32f4xx_exti.o(i.exti_flag_clear) for exti_flag_clear
    key.o(i.EXTI2_IRQHandler) refers to systick.o(i.delay_1ms) for delay_1ms
    key.o(i.EXTI5_9_IRQHandler) refers to gd32f4xx_exti.o(i.exti_interrupt_flag_get) for exti_interrupt_flag_get
    key.o(i.EXTI5_9_IRQHandler) refers to gd32f4xx_gpio.o(i.gpio_input_bit_get) for gpio_input_bit_get
    key.o(i.EXTI5_9_IRQHandler) refers to gd32f4xx_gpio.o(i.gpio_bit_toggle) for gpio_bit_toggle
    key.o(i.EXTI5_9_IRQHandler) refers to gd32f4xx_exti.o(i.exti_interrupt_flag_clear) for exti_interrupt_flag_clear
    key.o(i.EXTI5_9_IRQHandler) refers to systick.o(i.delay_1ms) for delay_1ms
    key.o(i.all_key_interrupt_config) refers to key.o(i.single_key_interrupt_config) for single_key_interrupt_config
    key.o(i.key_led_run) refers to led.o(i.led_config) for led_config
    key.o(i.key_led_run) refers to key.o(i.all_key_interrupt_config) for all_key_interrupt_config
    key.o(i.single_key_interrupt_config) refers to gd32f4xx_rcu.o(i.rcu_periph_clock_enable) for rcu_periph_clock_enable
    key.o(i.single_key_interrupt_config) refers to gd32f4xx_gpio.o(i.gpio_mode_set) for gpio_mode_set
    key.o(i.single_key_interrupt_config) refers to gd32f4xx_misc.o(i.nvic_irq_enable) for nvic_irq_enable
    key.o(i.single_key_interrupt_config) refers to gd32f4xx_syscfg.o(i.syscfg_exti_line_config) for syscfg_exti_line_config
    key.o(i.single_key_interrupt_config) refers to gd32f4xx_exti.o(i.exti_init) for exti_init
    key.o(i.single_key_interrupt_config) refers to gd32f4xx_exti.o(i.exti_interrupt_enable) for exti_interrupt_enable
    key.o(i.single_key_interrupt_config) refers to gd32f4xx_exti.o(i.exti_interrupt_flag_clear) for exti_interrupt_flag_clear
    usart.o(i.USART0_IRQHandler) refers to gd32f4xx_usart.o(i.usart_interrupt_flag_get) for usart_interrupt_flag_get
    usart.o(i.USART0_IRQHandler) refers to gd32f4xx_usart.o(i.usart_data_receive) for usart_data_receive
    usart.o(i.USART0_IRQHandler) refers to printf3.o(i.__0printf$3) for __2printf
    usart.o(i.USART0_IRQHandler) refers to usart.o(.bss) for .bss
    usart.o(i.USART0_IRQHandler) refers to usart.o(.data) for .data
    usart.o(i.fputc) refers to usart.o(i.send_data) for send_data
    usart.o(i.send_data) refers to gd32f4xx_usart.o(i.usart_data_transmit) for usart_data_transmit
    usart.o(i.send_data) refers to gd32f4xx_usart.o(i.usart_flag_get) for usart_flag_get
    usart.o(i.send_string) refers to usart.o(i.send_data) for send_data
    usart.o(i.usart_all_config) refers to usart.o(i.usart_gpio_config) for usart_gpio_config
    usart.o(i.usart_all_config) refers to usart.o(i.usart_param_config) for usart_param_config
    usart.o(i.usart_gpio_config) refers to gd32f4xx_rcu.o(i.rcu_periph_clock_enable) for rcu_periph_clock_enable
    usart.o(i.usart_gpio_config) refers to gd32f4xx_gpio.o(i.gpio_af_set) for gpio_af_set
    usart.o(i.usart_gpio_config) refers to gd32f4xx_gpio.o(i.gpio_mode_set) for gpio_mode_set
    usart.o(i.usart_gpio_config) refers to gd32f4xx_gpio.o(i.gpio_output_options_set) for gpio_output_options_set
    usart.o(i.usart_param_config) refers to gd32f4xx_usart.o(i.usart_deinit) for usart_deinit
    usart.o(i.usart_param_config) refers to gd32f4xx_usart.o(i.usart_baudrate_set) for usart_baudrate_set
    usart.o(i.usart_param_config) refers to gd32f4xx_usart.o(i.usart_parity_config) for usart_parity_config
    usart.o(i.usart_param_config) refers to gd32f4xx_usart.o(i.usart_word_length_set) for usart_word_length_set
    usart.o(i.usart_param_config) refers to gd32f4xx_usart.o(i.usart_stop_bit_set) for usart_stop_bit_set
    usart.o(i.usart_param_config) refers to gd32f4xx_usart.o(i.usart_data_first_config) for usart_data_first_config
    usart.o(i.usart_param_config) refers to gd32f4xx_usart.o(i.usart_enable) for usart_enable
    usart.o(i.usart_param_config) refers to gd32f4xx_usart.o(i.usart_transmit_config) for usart_transmit_config
    usart.o(i.usart_param_config) refers to gd32f4xx_usart.o(i.usart_receive_config) for usart_receive_config
    usart.o(i.usart_param_config) refers to gd32f4xx_misc.o(i.nvic_irq_enable) for nvic_irq_enable
    usart.o(i.usart_param_config) refers to gd32f4xx_usart.o(i.usart_interrupt_enable) for usart_interrupt_enable
    usart.o(i.usart_run) refers to usart.o(i.usart_gpio_config) for usart_gpio_config
    usart.o(i.usart_run) refers to usart.o(i.usart_param_config) for usart_param_config
    usart.o(i.usart_run) refers to printf3.o(i.__0printf$3) for __2printf
    entry.o(.ARM.Collect$$$$00000000) refers (Special) to entry10a.o(.ARM.Collect$$$$0000000D) for __rt_final_cpp
    entry.o(.ARM.Collect$$$$00000000) refers (Special) to entry11a.o(.ARM.Collect$$$$0000000F) for __rt_final_exit
    entry.o(.ARM.Collect$$$$00000000) refers (Special) to entry7b.o(.ARM.Collect$$$$00000008) for _main_clock
    entry.o(.ARM.Collect$$$$00000000) refers (Special) to entry8b.o(.ARM.Collect$$$$0000000A) for _main_cpp_init
    entry.o(.ARM.Collect$$$$00000000) refers (Special) to entry9a.o(.ARM.Collect$$$$0000000B) for _main_init
    entry.o(.ARM.Collect$$$$00000000) refers (Special) to entry5.o(.ARM.Collect$$$$00000004) for _main_scatterload
    entry.o(.ARM.Collect$$$$00000000) refers (Special) to entry2.o(.ARM.Collect$$$$00000001) for _main_stk
    printfb.o(i.__0fprintf$bare) refers to printfb.o(i._printf_core) for _printf_core
    printfb.o(i.__0fprintf$bare) refers to usart.o(i.fputc) for fputc
    printfb.o(i.__0printf$bare) refers to printfb.o(i._printf_core) for _printf_core
    printfb.o(i.__0printf$bare) refers to usart.o(i.fputc) for fputc
    printfb.o(i.__0printf$bare) refers to stdout.o(.data) for __stdout
    printfb.o(i.__0snprintf$bare) refers to printfb.o(i._printf_core) for _printf_core
    printfb.o(i.__0snprintf$bare) refers to printfb.o(i._snputc) for _snputc
    printfb.o(i.__0sprintf$bare) refers to printfb.o(i._printf_core) for _printf_core
    printfb.o(i.__0sprintf$bare) refers to printfb.o(i._sputc) for _sputc
    printfb.o(i.__0vfprintf$bare) refers to printfb.o(i._printf_core) for _printf_core
    printfb.o(i.__0vfprintf$bare) refers to usart.o(i.fputc) for fputc
    printfb.o(i.__0vprintf$bare) refers to printfb.o(i._printf_core) for _printf_core
    printfb.o(i.__0vprintf$bare) refers to usart.o(i.fputc) for fputc
    printfb.o(i.__0vprintf$bare) refers to stdout.o(.data) for __stdout
    printfb.o(i.__0vsnprintf$bare) refers to printfb.o(i._printf_core) for _printf_core
    printfb.o(i.__0vsnprintf$bare) refers to printfb.o(i._snputc) for _snputc
    printfb.o(i.__0vsprintf$bare) refers to printfb.o(i._printf_core) for _printf_core
    printfb.o(i.__0vsprintf$bare) refers to printfb.o(i._sputc) for _sputc
    printf0.o(i.__0fprintf$0) refers to printf0.o(i._printf_core) for _printf_core
    printf0.o(i.__0fprintf$0) refers to usart.o(i.fputc) for fputc
    printf0.o(i.__0printf$0) refers to printf0.o(i._printf_core) for _printf_core
    printf0.o(i.__0printf$0) refers to usart.o(i.fputc) for fputc
    printf0.o(i.__0printf$0) refers to stdout.o(.data) for __stdout
    printf0.o(i.__0snprintf$0) refers to printf0.o(i._printf_core) for _printf_core
    printf0.o(i.__0snprintf$0) refers to printf0.o(i._snputc) for _snputc
    printf0.o(i.__0sprintf$0) refers to printf0.o(i._printf_core) for _printf_core
    printf0.o(i.__0sprintf$0) refers to printf0.o(i._sputc) for _sputc
    printf0.o(i.__0vfprintf$0) refers to printf0.o(i._printf_core) for _printf_core
    printf0.o(i.__0vfprintf$0) refers to usart.o(i.fputc) for fputc
    printf0.o(i.__0vprintf$0) refers to printf0.o(i._printf_core) for _printf_core
    printf0.o(i.__0vprintf$0) refers to usart.o(i.fputc) for fputc
    printf0.o(i.__0vprintf$0) refers to stdout.o(.data) for __stdout
    printf0.o(i.__0vsnprintf$0) refers to printf0.o(i._printf_core) for _printf_core
    printf0.o(i.__0vsnprintf$0) refers to printf0.o(i._snputc) for _snputc
    printf0.o(i.__0vsprintf$0) refers to printf0.o(i._printf_core) for _printf_core
    printf0.o(i.__0vsprintf$0) refers to printf0.o(i._sputc) for _sputc
    printf1.o(i.__0fprintf$1) refers to printf1.o(i._printf_core) for _printf_core
    printf1.o(i.__0fprintf$1) refers to usart.o(i.fputc) for fputc
    printf1.o(i.__0printf$1) refers to printf1.o(i._printf_core) for _printf_core
    printf1.o(i.__0printf$1) refers to usart.o(i.fputc) for fputc
    printf1.o(i.__0printf$1) refers to stdout.o(.data) for __stdout
    printf1.o(i.__0snprintf$1) refers to printf1.o(i._printf_core) for _printf_core
    printf1.o(i.__0snprintf$1) refers to printf1.o(i._snputc) for _snputc
    printf1.o(i.__0sprintf$1) refers to printf1.o(i._printf_core) for _printf_core
    printf1.o(i.__0sprintf$1) refers to printf1.o(i._sputc) for _sputc
    printf1.o(i.__0vfprintf$1) refers to printf1.o(i._printf_core) for _printf_core
    printf1.o(i.__0vfprintf$1) refers to usart.o(i.fputc) for fputc
    printf1.o(i.__0vprintf$1) refers to printf1.o(i._printf_core) for _printf_core
    printf1.o(i.__0vprintf$1) refers to usart.o(i.fputc) for fputc
    printf1.o(i.__0vprintf$1) refers to stdout.o(.data) for __stdout
    printf1.o(i.__0vsnprintf$1) refers to printf1.o(i._printf_core) for _printf_core
    printf1.o(i.__0vsnprintf$1) refers to printf1.o(i._snputc) for _snputc
    printf1.o(i.__0vsprintf$1) refers to printf1.o(i._printf_core) for _printf_core
    printf1.o(i.__0vsprintf$1) refers to printf1.o(i._sputc) for _sputc
    printf1.o(i._printf_core) refers to uidiv.o(.text) for __aeabi_uidivmod
    printf2.o(i.__0fprintf$2) refers to printf2.o(i._printf_core) for _printf_core
    printf2.o(i.__0fprintf$2) refers to usart.o(i.fputc) for fputc
    printf2.o(i.__0printf$2) refers to printf2.o(i._printf_core) for _printf_core
    printf2.o(i.__0printf$2) refers to usart.o(i.fputc) for fputc
    printf2.o(i.__0printf$2) refers to stdout.o(.data) for __stdout
    printf2.o(i.__0snprintf$2) refers to printf2.o(i._printf_core) for _printf_core
    printf2.o(i.__0snprintf$2) refers to printf2.o(i._snputc) for _snputc
    printf2.o(i.__0sprintf$2) refers to printf2.o(i._printf_core) for _printf_core
    printf2.o(i.__0sprintf$2) refers to printf2.o(i._sputc) for _sputc
    printf2.o(i.__0vfprintf$2) refers to printf2.o(i._printf_core) for _printf_core
    printf2.o(i.__0vfprintf$2) refers to usart.o(i.fputc) for fputc
    printf2.o(i.__0vprintf$2) refers to printf2.o(i._printf_core) for _printf_core
    printf2.o(i.__0vprintf$2) refers to usart.o(i.fputc) for fputc
    printf2.o(i.__0vprintf$2) refers to stdout.o(.data) for __stdout
    printf2.o(i.__0vsnprintf$2) refers to printf2.o(i._printf_core) for _printf_core
    printf2.o(i.__0vsnprintf$2) refers to printf2.o(i._snputc) for _snputc
    printf2.o(i.__0vsprintf$2) refers to printf2.o(i._printf_core) for _printf_core
    printf2.o(i.__0vsprintf$2) refers to printf2.o(i._sputc) for _sputc
    printf3.o(i.__0fprintf$3) refers to printf3.o(i._printf_core) for _printf_core
    printf3.o(i.__0fprintf$3) refers to usart.o(i.fputc) for fputc
    printf3.o(i.__0printf$3) refers to printf3.o(i._printf_core) for _printf_core
    printf3.o(i.__0printf$3) refers to usart.o(i.fputc) for fputc
    printf3.o(i.__0printf$3) refers to stdout.o(.data) for __stdout
    printf3.o(i.__0snprintf$3) refers to printf3.o(i._printf_core) for _printf_core
    printf3.o(i.__0snprintf$3) refers to printf3.o(i._snputc) for _snputc
    printf3.o(i.__0sprintf$3) refers to printf3.o(i._printf_core) for _printf_core
    printf3.o(i.__0sprintf$3) refers to printf3.o(i._sputc) for _sputc
    printf3.o(i.__0vfprintf$3) refers to printf3.o(i._printf_core) for _printf_core
    printf3.o(i.__0vfprintf$3) refers to usart.o(i.fputc) for fputc
    printf3.o(i.__0vprintf$3) refers to printf3.o(i._printf_core) for _printf_core
    printf3.o(i.__0vprintf$3) refers to usart.o(i.fputc) for fputc
    printf3.o(i.__0vprintf$3) refers to stdout.o(.data) for __stdout
    printf3.o(i.__0vsnprintf$3) refers to printf3.o(i._printf_core) for _printf_core
    printf3.o(i.__0vsnprintf$3) refers to printf3.o(i._snputc) for _snputc
    printf3.o(i.__0vsprintf$3) refers to printf3.o(i._printf_core) for _printf_core
    printf3.o(i.__0vsprintf$3) refers to printf3.o(i._sputc) for _sputc
    printf3.o(i._printf_core) refers to uidiv.o(.text) for __aeabi_uidivmod
    printf4.o(i.__0fprintf$4) refers to printf4.o(i._printf_core) for _printf_core
    printf4.o(i.__0fprintf$4) refers to usart.o(i.fputc) for fputc
    printf4.o(i.__0printf$4) refers to printf4.o(i._printf_core) for _printf_core
    printf4.o(i.__0printf$4) refers to usart.o(i.fputc) for fputc
    printf4.o(i.__0printf$4) refers to stdout.o(.data) for __stdout
    printf4.o(i.__0snprintf$4) refers to printf4.o(i._printf_core) for _printf_core
    printf4.o(i.__0snprintf$4) refers to printf4.o(i._snputc) for _snputc
    printf4.o(i.__0sprintf$4) refers to printf4.o(i._printf_core) for _printf_core
    printf4.o(i.__0sprintf$4) refers to printf4.o(i._sputc) for _sputc
    printf4.o(i.__0vfprintf$4) refers to printf4.o(i._printf_core) for _printf_core
    printf4.o(i.__0vfprintf$4) refers to usart.o(i.fputc) for fputc
    printf4.o(i.__0vprintf$4) refers to printf4.o(i._printf_core) for _printf_core
    printf4.o(i.__0vprintf$4) refers to usart.o(i.fputc) for fputc
    printf4.o(i.__0vprintf$4) refers to stdout.o(.data) for __stdout
    printf4.o(i.__0vsnprintf$4) refers to printf4.o(i._printf_core) for _printf_core
    printf4.o(i.__0vsnprintf$4) refers to printf4.o(i._snputc) for _snputc
    printf4.o(i.__0vsprintf$4) refers to printf4.o(i._printf_core) for _printf_core
    printf4.o(i.__0vsprintf$4) refers to printf4.o(i._sputc) for _sputc
    printf4.o(i._printf_core) refers to uldiv.o(.text) for __aeabi_uldivmod
    printf5.o(i.__0fprintf$5) refers to printf5.o(i._printf_core) for _printf_core
    printf5.o(i.__0fprintf$5) refers to usart.o(i.fputc) for fputc
    printf5.o(i.__0printf$5) refers to printf5.o(i._printf_core) for _printf_core
    printf5.o(i.__0printf$5) refers to usart.o(i.fputc) for fputc
    printf5.o(i.__0printf$5) refers to stdout.o(.data) for __stdout
    printf5.o(i.__0snprintf$5) refers to printf5.o(i._printf_core) for _printf_core
    printf5.o(i.__0snprintf$5) refers to printf5.o(i._snputc) for _snputc
    printf5.o(i.__0sprintf$5) refers to printf5.o(i._printf_core) for _printf_core
    printf5.o(i.__0sprintf$5) refers to printf5.o(i._sputc) for _sputc
    printf5.o(i.__0vfprintf$5) refers to printf5.o(i._printf_core) for _printf_core
    printf5.o(i.__0vfprintf$5) refers to usart.o(i.fputc) for fputc
    printf5.o(i.__0vprintf$5) refers to printf5.o(i._printf_core) for _printf_core
    printf5.o(i.__0vprintf$5) refers to usart.o(i.fputc) for fputc
    printf5.o(i.__0vprintf$5) refers to stdout.o(.data) for __stdout
    printf5.o(i.__0vsnprintf$5) refers to printf5.o(i._printf_core) for _printf_core
    printf5.o(i.__0vsnprintf$5) refers to printf5.o(i._snputc) for _snputc
    printf5.o(i.__0vsprintf$5) refers to printf5.o(i._printf_core) for _printf_core
    printf5.o(i.__0vsprintf$5) refers to printf5.o(i._sputc) for _sputc
    printf5.o(i._printf_core) refers to uldiv.o(.text) for __aeabi_uldivmod
    printf6.o(i.__0fprintf$6) refers to printf6.o(i._printf_core) for _printf_core
    printf6.o(i.__0fprintf$6) refers to usart.o(i.fputc) for fputc
    printf6.o(i.__0printf$6) refers to printf6.o(i._printf_core) for _printf_core
    printf6.o(i.__0printf$6) refers to usart.o(i.fputc) for fputc
    printf6.o(i.__0printf$6) refers to stdout.o(.data) for __stdout
    printf6.o(i.__0snprintf$6) refers to printf6.o(i._printf_core) for _printf_core
    printf6.o(i.__0snprintf$6) refers to printf6.o(i._snputc) for _snputc
    printf6.o(i.__0sprintf$6) refers to printf6.o(i._printf_core) for _printf_core
    printf6.o(i.__0sprintf$6) refers to printf6.o(i._sputc) for _sputc
    printf6.o(i.__0vfprintf$6) refers to printf6.o(i._printf_core) for _printf_core
    printf6.o(i.__0vfprintf$6) refers to usart.o(i.fputc) for fputc
    printf6.o(i.__0vprintf$6) refers to printf6.o(i._printf_core) for _printf_core
    printf6.o(i.__0vprintf$6) refers to usart.o(i.fputc) for fputc
    printf6.o(i.__0vprintf$6) refers to stdout.o(.data) for __stdout
    printf6.o(i.__0vsnprintf$6) refers to printf6.o(i._printf_core) for _printf_core
    printf6.o(i.__0vsnprintf$6) refers to printf6.o(i._snputc) for _snputc
    printf6.o(i.__0vsprintf$6) refers to printf6.o(i._printf_core) for _printf_core
    printf6.o(i.__0vsprintf$6) refers to printf6.o(i._sputc) for _sputc
    printf6.o(i._printf_core) refers to printf6.o(i._printf_pre_padding) for _printf_pre_padding
    printf6.o(i._printf_core) refers to uidiv.o(.text) for __aeabi_uidivmod
    printf6.o(i._printf_core) refers to printf6.o(i._printf_post_padding) for _printf_post_padding
    printf7.o(i.__0fprintf$7) refers to printf7.o(i._printf_core) for _printf_core
    printf7.o(i.__0fprintf$7) refers to usart.o(i.fputc) for fputc
    printf7.o(i.__0printf$7) refers to printf7.o(i._printf_core) for _printf_core
    printf7.o(i.__0printf$7) refers to usart.o(i.fputc) for fputc
    printf7.o(i.__0printf$7) refers to stdout.o(.data) for __stdout
    printf7.o(i.__0snprintf$7) refers to printf7.o(i._printf_core) for _printf_core
    printf7.o(i.__0snprintf$7) refers to printf7.o(i._snputc) for _snputc
    printf7.o(i.__0sprintf$7) refers to printf7.o(i._printf_core) for _printf_core
    printf7.o(i.__0sprintf$7) refers to printf7.o(i._sputc) for _sputc
    printf7.o(i.__0vfprintf$7) refers to printf7.o(i._printf_core) for _printf_core
    printf7.o(i.__0vfprintf$7) refers to usart.o(i.fputc) for fputc
    printf7.o(i.__0vprintf$7) refers to printf7.o(i._printf_core) for _printf_core
    printf7.o(i.__0vprintf$7) refers to usart.o(i.fputc) for fputc
    printf7.o(i.__0vprintf$7) refers to stdout.o(.data) for __stdout
    printf7.o(i.__0vsnprintf$7) refers to printf7.o(i._printf_core) for _printf_core
    printf7.o(i.__0vsnprintf$7) refers to printf7.o(i._snputc) for _snputc
    printf7.o(i.__0vsprintf$7) refers to printf7.o(i._printf_core) for _printf_core
    printf7.o(i.__0vsprintf$7) refers to printf7.o(i._sputc) for _sputc
    printf7.o(i._printf_core) refers to printf7.o(i._printf_pre_padding) for _printf_pre_padding
    printf7.o(i._printf_core) refers to uldiv.o(.text) for __aeabi_uldivmod
    printf7.o(i._printf_core) refers to printf7.o(i._printf_post_padding) for _printf_post_padding
    printf8.o(i.__0fprintf$8) refers to printf8.o(i._printf_core) for _printf_core
    printf8.o(i.__0fprintf$8) refers to usart.o(i.fputc) for fputc
    printf8.o(i.__0printf$8) refers to printf8.o(i._printf_core) for _printf_core
    printf8.o(i.__0printf$8) refers to usart.o(i.fputc) for fputc
    printf8.o(i.__0printf$8) refers to stdout.o(.data) for __stdout
    printf8.o(i.__0snprintf$8) refers to printf8.o(i._printf_core) for _printf_core
    printf8.o(i.__0snprintf$8) refers to printf8.o(i._snputc) for _snputc
    printf8.o(i.__0sprintf$8) refers to printf8.o(i._printf_core) for _printf_core
    printf8.o(i.__0sprintf$8) refers to printf8.o(i._sputc) for _sputc
    printf8.o(i.__0vfprintf$8) refers to printf8.o(i._printf_core) for _printf_core
    printf8.o(i.__0vfprintf$8) refers to usart.o(i.fputc) for fputc
    printf8.o(i.__0vprintf$8) refers to printf8.o(i._printf_core) for _printf_core
    printf8.o(i.__0vprintf$8) refers to usart.o(i.fputc) for fputc
    printf8.o(i.__0vprintf$8) refers to stdout.o(.data) for __stdout
    printf8.o(i.__0vsnprintf$8) refers to printf8.o(i._printf_core) for _printf_core
    printf8.o(i.__0vsnprintf$8) refers to printf8.o(i._snputc) for _snputc
    printf8.o(i.__0vsprintf$8) refers to printf8.o(i._printf_core) for _printf_core
    printf8.o(i.__0vsprintf$8) refers to printf8.o(i._sputc) for _sputc
    printf8.o(i._printf_core) refers to printf8.o(i._printf_pre_padding) for _printf_pre_padding
    printf8.o(i._printf_core) refers to uldiv.o(.text) for __aeabi_uldivmod
    printf8.o(i._printf_core) refers to printf8.o(i._printf_post_padding) for _printf_post_padding
    printfa.o(i.__0fprintf) refers (Special) to iusefp.o(.text) for __I$use$fp
    printfa.o(i.__0fprintf) refers to printfa.o(i._printf_core) for _printf_core
    printfa.o(i.__0fprintf) refers to usart.o(i.fputc) for fputc
    printfa.o(i.__0printf) refers (Special) to iusefp.o(.text) for __I$use$fp
    printfa.o(i.__0printf) refers to printfa.o(i._printf_core) for _printf_core
    printfa.o(i.__0printf) refers to usart.o(i.fputc) for fputc
    printfa.o(i.__0printf) refers to stdout.o(.data) for __stdout
    printfa.o(i.__0snprintf) refers (Special) to iusefp.o(.text) for __I$use$fp
    printfa.o(i.__0snprintf) refers to printfa.o(i._printf_core) for _printf_core
    printfa.o(i.__0snprintf) refers to printfa.o(i._snputc) for _snputc
    printfa.o(i.__0sprintf) refers (Special) to iusefp.o(.text) for __I$use$fp
    printfa.o(i.__0sprintf) refers to printfa.o(i._printf_core) for _printf_core
    printfa.o(i.__0sprintf) refers to printfa.o(i._sputc) for _sputc
    printfa.o(i.__0vfprintf) refers (Special) to iusefp.o(.text) for __I$use$fp
    printfa.o(i.__0vfprintf) refers to printfa.o(i._printf_core) for _printf_core
    printfa.o(i.__0vfprintf) refers to usart.o(i.fputc) for fputc
    printfa.o(i.__0vprintf) refers (Special) to iusefp.o(.text) for __I$use$fp
    printfa.o(i.__0vprintf) refers to printfa.o(i._printf_core) for _printf_core
    printfa.o(i.__0vprintf) refers to usart.o(i.fputc) for fputc
    printfa.o(i.__0vprintf) refers to stdout.o(.data) for __stdout
    printfa.o(i.__0vsnprintf) refers (Special) to iusefp.o(.text) for __I$use$fp
    printfa.o(i.__0vsnprintf) refers to printfa.o(i._printf_core) for _printf_core
    printfa.o(i.__0vsnprintf) refers to printfa.o(i._snputc) for _snputc
    printfa.o(i.__0vsprintf) refers (Special) to iusefp.o(.text) for __I$use$fp
    printfa.o(i.__0vsprintf) refers to printfa.o(i._printf_core) for _printf_core
    printfa.o(i.__0vsprintf) refers to printfa.o(i._sputc) for _sputc
    printfa.o(i._fp_digits) refers (Special) to iusefp.o(.text) for __I$use$fp
    printfa.o(i._fp_digits) refers to dmul.o(.text) for __aeabi_dmul
    printfa.o(i._fp_digits) refers to ddiv.o(.text) for __aeabi_ddiv
    printfa.o(i._fp_digits) refers to cdrcmple.o(.text) for __aeabi_cdrcmple
    printfa.o(i._fp_digits) refers to dadd.o(.text) for __aeabi_dadd
    printfa.o(i._fp_digits) refers to dfixul.o(.text) for __aeabi_d2ulz
    printfa.o(i._fp_digits) refers to uldiv.o(.text) for __aeabi_uldivmod
    printfa.o(i._printf_core) refers (Special) to iusefp.o(.text) for __I$use$fp
    printfa.o(i._printf_core) refers to printfa.o(i._printf_pre_padding) for _printf_pre_padding
    printfa.o(i._printf_core) refers to uldiv.o(.text) for __aeabi_uldivmod
    printfa.o(i._printf_core) refers to printfa.o(i._printf_post_padding) for _printf_post_padding
    printfa.o(i._printf_core) refers to printfa.o(i._fp_digits) for _fp_digits
    printfa.o(i._printf_core) refers to uidiv.o(.text) for __aeabi_uidivmod
    printfa.o(i._printf_post_padding) refers (Special) to iusefp.o(.text) for __I$use$fp
    printfa.o(i._printf_pre_padding) refers (Special) to iusefp.o(.text) for __I$use$fp
    printfa.o(i._snputc) refers (Special) to iusefp.o(.text) for __I$use$fp
    printfa.o(i._sputc) refers (Special) to iusefp.o(.text) for __I$use$fp
    entry2.o(.ARM.Collect$$$$00000001) refers to entry2.o(.ARM.Collect$$$$00002712) for __lit__00000000
    entry2.o(.ARM.Collect$$$$00002712) refers to startup_gd32f450_470.o(STACK) for __initial_sp
    entry2.o(__vectab_stack_and_reset_area) refers to startup_gd32f450_470.o(STACK) for __initial_sp
    entry2.o(__vectab_stack_and_reset_area) refers to entry.o(.ARM.Collect$$$$00000000) for __main
    entry5.o(.ARM.Collect$$$$00000004) refers to init.o(.text) for __scatterload
    entry9a.o(.ARM.Collect$$$$0000000B) refers to main.o(i.main) for main
    entry9b.o(.ARM.Collect$$$$0000000C) refers to main.o(i.main) for main
    uldiv.o(.text) refers to llushr.o(.text) for __aeabi_llsr
    uldiv.o(.text) refers to llshl.o(.text) for __aeabi_llsl
    dadd.o(.text) refers to llshl.o(.text) for __aeabi_llsl
    dadd.o(.text) refers to llsshr.o(.text) for __aeabi_lasr
    dadd.o(.text) refers to depilogue.o(.text) for _double_epilogue
    dmul.o(.text) refers to depilogue.o(.text) for _double_epilogue
    ddiv.o(.text) refers to depilogue.o(.text) for _double_round
    dfixul.o(.text) refers to llushr.o(.text) for __aeabi_llsr
    dfixul.o(.text) refers to llshl.o(.text) for __aeabi_llsl
    init.o(.text) refers to entry5.o(.ARM.Collect$$$$00000004) for __main_after_scatterload
    depilogue.o(.text) refers to llshl.o(.text) for __aeabi_llsl
    depilogue.o(.text) refers to llushr.o(.text) for __aeabi_llsr


==============================================================================

Removing Unused input sections from the image.

    Removing gd32f4xx_it.o(.rev16_text), (4 bytes).
    Removing gd32f4xx_it.o(.revsh_text), (4 bytes).
    Removing main.o(.rev16_text), (4 bytes).
    Removing main.o(.revsh_text), (4 bytes).
    Removing systick.o(.rev16_text), (4 bytes).
    Removing systick.o(.revsh_text), (4 bytes).
    Removing gd32f4xx_gpio.o(.rev16_text), (4 bytes).
    Removing gd32f4xx_gpio.o(.revsh_text), (4 bytes).
    Removing gd32f4xx_gpio.o(i.gpio_bit_reset), (4 bytes).
    Removing gd32f4xx_gpio.o(i.gpio_bit_set), (4 bytes).
    Removing gd32f4xx_gpio.o(i.gpio_bit_write), (12 bytes).
    Removing gd32f4xx_gpio.o(i.gpio_deinit), (216 bytes).
    Removing gd32f4xx_gpio.o(i.gpio_input_port_get), (6 bytes).
    Removing gd32f4xx_gpio.o(i.gpio_output_bit_get), (14 bytes).
    Removing gd32f4xx_gpio.o(i.gpio_output_port_get), (6 bytes).
    Removing gd32f4xx_gpio.o(i.gpio_pin_lock), (16 bytes).
    Removing gd32f4xx_gpio.o(i.gpio_port_toggle), (8 bytes).
    Removing gd32f4xx_gpio.o(i.gpio_port_write), (4 bytes).
    Removing gd32f4xx_rcu.o(.rev16_text), (4 bytes).
    Removing gd32f4xx_rcu.o(.revsh_text), (4 bytes).
    Removing gd32f4xx_rcu.o(i.rcu_ahb_clock_config), (20 bytes).
    Removing gd32f4xx_rcu.o(i.rcu_all_reset_flag_clear), (16 bytes).
    Removing gd32f4xx_rcu.o(i.rcu_apb1_clock_config), (20 bytes).
    Removing gd32f4xx_rcu.o(i.rcu_apb2_clock_config), (20 bytes).
    Removing gd32f4xx_rcu.o(i.rcu_bkp_reset_disable), (16 bytes).
    Removing gd32f4xx_rcu.o(i.rcu_bkp_reset_enable), (16 bytes).
    Removing gd32f4xx_rcu.o(i.rcu_ck48m_clock_config), (20 bytes).
    Removing gd32f4xx_rcu.o(i.rcu_ckout0_config), (20 bytes).
    Removing gd32f4xx_rcu.o(i.rcu_ckout1_config), (20 bytes).
    Removing gd32f4xx_rcu.o(i.rcu_deepsleep_voltage_set), (16 bytes).
    Removing gd32f4xx_rcu.o(i.rcu_deinit), (112 bytes).
    Removing gd32f4xx_rcu.o(i.rcu_flag_get), (36 bytes).
    Removing gd32f4xx_rcu.o(i.rcu_hxtal_clock_monitor_disable), (16 bytes).
    Removing gd32f4xx_rcu.o(i.rcu_hxtal_clock_monitor_enable), (16 bytes).
    Removing gd32f4xx_rcu.o(i.rcu_i2s_clock_config), (20 bytes).
    Removing gd32f4xx_rcu.o(i.rcu_interrupt_disable), (32 bytes).
    Removing gd32f4xx_rcu.o(i.rcu_interrupt_enable), (32 bytes).
    Removing gd32f4xx_rcu.o(i.rcu_interrupt_flag_clear), (32 bytes).
    Removing gd32f4xx_rcu.o(i.rcu_interrupt_flag_get), (36 bytes).
    Removing gd32f4xx_rcu.o(i.rcu_irc16m_adjust_value_set), (24 bytes).
    Removing gd32f4xx_rcu.o(i.rcu_lxtal_drive_capability_config), (20 bytes).
    Removing gd32f4xx_rcu.o(i.rcu_osci_bypass_mode_disable), (80 bytes).
    Removing gd32f4xx_rcu.o(i.rcu_osci_bypass_mode_enable), (80 bytes).
    Removing gd32f4xx_rcu.o(i.rcu_osci_off), (32 bytes).
    Removing gd32f4xx_rcu.o(i.rcu_osci_on), (32 bytes).
    Removing gd32f4xx_rcu.o(i.rcu_osci_stab_wait), (312 bytes).
    Removing gd32f4xx_rcu.o(i.rcu_periph_clock_disable), (32 bytes).
    Removing gd32f4xx_rcu.o(i.rcu_periph_clock_sleep_disable), (32 bytes).
    Removing gd32f4xx_rcu.o(i.rcu_periph_clock_sleep_enable), (32 bytes).
    Removing gd32f4xx_rcu.o(i.rcu_pll48m_clock_config), (20 bytes).
    Removing gd32f4xx_rcu.o(i.rcu_pll_config), (104 bytes).
    Removing gd32f4xx_rcu.o(i.rcu_plli2s_config), (40 bytes).
    Removing gd32f4xx_rcu.o(i.rcu_pllsai_config), (68 bytes).
    Removing gd32f4xx_rcu.o(i.rcu_rtc_clock_config), (20 bytes).
    Removing gd32f4xx_rcu.o(i.rcu_rtc_div_config), (20 bytes).
    Removing gd32f4xx_rcu.o(i.rcu_spread_spectrum_config), (28 bytes).
    Removing gd32f4xx_rcu.o(i.rcu_spread_spectrum_disable), (16 bytes).
    Removing gd32f4xx_rcu.o(i.rcu_spread_spectrum_enable), (16 bytes).
    Removing gd32f4xx_rcu.o(i.rcu_system_clock_source_config), (20 bytes).
    Removing gd32f4xx_rcu.o(i.rcu_system_clock_source_get), (16 bytes).
    Removing gd32f4xx_rcu.o(i.rcu_timer_clock_prescaler_config), (32 bytes).
    Removing gd32f4xx_rcu.o(i.rcu_tli_clock_div_config), (20 bytes).
    Removing gd32f4xx_rcu.o(i.rcu_voltage_key_unlock), (16 bytes).
    Removing gd32f4xx_misc.o(.rev16_text), (4 bytes).
    Removing gd32f4xx_misc.o(.revsh_text), (4 bytes).
    Removing gd32f4xx_misc.o(i.nvic_irq_disable), (22 bytes).
    Removing gd32f4xx_misc.o(i.nvic_vector_table_set), (24 bytes).
    Removing gd32f4xx_misc.o(i.system_lowpower_reset), (16 bytes).
    Removing gd32f4xx_misc.o(i.system_lowpower_set), (16 bytes).
    Removing gd32f4xx_misc.o(i.systick_clksource_set), (28 bytes).
    Removing gd32f4xx_exti.o(.rev16_text), (4 bytes).
    Removing gd32f4xx_exti.o(.revsh_text), (4 bytes).
    Removing gd32f4xx_exti.o(i.exti_deinit), (28 bytes).
    Removing gd32f4xx_exti.o(i.exti_event_disable), (16 bytes).
    Removing gd32f4xx_exti.o(i.exti_event_enable), (16 bytes).
    Removing gd32f4xx_exti.o(i.exti_flag_get), (20 bytes).
    Removing gd32f4xx_exti.o(i.exti_interrupt_disable), (16 bytes).
    Removing gd32f4xx_exti.o(i.exti_software_interrupt_disable), (16 bytes).
    Removing gd32f4xx_exti.o(i.exti_software_interrupt_enable), (16 bytes).
    Removing gd32f4xx_syscfg.o(.rev16_text), (4 bytes).
    Removing gd32f4xx_syscfg.o(.revsh_text), (4 bytes).
    Removing gd32f4xx_syscfg.o(i.syscfg_bootmode_config), (24 bytes).
    Removing gd32f4xx_syscfg.o(i.syscfg_compensation_config), (20 bytes).
    Removing gd32f4xx_syscfg.o(i.syscfg_deinit), (22 bytes).
    Removing gd32f4xx_syscfg.o(i.syscfg_enet_phy_interface_config), (20 bytes).
    Removing gd32f4xx_syscfg.o(i.syscfg_exmc_swap_config), (20 bytes).
    Removing gd32f4xx_syscfg.o(i.syscfg_flag_get), (20 bytes).
    Removing gd32f4xx_syscfg.o(i.syscfg_fmc_swap_config), (20 bytes).
    Removing gd32f4xx_usart.o(.rev16_text), (4 bytes).
    Removing gd32f4xx_usart.o(.revsh_text), (4 bytes).
    Removing gd32f4xx_usart.o(i.usart_address_config), (20 bytes).
    Removing gd32f4xx_usart.o(i.usart_block_length_config), (20 bytes).
    Removing gd32f4xx_usart.o(i.usart_break_frame_coherence_config), (22 bytes).
    Removing gd32f4xx_usart.o(i.usart_disable), (10 bytes).
    Removing gd32f4xx_usart.o(i.usart_dma_receive_config), (20 bytes).
    Removing gd32f4xx_usart.o(i.usart_dma_transmit_config), (20 bytes).
    Removing gd32f4xx_usart.o(i.usart_flag_clear), (20 bytes).
    Removing gd32f4xx_usart.o(i.usart_guard_time_config), (18 bytes).
    Removing gd32f4xx_usart.o(i.usart_halfduplex_disable), (10 bytes).
    Removing gd32f4xx_usart.o(i.usart_halfduplex_enable), (10 bytes).
    Removing gd32f4xx_usart.o(i.usart_hardware_flow_coherence_config), (22 bytes).
    Removing gd32f4xx_usart.o(i.usart_hardware_flow_cts_config), (20 bytes).
    Removing gd32f4xx_usart.o(i.usart_hardware_flow_rts_config), (20 bytes).
    Removing gd32f4xx_usart.o(i.usart_interrupt_disable), (20 bytes).
    Removing gd32f4xx_usart.o(i.usart_interrupt_flag_clear), (20 bytes).
    Removing gd32f4xx_usart.o(i.usart_invert_config), (86 bytes).
    Removing gd32f4xx_usart.o(i.usart_irda_lowpower_config), (20 bytes).
    Removing gd32f4xx_usart.o(i.usart_irda_mode_disable), (10 bytes).
    Removing gd32f4xx_usart.o(i.usart_irda_mode_enable), (10 bytes).
    Removing gd32f4xx_usart.o(i.usart_lin_break_detection_length_config), (20 bytes).
    Removing gd32f4xx_usart.o(i.usart_lin_mode_disable), (10 bytes).
    Removing gd32f4xx_usart.o(i.usart_lin_mode_enable), (10 bytes).
    Removing gd32f4xx_usart.o(i.usart_mute_mode_disable), (10 bytes).
    Removing gd32f4xx_usart.o(i.usart_mute_mode_enable), (10 bytes).
    Removing gd32f4xx_usart.o(i.usart_mute_mode_wakeup_config), (16 bytes).
    Removing gd32f4xx_usart.o(i.usart_oversample_config), (16 bytes).
    Removing gd32f4xx_usart.o(i.usart_parity_check_coherence_config), (22 bytes).
    Removing gd32f4xx_usart.o(i.usart_prescaler_config), (16 bytes).
    Removing gd32f4xx_usart.o(i.usart_receiver_timeout_disable), (12 bytes).
    Removing gd32f4xx_usart.o(i.usart_receiver_timeout_enable), (12 bytes).
    Removing gd32f4xx_usart.o(i.usart_receiver_timeout_threshold_config), (18 bytes).
    Removing gd32f4xx_usart.o(i.usart_sample_bit_config), (16 bytes).
    Removing gd32f4xx_usart.o(i.usart_send_break), (10 bytes).
    Removing gd32f4xx_usart.o(i.usart_smartcard_autoretry_config), (24 bytes).
    Removing gd32f4xx_usart.o(i.usart_smartcard_mode_disable), (10 bytes).
    Removing gd32f4xx_usart.o(i.usart_smartcard_mode_enable), (10 bytes).
    Removing gd32f4xx_usart.o(i.usart_smartcard_mode_nack_disable), (10 bytes).
    Removing gd32f4xx_usart.o(i.usart_smartcard_mode_nack_enable), (10 bytes).
    Removing gd32f4xx_usart.o(i.usart_synchronous_clock_config), (30 bytes).
    Removing gd32f4xx_usart.o(i.usart_synchronous_clock_disable), (10 bytes).
    Removing gd32f4xx_usart.o(i.usart_synchronous_clock_enable), (10 bytes).
    Removing startup_gd32f450_470.o(HEAP), (1024 bytes).
    Removing system_gd32f4xx.o(.rev16_text), (4 bytes).
    Removing system_gd32f4xx.o(.revsh_text), (4 bytes).
    Removing system_gd32f4xx.o(i.SystemCoreClockUpdate), (156 bytes).
    Removing led.o(.rev16_text), (4 bytes).
    Removing led.o(.revsh_text), (4 bytes).
    Removing key.o(.rev16_text), (4 bytes).
    Removing key.o(.revsh_text), (4 bytes).
    Removing usart.o(.rev16_text), (4 bytes).
    Removing usart.o(.revsh_text), (4 bytes).
    Removing usart.o(i.send_string), (24 bytes).
    Removing usart.o(i.usart_run), (32 bytes).
    Removing dadd.o(.text), (334 bytes).
    Removing dmul.o(.text), (228 bytes).
    Removing ddiv.o(.text), (222 bytes).
    Removing dfixul.o(.text), (48 bytes).
    Removing cdrcmple.o(.text), (48 bytes).
    Removing depilogue.o(.text), (186 bytes).

149 unused section(s) (total 5414 bytes) removed from the image.

==============================================================================

Image Symbol Table

    Local Symbols

    Symbol Name                              Value     Ov Type        Size  Object(Section)

    ../clib/microlib/division.c              0x00000000   Number         0  uidiv.o ABSOLUTE
    ../clib/microlib/division.c              0x00000000   Number         0  uldiv.o ABSOLUTE
    ../clib/microlib/init/entry.s            0x00000000   Number         0  entry2.o ABSOLUTE
    ../clib/microlib/init/entry.s            0x00000000   Number         0  entry5.o ABSOLUTE
    ../clib/microlib/init/entry.s            0x00000000   Number         0  entry.o ABSOLUTE
    ../clib/microlib/init/entry.s            0x00000000   Number         0  entry7a.o ABSOLUTE
    ../clib/microlib/init/entry.s            0x00000000   Number         0  entry9a.o ABSOLUTE
    ../clib/microlib/init/entry.s            0x00000000   Number         0  entry7b.o ABSOLUTE
    ../clib/microlib/init/entry.s            0x00000000   Number         0  entry8a.o ABSOLUTE
    ../clib/microlib/init/entry.s            0x00000000   Number         0  entry11b.o ABSOLUTE
    ../clib/microlib/init/entry.s            0x00000000   Number         0  entry8b.o ABSOLUTE
    ../clib/microlib/init/entry.s            0x00000000   Number         0  entry9b.o ABSOLUTE
    ../clib/microlib/init/entry.s            0x00000000   Number         0  entry10a.o ABSOLUTE
    ../clib/microlib/init/entry.s            0x00000000   Number         0  entry10b.o ABSOLUTE
    ../clib/microlib/init/entry.s            0x00000000   Number         0  entry11a.o ABSOLUTE
    ../clib/microlib/longlong.c              0x00000000   Number         0  llsshr.o ABSOLUTE
    ../clib/microlib/longlong.c              0x00000000   Number         0  llushr.o ABSOLUTE
    ../clib/microlib/longlong.c              0x00000000   Number         0  llshl.o ABSOLUTE
    ../clib/microlib/printf/printf.c         0x00000000   Number         0  printf6.o ABSOLUTE
    ../clib/microlib/printf/printf.c         0x00000000   Number         0  printf4.o ABSOLUTE
    ../clib/microlib/printf/printf.c         0x00000000   Number         0  printf3.o ABSOLUTE
    ../clib/microlib/printf/printf.c         0x00000000   Number         0  printf2.o ABSOLUTE
    ../clib/microlib/printf/printf.c         0x00000000   Number         0  printf1.o ABSOLUTE
    ../clib/microlib/printf/printf.c         0x00000000   Number         0  printf0.o ABSOLUTE
    ../clib/microlib/printf/printf.c         0x00000000   Number         0  printfb.o ABSOLUTE
    ../clib/microlib/printf/printf.c         0x00000000   Number         0  printf5.o ABSOLUTE
    ../clib/microlib/printf/printf.c         0x00000000   Number         0  printfa.o ABSOLUTE
    ../clib/microlib/printf/printf.c         0x00000000   Number         0  printf8.o ABSOLUTE
    ../clib/microlib/printf/printf.c         0x00000000   Number         0  printf7.o ABSOLUTE
    ../clib/microlib/printf/stubs.s          0x00000000   Number         0  stubs.o ABSOLUTE
    ../clib/microlib/stdio/streams.c         0x00000000   Number         0  stdout.o ABSOLUTE
    ../clib/microlib/stubs.s                 0x00000000   Number         0  iusefp.o ABSOLUTE
    ../fplib/microlib/fpadd.c                0x00000000   Number         0  dadd.o ABSOLUTE
    ../fplib/microlib/fpdiv.c                0x00000000   Number         0  ddiv.o ABSOLUTE
    ../fplib/microlib/fpepilogue.c           0x00000000   Number         0  depilogue.o ABSOLUTE
    ../fplib/microlib/fpfix.c                0x00000000   Number         0  dfixul.o ABSOLUTE
    ../fplib/microlib/fpmul.c                0x00000000   Number         0  dmul.o ABSOLUTE
    ..\Firmware\CMSIS\GD\GD32F4xx\Source\ARM\startup_gd32f450_470.s 0x00000000   Number         0  startup_gd32f450_470.o ABSOLUTE
    ..\Firmware\CMSIS\GD\GD32F4xx\Source\system_gd32f4xx.c 0x00000000   Number         0  system_gd32f4xx.o ABSOLUTE
    ..\Firmware\GD32F4xx_standard_peripheral\Source\gd32f4xx_exti.c 0x00000000   Number         0  gd32f4xx_exti.o ABSOLUTE
    ..\Firmware\GD32F4xx_standard_peripheral\Source\gd32f4xx_gpio.c 0x00000000   Number         0  gd32f4xx_gpio.o ABSOLUTE
    ..\Firmware\GD32F4xx_standard_peripheral\Source\gd32f4xx_misc.c 0x00000000   Number         0  gd32f4xx_misc.o ABSOLUTE
    ..\Firmware\GD32F4xx_standard_peripheral\Source\gd32f4xx_rcu.c 0x00000000   Number         0  gd32f4xx_rcu.o ABSOLUTE
    ..\Firmware\GD32F4xx_standard_peripheral\Source\gd32f4xx_syscfg.c 0x00000000   Number         0  gd32f4xx_syscfg.o ABSOLUTE
    ..\Firmware\GD32F4xx_standard_peripheral\Source\gd32f4xx_usart.c 0x00000000   Number         0  gd32f4xx_usart.o ABSOLUTE
    ..\Hardware\KEY\key.c                    0x00000000   Number         0  key.o ABSOLUTE
    ..\Hardware\LED\led.c                    0x00000000   Number         0  led.o ABSOLUTE
    ..\Hardware\usart\usart.c                0x00000000   Number         0  usart.o ABSOLUTE
    ..\User\gd32f4xx_it.c                    0x00000000   Number         0  gd32f4xx_it.o ABSOLUTE
    ..\User\main.c                           0x00000000   Number         0  main.o ABSOLUTE
    ..\User\systick.c                        0x00000000   Number         0  systick.o ABSOLUTE
    ..\\Firmware\\CMSIS\\GD\\GD32F4xx\\Source\\system_gd32f4xx.c 0x00000000   Number         0  system_gd32f4xx.o ABSOLUTE
    ..\\Firmware\\GD32F4xx_standard_peripheral\\Source\\gd32f4xx_exti.c 0x00000000   Number         0  gd32f4xx_exti.o ABSOLUTE
    ..\\Firmware\\GD32F4xx_standard_peripheral\\Source\\gd32f4xx_gpio.c 0x00000000   Number         0  gd32f4xx_gpio.o ABSOLUTE
    ..\\Firmware\\GD32F4xx_standard_peripheral\\Source\\gd32f4xx_misc.c 0x00000000   Number         0  gd32f4xx_misc.o ABSOLUTE
    ..\\Firmware\\GD32F4xx_standard_peripheral\\Source\\gd32f4xx_rcu.c 0x00000000   Number         0  gd32f4xx_rcu.o ABSOLUTE
    ..\\Firmware\\GD32F4xx_standard_peripheral\\Source\\gd32f4xx_syscfg.c 0x00000000   Number         0  gd32f4xx_syscfg.o ABSOLUTE
    ..\\Firmware\\GD32F4xx_standard_peripheral\\Source\\gd32f4xx_usart.c 0x00000000   Number         0  gd32f4xx_usart.o ABSOLUTE
    ..\\Hardware\\KEY\\key.c                 0x00000000   Number         0  key.o ABSOLUTE
    ..\\Hardware\\LED\\led.c                 0x00000000   Number         0  led.o ABSOLUTE
    ..\\Hardware\\usart\\usart.c             0x00000000   Number         0  usart.o ABSOLUTE
    ..\\User\\gd32f4xx_it.c                  0x00000000   Number         0  gd32f4xx_it.o ABSOLUTE
    ..\\User\\main.c                         0x00000000   Number         0  main.o ABSOLUTE
    ..\\User\\systick.c                      0x00000000   Number         0  systick.o ABSOLUTE
    cdrcmple.s                               0x00000000   Number         0  cdrcmple.o ABSOLUTE
    dc.s                                     0x00000000   Number         0  dc.o ABSOLUTE
    handlers.s                               0x00000000   Number         0  handlers.o ABSOLUTE
    init.s                                   0x00000000   Number         0  init.o ABSOLUTE
    RESET                                    0x08000000   Section      428  startup_gd32f450_470.o(RESET)
    .ARM.Collect$$$$00000000                 0x080001ac   Section        0  entry.o(.ARM.Collect$$$$00000000)
    .ARM.Collect$$$$00000001                 0x080001ac   Section        4  entry2.o(.ARM.Collect$$$$00000001)
    .ARM.Collect$$$$00000004                 0x080001b0   Section        4  entry5.o(.ARM.Collect$$$$00000004)
    .ARM.Collect$$$$00000008                 0x080001b4   Section        0  entry7b.o(.ARM.Collect$$$$00000008)
    .ARM.Collect$$$$0000000A                 0x080001b4   Section        0  entry8b.o(.ARM.Collect$$$$0000000A)
    .ARM.Collect$$$$0000000B                 0x080001b4   Section        8  entry9a.o(.ARM.Collect$$$$0000000B)
    .ARM.Collect$$$$0000000D                 0x080001bc   Section        0  entry10a.o(.ARM.Collect$$$$0000000D)
    .ARM.Collect$$$$0000000F                 0x080001bc   Section        0  entry11a.o(.ARM.Collect$$$$0000000F)
    .ARM.Collect$$$$00002712                 0x080001bc   Section        4  entry2.o(.ARM.Collect$$$$00002712)
    __lit__00000000                          0x080001bc   Data           4  entry2.o(.ARM.Collect$$$$00002712)
    .text                                    0x080001c0   Section       36  startup_gd32f450_470.o(.text)
    $v0                                      0x080001c0   Number         0  startup_gd32f450_470.o(.text)
    .text                                    0x080001e4   Section        0  uidiv.o(.text)
    .text                                    0x08000210   Section       36  init.o(.text)
    i.BusFault_Handler                       0x08000234   Section        0  gd32f4xx_it.o(i.BusFault_Handler)
    i.DebugMon_Handler                       0x08000236   Section        0  gd32f4xx_it.o(i.DebugMon_Handler)
    i.EXTI0_IRQHandler                       0x08000238   Section        0  key.o(i.EXTI0_IRQHandler)
    i.EXTI10_15_IRQHandler                   0x080002ac   Section        0  key.o(i.EXTI10_15_IRQHandler)
    i.EXTI2_IRQHandler                       0x080002ec   Section        0  key.o(i.EXTI2_IRQHandler)
    i.EXTI5_9_IRQHandler                     0x08000384   Section        0  key.o(i.EXTI5_9_IRQHandler)
    i.HardFault_Handler                      0x080003c4   Section        0  gd32f4xx_it.o(i.HardFault_Handler)
    i.MemManage_Handler                      0x080003c6   Section        0  gd32f4xx_it.o(i.MemManage_Handler)
    i.NMI_Handler                            0x080003c8   Section        0  gd32f4xx_it.o(i.NMI_Handler)
    i.NVIC_SetPriority                       0x080003ca   Section        0  systick.o(i.NVIC_SetPriority)
    NVIC_SetPriority                         0x080003cb   Thumb Code    32  systick.o(i.NVIC_SetPriority)
    i.PendSV_Handler                         0x080003ea   Section        0  gd32f4xx_it.o(i.PendSV_Handler)
    i.SVC_Handler                            0x080003ec   Section        0  gd32f4xx_it.o(i.SVC_Handler)
    i.SysTick_Handler                        0x080003ee   Section        0  gd32f4xx_it.o(i.SysTick_Handler)
    i.SystemInit                             0x080003f4   Section        0  system_gd32f4xx.o(i.SystemInit)
    i.USART0_IRQHandler                      0x08000488   Section        0  usart.o(i.USART0_IRQHandler)
    i.UsageFault_Handler                     0x080004f4   Section        0  gd32f4xx_it.o(i.UsageFault_Handler)
    i.__0printf$3                            0x080004f8   Section        0  printf3.o(i.__0printf$3)
    i.__scatterload_copy                     0x08000518   Section       14  handlers.o(i.__scatterload_copy)
    i.__scatterload_null                     0x08000526   Section        2  handlers.o(i.__scatterload_null)
    i.__scatterload_zeroinit                 0x08000528   Section       14  handlers.o(i.__scatterload_zeroinit)
    i._printf_core                           0x08000538   Section        0  printf3.o(i._printf_core)
    _printf_core                             0x08000539   Thumb Code   436  printf3.o(i._printf_core)
    i.all_key_interrupt_config               0x080006f0   Section        0  key.o(i.all_key_interrupt_config)
    i.delay_1ms                              0x08000760   Section        0  systick.o(i.delay_1ms)
    i.delay_decrement                        0x08000770   Section        0  systick.o(i.delay_decrement)
    i.exti_flag_clear                        0x08000784   Section        0  gd32f4xx_exti.o(i.exti_flag_clear)
    i.exti_init                              0x08000790   Section        0  gd32f4xx_exti.o(i.exti_init)
    i.exti_interrupt_enable                  0x08000804   Section        0  gd32f4xx_exti.o(i.exti_interrupt_enable)
    i.exti_interrupt_flag_clear              0x08000814   Section        0  gd32f4xx_exti.o(i.exti_interrupt_flag_clear)
    i.exti_interrupt_flag_get                0x08000820   Section        0  gd32f4xx_exti.o(i.exti_interrupt_flag_get)
    i.fputc                                  0x08000834   Section        0  usart.o(i.fputc)
    i.gpio_af_set                            0x08000840   Section        0  gd32f4xx_gpio.o(i.gpio_af_set)
    i.gpio_bit_toggle                        0x080008a4   Section        0  gd32f4xx_gpio.o(i.gpio_bit_toggle)
    i.gpio_input_bit_get                     0x080008a8   Section        0  gd32f4xx_gpio.o(i.gpio_input_bit_get)
    i.gpio_mode_set                          0x080008b6   Section        0  gd32f4xx_gpio.o(i.gpio_mode_set)
    i.gpio_output_options_set                0x080008fe   Section        0  gd32f4xx_gpio.o(i.gpio_output_options_set)
    i.key_led_run                            0x08000944   Section        0  key.o(i.key_led_run)
    i.led_config                             0x08000954   Section        0  led.o(i.led_config)
    i.main                                   0x080009f4   Section        0  main.o(i.main)
    i.nvic_irq_enable                        0x08000a10   Section        0  gd32f4xx_misc.o(i.nvic_irq_enable)
    i.nvic_priority_group_set                0x08000aac   Section        0  gd32f4xx_misc.o(i.nvic_priority_group_set)
    i.rcu_clock_freq_get                     0x08000ac0   Section        0  gd32f4xx_rcu.o(i.rcu_clock_freq_get)
    i.rcu_periph_clock_enable                0x08000ba4   Section        0  gd32f4xx_rcu.o(i.rcu_periph_clock_enable)
    i.rcu_periph_reset_disable               0x08000bc4   Section        0  gd32f4xx_rcu.o(i.rcu_periph_reset_disable)
    i.rcu_periph_reset_enable                0x08000be4   Section        0  gd32f4xx_rcu.o(i.rcu_periph_reset_enable)
    i.send_data                              0x08000c04   Section        0  usart.o(i.send_data)
    i.single_key_interrupt_config            0x08000c24   Section        0  key.o(i.single_key_interrupt_config)
    i.syscfg_exti_line_config                0x08000c78   Section        0  gd32f4xx_syscfg.o(i.syscfg_exti_line_config)
    i.system_clock_240m_irc16m               0x08000ce0   Section        0  system_gd32f4xx.o(i.system_clock_240m_irc16m)
    system_clock_240m_irc16m                 0x08000ce1   Thumb Code   158  system_gd32f4xx.o(i.system_clock_240m_irc16m)
    i.system_clock_config                    0x08000d8c   Section        0  system_gd32f4xx.o(i.system_clock_config)
    system_clock_config                      0x08000d8d   Thumb Code     4  system_gd32f4xx.o(i.system_clock_config)
    i.systick_config                         0x08000d90   Section        0  systick.o(i.systick_config)
    i.usart_all_config                       0x08000ddc   Section        0  usart.o(i.usart_all_config)
    i.usart_baudrate_set                     0x08000df0   Section        0  gd32f4xx_usart.o(i.usart_baudrate_set)
    i.usart_data_first_config                0x08000ea8   Section        0  gd32f4xx_usart.o(i.usart_data_first_config)
    i.usart_data_receive                     0x08000eb6   Section        0  gd32f4xx_usart.o(i.usart_data_receive)
    i.usart_data_transmit                    0x08000ebe   Section        0  gd32f4xx_usart.o(i.usart_data_transmit)
    i.usart_deinit                           0x08000ec8   Section        0  gd32f4xx_usart.o(i.usart_deinit)
    i.usart_enable                           0x08000fa8   Section        0  gd32f4xx_usart.o(i.usart_enable)
    i.usart_flag_get                         0x08000fb2   Section        0  gd32f4xx_usart.o(i.usart_flag_get)
    i.usart_gpio_config                      0x08000fcc   Section        0  usart.o(i.usart_gpio_config)
    i.usart_interrupt_enable                 0x08001034   Section        0  gd32f4xx_usart.o(i.usart_interrupt_enable)
    i.usart_interrupt_flag_get               0x08001048   Section        0  gd32f4xx_usart.o(i.usart_interrupt_flag_get)
    i.usart_param_config                     0x0800107c   Section        0  usart.o(i.usart_param_config)
    i.usart_parity_config                    0x080010ec   Section        0  gd32f4xx_usart.o(i.usart_parity_config)
    i.usart_receive_config                   0x080010fc   Section        0  gd32f4xx_usart.o(i.usart_receive_config)
    i.usart_stop_bit_set                     0x08001108   Section        0  gd32f4xx_usart.o(i.usart_stop_bit_set)
    i.usart_transmit_config                  0x08001118   Section        0  gd32f4xx_usart.o(i.usart_transmit_config)
    i.usart_word_length_set                  0x08001124   Section        0  gd32f4xx_usart.o(i.usart_word_length_set)
    .data                                    0x20000000   Section        4  systick.o(.data)
    delay                                    0x20000000   Data           4  systick.o(.data)
    .data                                    0x20000004   Section        4  system_gd32f4xx.o(.data)
    .data                                    0x20000008   Section        4  usart.o(.data)
    .data                                    0x2000000c   Section        4  stdout.o(.data)
    .bss                                     0x20000010   Section     4096  usart.o(.bss)
    STACK                                    0x20001010   Section     1024  startup_gd32f450_470.o(STACK)

    Global Symbols

    Symbol Name                              Value     Ov Type        Size  Object(Section)

    BuildAttributes$$THM_ISAv4$E$P$D$K$B$S$7EM$VFPi3$EXTD16$VFPS$VFMA$PE$A:L22UL41UL21$X:L11$S22US41US21$IEEE1$IW$USESV6$~STKCKD$USESV7$~SHL$OSPACE$ROPI$EBA8$MICROLIB$REQ8$PRES8$EABIv2 0x00000000   Number         0  anon$$obj.o ABSOLUTE
    __ARM_use_no_argv                        0x00000000   Number         0  main.o ABSOLUTE
    _printf_a                                0x00000000   Number         0  stubs.o ABSOLUTE
    _printf_c                                0x00000000   Number         0  stubs.o ABSOLUTE
    _printf_charcount                        0x00000000   Number         0  stubs.o ABSOLUTE
    _printf_d                                0x00000000   Number         0  stubs.o ABSOLUTE
    _printf_e                                0x00000000   Number         0  stubs.o ABSOLUTE
    _printf_f                                0x00000000   Number         0  stubs.o ABSOLUTE
    _printf_flags                            0x00000000   Number         0  stubs.o ABSOLUTE
    _printf_fp_dec                           0x00000000   Number         0  stubs.o ABSOLUTE
    _printf_fp_hex                           0x00000000   Number         0  stubs.o ABSOLUTE
    _printf_g                                0x00000000   Number         0  stubs.o ABSOLUTE
    _printf_i                                0x00000000   Number         0  stubs.o ABSOLUTE
    _printf_int_dec                          0x00000000   Number         0  stubs.o ABSOLUTE
    _printf_l                                0x00000000   Number         0  stubs.o ABSOLUTE
    _printf_lc                               0x00000000   Number         0  stubs.o ABSOLUTE
    _printf_ll                               0x00000000   Number         0  stubs.o ABSOLUTE
    _printf_lld                              0x00000000   Number         0  stubs.o ABSOLUTE
    _printf_lli                              0x00000000   Number         0  stubs.o ABSOLUTE
    _printf_llo                              0x00000000   Number         0  stubs.o ABSOLUTE
    _printf_llu                              0x00000000   Number         0  stubs.o ABSOLUTE
    _printf_llx                              0x00000000   Number         0  stubs.o ABSOLUTE
    _printf_longlong_dec                     0x00000000   Number         0  stubs.o ABSOLUTE
    _printf_longlong_hex                     0x00000000   Number         0  stubs.o ABSOLUTE
    _printf_longlong_oct                     0x00000000   Number         0  stubs.o ABSOLUTE
    _printf_ls                               0x00000000   Number         0  stubs.o ABSOLUTE
    _printf_mbtowc                           0x00000000   Number         0  stubs.o ABSOLUTE
    _printf_n                                0x00000000   Number         0  stubs.o ABSOLUTE
    _printf_o                                0x00000000   Number         0  stubs.o ABSOLUTE
    _printf_p                                0x00000000   Number         0  stubs.o ABSOLUTE
    _printf_percent                          0x00000000   Number         0  stubs.o ABSOLUTE
    _printf_pre_padding                      0x00000000   Number         0  stubs.o ABSOLUTE
    _printf_return_value                     0x00000000   Number         0  stubs.o ABSOLUTE
    _printf_s                                0x00000000   Number         0  stubs.o ABSOLUTE
    _printf_sizespec                         0x00000000   Number         0  stubs.o ABSOLUTE
    _printf_str                              0x00000000   Number         0  stubs.o ABSOLUTE
    _printf_truncate_signed                  0x00000000   Number         0  stubs.o ABSOLUTE
    _printf_truncate_unsigned                0x00000000   Number         0  stubs.o ABSOLUTE
    _printf_u                                0x00000000   Number         0  stubs.o ABSOLUTE
    _printf_wc                               0x00000000   Number         0  stubs.o ABSOLUTE
    _printf_wctomb                           0x00000000   Number         0  stubs.o ABSOLUTE
    _printf_widthprec                        0x00000000   Number         0  stubs.o ABSOLUTE
    _printf_x                                0x00000000   Number         0  stubs.o ABSOLUTE
    __cpp_initialize__aeabi_                  - Undefined Weak Reference
    __cxa_finalize                            - Undefined Weak Reference
    __decompress                              - Undefined Weak Reference
    _clock_init                               - Undefined Weak Reference
    _microlib_exit                            - Undefined Weak Reference
    __Vectors_Size                           0x000001ac   Number         0  startup_gd32f450_470.o ABSOLUTE
    __Vectors                                0x08000000   Data           4  startup_gd32f450_470.o(RESET)
    __Vectors_End                            0x080001ac   Data           0  startup_gd32f450_470.o(RESET)
    __main                                   0x080001ad   Thumb Code     0  entry.o(.ARM.Collect$$$$00000000)
    _main_stk                                0x080001ad   Thumb Code     0  entry2.o(.ARM.Collect$$$$00000001)
    _main_scatterload                        0x080001b1   Thumb Code     0  entry5.o(.ARM.Collect$$$$00000004)
    __main_after_scatterload                 0x080001b5   Thumb Code     0  entry5.o(.ARM.Collect$$$$00000004)
    _main_clock                              0x080001b5   Thumb Code     0  entry7b.o(.ARM.Collect$$$$00000008)
    _main_cpp_init                           0x080001b5   Thumb Code     0  entry8b.o(.ARM.Collect$$$$0000000A)
    _main_init                               0x080001b5   Thumb Code     0  entry9a.o(.ARM.Collect$$$$0000000B)
    __rt_final_cpp                           0x080001bd   Thumb Code     0  entry10a.o(.ARM.Collect$$$$0000000D)
    __rt_final_exit                          0x080001bd   Thumb Code     0  entry11a.o(.ARM.Collect$$$$0000000F)
    Reset_Handler                            0x080001c1   Thumb Code     8  startup_gd32f450_470.o(.text)
    ADC_IRQHandler                           0x080001db   Thumb Code     0  startup_gd32f450_470.o(.text)
    CAN0_EWMC_IRQHandler                     0x080001db   Thumb Code     0  startup_gd32f450_470.o(.text)
    CAN0_RX0_IRQHandler                      0x080001db   Thumb Code     0  startup_gd32f450_470.o(.text)
    CAN0_RX1_IRQHandler                      0x080001db   Thumb Code     0  startup_gd32f450_470.o(.text)
    CAN0_TX_IRQHandler                       0x080001db   Thumb Code     0  startup_gd32f450_470.o(.text)
    CAN1_EWMC_IRQHandler                     0x080001db   Thumb Code     0  startup_gd32f450_470.o(.text)
    CAN1_RX0_IRQHandler                      0x080001db   Thumb Code     0  startup_gd32f450_470.o(.text)
    CAN1_RX1_IRQHandler                      0x080001db   Thumb Code     0  startup_gd32f450_470.o(.text)
    CAN1_TX_IRQHandler                       0x080001db   Thumb Code     0  startup_gd32f450_470.o(.text)
    DCI_IRQHandler                           0x080001db   Thumb Code     0  startup_gd32f450_470.o(.text)
    DMA0_Channel0_IRQHandler                 0x080001db   Thumb Code     0  startup_gd32f450_470.o(.text)
    DMA0_Channel1_IRQHandler                 0x080001db   Thumb Code     0  startup_gd32f450_470.o(.text)
    DMA0_Channel2_IRQHandler                 0x080001db   Thumb Code     0  startup_gd32f450_470.o(.text)
    DMA0_Channel3_IRQHandler                 0x080001db   Thumb Code     0  startup_gd32f450_470.o(.text)
    DMA0_Channel4_IRQHandler                 0x080001db   Thumb Code     0  startup_gd32f450_470.o(.text)
    DMA0_Channel5_IRQHandler                 0x080001db   Thumb Code     0  startup_gd32f450_470.o(.text)
    DMA0_Channel6_IRQHandler                 0x080001db   Thumb Code     0  startup_gd32f450_470.o(.text)
    DMA0_Channel7_IRQHandler                 0x080001db   Thumb Code     0  startup_gd32f450_470.o(.text)
    DMA1_Channel0_IRQHandler                 0x080001db   Thumb Code     0  startup_gd32f450_470.o(.text)
    DMA1_Channel1_IRQHandler                 0x080001db   Thumb Code     0  startup_gd32f450_470.o(.text)
    DMA1_Channel2_IRQHandler                 0x080001db   Thumb Code     0  startup_gd32f450_470.o(.text)
    DMA1_Channel3_IRQHandler                 0x080001db   Thumb Code     0  startup_gd32f450_470.o(.text)
    DMA1_Channel4_IRQHandler                 0x080001db   Thumb Code     0  startup_gd32f450_470.o(.text)
    DMA1_Channel5_IRQHandler                 0x080001db   Thumb Code     0  startup_gd32f450_470.o(.text)
    DMA1_Channel6_IRQHandler                 0x080001db   Thumb Code     0  startup_gd32f450_470.o(.text)
    DMA1_Channel7_IRQHandler                 0x080001db   Thumb Code     0  startup_gd32f450_470.o(.text)
    ENET_IRQHandler                          0x080001db   Thumb Code     0  startup_gd32f450_470.o(.text)
    ENET_WKUP_IRQHandler                     0x080001db   Thumb Code     0  startup_gd32f450_470.o(.text)
    EXMC_IRQHandler                          0x080001db   Thumb Code     0  startup_gd32f450_470.o(.text)
    EXTI1_IRQHandler                         0x080001db   Thumb Code     0  startup_gd32f450_470.o(.text)
    EXTI3_IRQHandler                         0x080001db   Thumb Code     0  startup_gd32f450_470.o(.text)
    EXTI4_IRQHandler                         0x080001db   Thumb Code     0  startup_gd32f450_470.o(.text)
    FMC_IRQHandler                           0x080001db   Thumb Code     0  startup_gd32f450_470.o(.text)
    FPU_IRQHandler                           0x080001db   Thumb Code     0  startup_gd32f450_470.o(.text)
    I2C0_ER_IRQHandler                       0x080001db   Thumb Code     0  startup_gd32f450_470.o(.text)
    I2C0_EV_IRQHandler                       0x080001db   Thumb Code     0  startup_gd32f450_470.o(.text)
    I2C1_ER_IRQHandler                       0x080001db   Thumb Code     0  startup_gd32f450_470.o(.text)
    I2C1_EV_IRQHandler                       0x080001db   Thumb Code     0  startup_gd32f450_470.o(.text)
    I2C2_ER_IRQHandler                       0x080001db   Thumb Code     0  startup_gd32f450_470.o(.text)
    I2C2_EV_IRQHandler                       0x080001db   Thumb Code     0  startup_gd32f450_470.o(.text)
    IPA_IRQHandler                           0x080001db   Thumb Code     0  startup_gd32f450_470.o(.text)
    LVD_IRQHandler                           0x080001db   Thumb Code     0  startup_gd32f450_470.o(.text)
    RCU_CTC_IRQHandler                       0x080001db   Thumb Code     0  startup_gd32f450_470.o(.text)
    RTC_Alarm_IRQHandler                     0x080001db   Thumb Code     0  startup_gd32f450_470.o(.text)
    RTC_WKUP_IRQHandler                      0x080001db   Thumb Code     0  startup_gd32f450_470.o(.text)
    SDIO_IRQHandler                          0x080001db   Thumb Code     0  startup_gd32f450_470.o(.text)
    SPI0_IRQHandler                          0x080001db   Thumb Code     0  startup_gd32f450_470.o(.text)
    SPI1_IRQHandler                          0x080001db   Thumb Code     0  startup_gd32f450_470.o(.text)
    SPI2_IRQHandler                          0x080001db   Thumb Code     0  startup_gd32f450_470.o(.text)
    SPI3_IRQHandler                          0x080001db   Thumb Code     0  startup_gd32f450_470.o(.text)
    SPI4_IRQHandler                          0x080001db   Thumb Code     0  startup_gd32f450_470.o(.text)
    SPI5_IRQHandler                          0x080001db   Thumb Code     0  startup_gd32f450_470.o(.text)
    TAMPER_STAMP_IRQHandler                  0x080001db   Thumb Code     0  startup_gd32f450_470.o(.text)
    TIMER0_BRK_TIMER8_IRQHandler             0x080001db   Thumb Code     0  startup_gd32f450_470.o(.text)
    TIMER0_Channel_IRQHandler                0x080001db   Thumb Code     0  startup_gd32f450_470.o(.text)
    TIMER0_TRG_CMT_TIMER10_IRQHandler        0x080001db   Thumb Code     0  startup_gd32f450_470.o(.text)
    TIMER0_UP_TIMER9_IRQHandler              0x080001db   Thumb Code     0  startup_gd32f450_470.o(.text)
    TIMER1_IRQHandler                        0x080001db   Thumb Code     0  startup_gd32f450_470.o(.text)
    TIMER2_IRQHandler                        0x080001db   Thumb Code     0  startup_gd32f450_470.o(.text)
    TIMER3_IRQHandler                        0x080001db   Thumb Code     0  startup_gd32f450_470.o(.text)
    TIMER4_IRQHandler                        0x080001db   Thumb Code     0  startup_gd32f450_470.o(.text)
    TIMER5_DAC_IRQHandler                    0x080001db   Thumb Code     0  startup_gd32f450_470.o(.text)
    TIMER6_IRQHandler                        0x080001db   Thumb Code     0  startup_gd32f450_470.o(.text)
    TIMER7_BRK_TIMER11_IRQHandler            0x080001db   Thumb Code     0  startup_gd32f450_470.o(.text)
    TIMER7_Channel_IRQHandler                0x080001db   Thumb Code     0  startup_gd32f450_470.o(.text)
    TIMER7_TRG_CMT_TIMER13_IRQHandler        0x080001db   Thumb Code     0  startup_gd32f450_470.o(.text)
    TIMER7_UP_TIMER12_IRQHandler             0x080001db   Thumb Code     0  startup_gd32f450_470.o(.text)
    TLI_ER_IRQHandler                        0x080001db   Thumb Code     0  startup_gd32f450_470.o(.text)
    TLI_IRQHandler                           0x080001db   Thumb Code     0  startup_gd32f450_470.o(.text)
    TRNG_IRQHandler                          0x080001db   Thumb Code     0  startup_gd32f450_470.o(.text)
    UART3_IRQHandler                         0x080001db   Thumb Code     0  startup_gd32f450_470.o(.text)
    UART4_IRQHandler                         0x080001db   Thumb Code     0  startup_gd32f450_470.o(.text)
    UART6_IRQHandler                         0x080001db   Thumb Code     0  startup_gd32f450_470.o(.text)
    UART7_IRQHandler                         0x080001db   Thumb Code     0  startup_gd32f450_470.o(.text)
    USART1_IRQHandler                        0x080001db   Thumb Code     0  startup_gd32f450_470.o(.text)
    USART2_IRQHandler                        0x080001db   Thumb Code     0  startup_gd32f450_470.o(.text)
    USART5_IRQHandler                        0x080001db   Thumb Code     0  startup_gd32f450_470.o(.text)
    USBFS_IRQHandler                         0x080001db   Thumb Code     0  startup_gd32f450_470.o(.text)
    USBFS_WKUP_IRQHandler                    0x080001db   Thumb Code     0  startup_gd32f450_470.o(.text)
    USBHS_EP1_In_IRQHandler                  0x080001db   Thumb Code     0  startup_gd32f450_470.o(.text)
    USBHS_EP1_Out_IRQHandler                 0x080001db   Thumb Code     0  startup_gd32f450_470.o(.text)
    USBHS_IRQHandler                         0x080001db   Thumb Code     0  startup_gd32f450_470.o(.text)
    USBHS_WKUP_IRQHandler                    0x080001db   Thumb Code     0  startup_gd32f450_470.o(.text)
    WWDGT_IRQHandler                         0x080001db   Thumb Code     0  startup_gd32f450_470.o(.text)
    __aeabi_uidiv                            0x080001e5   Thumb Code     0  uidiv.o(.text)
    __aeabi_uidivmod                         0x080001e5   Thumb Code    44  uidiv.o(.text)
    __scatterload                            0x08000211   Thumb Code    28  init.o(.text)
    __scatterload_rt2                        0x08000211   Thumb Code     0  init.o(.text)
    BusFault_Handler                         0x08000235   Thumb Code     2  gd32f4xx_it.o(i.BusFault_Handler)
    DebugMon_Handler                         0x08000237   Thumb Code     2  gd32f4xx_it.o(i.DebugMon_Handler)
    EXTI0_IRQHandler                         0x08000239   Thumb Code    70  key.o(i.EXTI0_IRQHandler)
    EXTI10_15_IRQHandler                     0x080002ad   Thumb Code    54  key.o(i.EXTI10_15_IRQHandler)
    EXTI2_IRQHandler                         0x080002ed   Thumb Code    90  key.o(i.EXTI2_IRQHandler)
    EXTI5_9_IRQHandler                       0x08000385   Thumb Code    54  key.o(i.EXTI5_9_IRQHandler)
    HardFault_Handler                        0x080003c5   Thumb Code     2  gd32f4xx_it.o(i.HardFault_Handler)
    MemManage_Handler                        0x080003c7   Thumb Code     2  gd32f4xx_it.o(i.MemManage_Handler)
    NMI_Handler                              0x080003c9   Thumb Code     2  gd32f4xx_it.o(i.NMI_Handler)
    PendSV_Handler                           0x080003eb   Thumb Code     2  gd32f4xx_it.o(i.PendSV_Handler)
    SVC_Handler                              0x080003ed   Thumb Code     2  gd32f4xx_it.o(i.SVC_Handler)
    SysTick_Handler                          0x080003ef   Thumb Code     4  gd32f4xx_it.o(i.SysTick_Handler)
    SystemInit                               0x080003f5   Thumb Code   130  system_gd32f4xx.o(i.SystemInit)
    USART0_IRQHandler                        0x08000489   Thumb Code    74  usart.o(i.USART0_IRQHandler)
    UsageFault_Handler                       0x080004f5   Thumb Code     2  gd32f4xx_it.o(i.UsageFault_Handler)
    __0printf$3                              0x080004f9   Thumb Code    22  printf3.o(i.__0printf$3)
    __1printf$3                              0x080004f9   Thumb Code     0  printf3.o(i.__0printf$3)
    __2printf                                0x080004f9   Thumb Code     0  printf3.o(i.__0printf$3)
    __scatterload_copy                       0x08000519   Thumb Code    14  handlers.o(i.__scatterload_copy)
    __scatterload_null                       0x08000527   Thumb Code     2  handlers.o(i.__scatterload_null)
    __scatterload_zeroinit                   0x08000529   Thumb Code    14  handlers.o(i.__scatterload_zeroinit)
    all_key_interrupt_config                 0x080006f1   Thumb Code   100  key.o(i.all_key_interrupt_config)
    delay_1ms                                0x08000761   Thumb Code    12  systick.o(i.delay_1ms)
    delay_decrement                          0x08000771   Thumb Code    16  systick.o(i.delay_decrement)
    exti_flag_clear                          0x08000785   Thumb Code     6  gd32f4xx_exti.o(i.exti_flag_clear)
    exti_init                                0x08000791   Thumb Code   110  gd32f4xx_exti.o(i.exti_init)
    exti_interrupt_enable                    0x08000805   Thumb Code    10  gd32f4xx_exti.o(i.exti_interrupt_enable)
    exti_interrupt_flag_clear                0x08000815   Thumb Code     6  gd32f4xx_exti.o(i.exti_interrupt_flag_clear)
    exti_interrupt_flag_get                  0x08000821   Thumb Code    16  gd32f4xx_exti.o(i.exti_interrupt_flag_get)
    fputc                                    0x08000835   Thumb Code    12  usart.o(i.fputc)
    gpio_af_set                              0x08000841   Thumb Code   100  gd32f4xx_gpio.o(i.gpio_af_set)
    gpio_bit_toggle                          0x080008a5   Thumb Code     4  gd32f4xx_gpio.o(i.gpio_bit_toggle)
    gpio_input_bit_get                       0x080008a9   Thumb Code    14  gd32f4xx_gpio.o(i.gpio_input_bit_get)
    gpio_mode_set                            0x080008b7   Thumb Code    72  gd32f4xx_gpio.o(i.gpio_mode_set)
    gpio_output_options_set                  0x080008ff   Thumb Code    70  gd32f4xx_gpio.o(i.gpio_output_options_set)
    key_led_run                              0x08000945   Thumb Code    14  key.o(i.key_led_run)
    led_config                               0x08000955   Thumb Code   144  led.o(i.led_config)
    main                                     0x080009f5   Thumb Code    26  main.o(i.main)
    nvic_irq_enable                          0x08000a11   Thumb Code   150  gd32f4xx_misc.o(i.nvic_irq_enable)
    nvic_priority_group_set                  0x08000aad   Thumb Code    10  gd32f4xx_misc.o(i.nvic_priority_group_set)
    rcu_clock_freq_get                       0x08000ac1   Thumb Code   200  gd32f4xx_rcu.o(i.rcu_clock_freq_get)
    rcu_periph_clock_enable                  0x08000ba5   Thumb Code    26  gd32f4xx_rcu.o(i.rcu_periph_clock_enable)
    rcu_periph_reset_disable                 0x08000bc5   Thumb Code    26  gd32f4xx_rcu.o(i.rcu_periph_reset_disable)
    rcu_periph_reset_enable                  0x08000be5   Thumb Code    26  gd32f4xx_rcu.o(i.rcu_periph_reset_enable)
    send_data                                0x08000c05   Thumb Code    26  usart.o(i.send_data)
    single_key_interrupt_config              0x08000c25   Thumb Code    84  key.o(i.single_key_interrupt_config)
    syscfg_exti_line_config                  0x08000c79   Thumb Code    98  gd32f4xx_syscfg.o(i.syscfg_exti_line_config)
    systick_config                           0x08000d91   Thumb Code    70  systick.o(i.systick_config)
    usart_all_config                         0x08000ddd   Thumb Code    18  usart.o(i.usart_all_config)
    usart_baudrate_set                       0x08000df1   Thumb Code   176  gd32f4xx_usart.o(i.usart_baudrate_set)
    usart_data_first_config                  0x08000ea9   Thumb Code    14  gd32f4xx_usart.o(i.usart_data_first_config)
    usart_data_receive                       0x08000eb7   Thumb Code     8  gd32f4xx_usart.o(i.usart_data_receive)
    usart_data_transmit                      0x08000ebf   Thumb Code     8  gd32f4xx_usart.o(i.usart_data_transmit)
    usart_deinit                             0x08000ec9   Thumb Code   214  gd32f4xx_usart.o(i.usart_deinit)
    usart_enable                             0x08000fa9   Thumb Code    10  gd32f4xx_usart.o(i.usart_enable)
    usart_flag_get                           0x08000fb3   Thumb Code    26  gd32f4xx_usart.o(i.usart_flag_get)
    usart_gpio_config                        0x08000fcd   Thumb Code    98  usart.o(i.usart_gpio_config)
    usart_interrupt_enable                   0x08001035   Thumb Code    20  gd32f4xx_usart.o(i.usart_interrupt_enable)
    usart_interrupt_flag_get                 0x08001049   Thumb Code    50  gd32f4xx_usart.o(i.usart_interrupt_flag_get)
    usart_param_config                       0x0800107d   Thumb Code   108  usart.o(i.usart_param_config)
    usart_parity_config                      0x080010ed   Thumb Code    16  gd32f4xx_usart.o(i.usart_parity_config)
    usart_receive_config                     0x080010fd   Thumb Code    12  gd32f4xx_usart.o(i.usart_receive_config)
    usart_stop_bit_set                       0x08001109   Thumb Code    16  gd32f4xx_usart.o(i.usart_stop_bit_set)
    usart_transmit_config                    0x08001119   Thumb Code    12  gd32f4xx_usart.o(i.usart_transmit_config)
    usart_word_length_set                    0x08001125   Thumb Code    16  gd32f4xx_usart.o(i.usart_word_length_set)
    Region$$Table$$Base                      0x08001134   Number         0  anon$$obj.o(Region$$Table)
    Region$$Table$$Limit                     0x08001154   Number         0  anon$$obj.o(Region$$Table)
    SystemCoreClock                          0x20000004   Data           4  system_gd32f4xx.o(.data)
    g_recv_length                            0x20000008   Data           4  usart.o(.data)
    __stdout                                 0x2000000c   Data           4  stdout.o(.data)
    g_recv_buff                              0x20000010   Data        4096  usart.o(.bss)
    __initial_sp                             0x20001410   Data           0  startup_gd32f450_470.o(STACK)



==============================================================================

Memory Map of the image

  Image Entry point : 0x080001ad

  Load Region LR_IROM1 (Base: 0x08000000, Size: 0x00001164, Max: 0x00100000, ABSOLUTE)

    Execution Region ER_IROM1 (Exec base: 0x08000000, Load base: 0x08000000, Size: 0x00001154, Max: 0x00100000, ABSOLUTE)

    Exec Addr    Load Addr    Size         Type   Attr      Idx    E Section Name        Object

    0x08000000   0x08000000   0x000001ac   Data   RO         1226    RESET               startup_gd32f450_470.o
    0x080001ac   0x080001ac   0x00000000   Code   RO         1423  * .ARM.Collect$$$$00000000  mc_w.l(entry.o)
    0x080001ac   0x080001ac   0x00000004   Code   RO         1687    .ARM.Collect$$$$00000001  mc_w.l(entry2.o)
    0x080001b0   0x080001b0   0x00000004   Code   RO         1690    .ARM.Collect$$$$00000004  mc_w.l(entry5.o)
    0x080001b4   0x080001b4   0x00000000   Code   RO         1692    .ARM.Collect$$$$00000008  mc_w.l(entry7b.o)
    0x080001b4   0x080001b4   0x00000000   Code   RO         1694    .ARM.Collect$$$$0000000A  mc_w.l(entry8b.o)
    0x080001b4   0x080001b4   0x00000008   Code   RO         1695    .ARM.Collect$$$$0000000B  mc_w.l(entry9a.o)
    0x080001bc   0x080001bc   0x00000000   Code   RO         1697    .ARM.Collect$$$$0000000D  mc_w.l(entry10a.o)
    0x080001bc   0x080001bc   0x00000000   Code   RO         1699    .ARM.Collect$$$$0000000F  mc_w.l(entry11a.o)
    0x080001bc   0x080001bc   0x00000004   Code   RO         1688    .ARM.Collect$$$$00002712  mc_w.l(entry2.o)
    0x080001c0   0x080001c0   0x00000024   Code   RO         1227    .text               startup_gd32f450_470.o
    0x080001e4   0x080001e4   0x0000002c   Code   RO         1702    .text               mc_w.l(uidiv.o)
    0x08000210   0x08000210   0x00000024   Code   RO         1717    .text               mc_w.l(init.o)
    0x08000234   0x08000234   0x00000002   Code   RO            3    i.BusFault_Handler  gd32f4xx_it.o
    0x08000236   0x08000236   0x00000002   Code   RO            4    i.DebugMon_Handler  gd32f4xx_it.o
    0x08000238   0x08000238   0x00000074   Code   RO         1295    i.EXTI0_IRQHandler  key.o
    0x080002ac   0x080002ac   0x00000040   Code   RO         1296    i.EXTI10_15_IRQHandler  key.o
    0x080002ec   0x080002ec   0x00000098   Code   RO         1297    i.EXTI2_IRQHandler  key.o
    0x08000384   0x08000384   0x00000040   Code   RO         1298    i.EXTI5_9_IRQHandler  key.o
    0x080003c4   0x080003c4   0x00000002   Code   RO            5    i.HardFault_Handler  gd32f4xx_it.o
    0x080003c6   0x080003c6   0x00000002   Code   RO            6    i.MemManage_Handler  gd32f4xx_it.o
    0x080003c8   0x080003c8   0x00000002   Code   RO            7    i.NMI_Handler       gd32f4xx_it.o
    0x080003ca   0x080003ca   0x00000020   Code   RO          235    i.NVIC_SetPriority  systick.o
    0x080003ea   0x080003ea   0x00000002   Code   RO            8    i.PendSV_Handler    gd32f4xx_it.o
    0x080003ec   0x080003ec   0x00000002   Code   RO            9    i.SVC_Handler       gd32f4xx_it.o
    0x080003ee   0x080003ee   0x00000004   Code   RO           10    i.SysTick_Handler   gd32f4xx_it.o
    0x080003f2   0x080003f2   0x00000002   PAD
    0x080003f4   0x080003f4   0x00000094   Code   RO         1234    i.SystemInit        system_gd32f4xx.o
    0x08000488   0x08000488   0x0000006c   Code   RO         1355    i.USART0_IRQHandler  usart.o
    0x080004f4   0x080004f4   0x00000002   Code   RO           11    i.UsageFault_Handler  gd32f4xx_it.o
    0x080004f6   0x080004f6   0x00000002   PAD
    0x080004f8   0x080004f8   0x00000020   Code   RO         1515    i.__0printf$3       mc_w.l(printf3.o)
    0x08000518   0x08000518   0x0000000e   Code   RO         1729    i.__scatterload_copy  mc_w.l(handlers.o)
    0x08000526   0x08000526   0x00000002   Code   RO         1730    i.__scatterload_null  mc_w.l(handlers.o)
    0x08000528   0x08000528   0x0000000e   Code   RO         1731    i.__scatterload_zeroinit  mc_w.l(handlers.o)
    0x08000536   0x08000536   0x00000002   PAD
    0x08000538   0x08000538   0x000001b8   Code   RO         1522    i._printf_core      mc_w.l(printf3.o)
    0x080006f0   0x080006f0   0x00000070   Code   RO         1299    i.all_key_interrupt_config  key.o
    0x08000760   0x08000760   0x00000010   Code   RO          236    i.delay_1ms         systick.o
    0x08000770   0x08000770   0x00000014   Code   RO          237    i.delay_decrement   systick.o
    0x08000784   0x08000784   0x0000000c   Code   RO          737    i.exti_flag_clear   gd32f4xx_exti.o
    0x08000790   0x08000790   0x00000074   Code   RO          739    i.exti_init         gd32f4xx_exti.o
    0x08000804   0x08000804   0x00000010   Code   RO          741    i.exti_interrupt_enable  gd32f4xx_exti.o
    0x08000814   0x08000814   0x0000000c   Code   RO          742    i.exti_interrupt_flag_clear  gd32f4xx_exti.o
    0x08000820   0x08000820   0x00000014   Code   RO          743    i.exti_interrupt_flag_get  gd32f4xx_exti.o
    0x08000834   0x08000834   0x0000000c   Code   RO         1356    i.fputc             usart.o
    0x08000840   0x08000840   0x00000064   Code   RO          278    i.gpio_af_set       gd32f4xx_gpio.o
    0x080008a4   0x080008a4   0x00000004   Code   RO          281    i.gpio_bit_toggle   gd32f4xx_gpio.o
    0x080008a8   0x080008a8   0x0000000e   Code   RO          284    i.gpio_input_bit_get  gd32f4xx_gpio.o
    0x080008b6   0x080008b6   0x00000048   Code   RO          286    i.gpio_mode_set     gd32f4xx_gpio.o
    0x080008fe   0x080008fe   0x00000046   Code   RO          288    i.gpio_output_options_set  gd32f4xx_gpio.o
    0x08000944   0x08000944   0x0000000e   Code   RO         1300    i.key_led_run       key.o
    0x08000952   0x08000952   0x00000002   PAD
    0x08000954   0x08000954   0x000000a0   Code   RO         1275    i.led_config        led.o
    0x080009f4   0x080009f4   0x0000001a   Code   RO          199    i.main              main.o
    0x08000a0e   0x08000a0e   0x00000002   PAD
    0x08000a10   0x08000a10   0x0000009c   Code   RO          679    i.nvic_irq_enable   gd32f4xx_misc.o
    0x08000aac   0x08000aac   0x00000014   Code   RO          680    i.nvic_priority_group_set  gd32f4xx_misc.o
    0x08000ac0   0x08000ac0   0x000000e4   Code   RO          391    i.rcu_clock_freq_get  gd32f4xx_rcu.o
    0x08000ba4   0x08000ba4   0x00000020   Code   RO          410    i.rcu_periph_clock_enable  gd32f4xx_rcu.o
    0x08000bc4   0x08000bc4   0x00000020   Code   RO          413    i.rcu_periph_reset_disable  gd32f4xx_rcu.o
    0x08000be4   0x08000be4   0x00000020   Code   RO          414    i.rcu_periph_reset_enable  gd32f4xx_rcu.o
    0x08000c04   0x08000c04   0x00000020   Code   RO         1357    i.send_data         usart.o
    0x08000c24   0x08000c24   0x00000054   Code   RO         1301    i.single_key_interrupt_config  key.o
    0x08000c78   0x08000c78   0x00000068   Code   RO          825    i.syscfg_exti_line_config  gd32f4xx_syscfg.o
    0x08000ce0   0x08000ce0   0x000000ac   Code   RO         1235    i.system_clock_240m_irc16m  system_gd32f4xx.o
    0x08000d8c   0x08000d8c   0x00000004   Code   RO         1236    i.system_clock_config  system_gd32f4xx.o
    0x08000d90   0x08000d90   0x0000004c   Code   RO          238    i.systick_config    systick.o
    0x08000ddc   0x08000ddc   0x00000012   Code   RO         1359    i.usart_all_config  usart.o
    0x08000dee   0x08000dee   0x00000002   PAD
    0x08000df0   0x08000df0   0x000000b8   Code   RO          883    i.usart_baudrate_set  gd32f4xx_usart.o
    0x08000ea8   0x08000ea8   0x0000000e   Code   RO          886    i.usart_data_first_config  gd32f4xx_usart.o
    0x08000eb6   0x08000eb6   0x00000008   Code   RO          887    i.usart_data_receive  gd32f4xx_usart.o
    0x08000ebe   0x08000ebe   0x00000008   Code   RO          888    i.usart_data_transmit  gd32f4xx_usart.o
    0x08000ec6   0x08000ec6   0x00000002   PAD
    0x08000ec8   0x08000ec8   0x000000e0   Code   RO          889    i.usart_deinit      gd32f4xx_usart.o
    0x08000fa8   0x08000fa8   0x0000000a   Code   RO          893    i.usart_enable      gd32f4xx_usart.o
    0x08000fb2   0x08000fb2   0x0000001a   Code   RO          895    i.usart_flag_get    gd32f4xx_usart.o
    0x08000fcc   0x08000fcc   0x00000068   Code   RO         1360    i.usart_gpio_config  usart.o
    0x08001034   0x08001034   0x00000014   Code   RO          903    i.usart_interrupt_enable  gd32f4xx_usart.o
    0x08001048   0x08001048   0x00000032   Code   RO          905    i.usart_interrupt_flag_get  gd32f4xx_usart.o
    0x0800107a   0x0800107a   0x00000002   PAD
    0x0800107c   0x0800107c   0x00000070   Code   RO         1361    i.usart_param_config  usart.o
    0x080010ec   0x080010ec   0x00000010   Code   RO          918    i.usart_parity_config  gd32f4xx_usart.o
    0x080010fc   0x080010fc   0x0000000c   Code   RO          920    i.usart_receive_config  gd32f4xx_usart.o
    0x08001108   0x08001108   0x00000010   Code   RO          931    i.usart_stop_bit_set  gd32f4xx_usart.o
    0x08001118   0x08001118   0x0000000c   Code   RO          935    i.usart_transmit_config  gd32f4xx_usart.o
    0x08001124   0x08001124   0x00000010   Code   RO          936    i.usart_word_length_set  gd32f4xx_usart.o
    0x08001134   0x08001134   0x00000020   Data   RO         1727    Region$$Table       anon$$obj.o


    Execution Region RW_IRAM1 (Exec base: 0x20000000, Load base: 0x08001154, Size: 0x00001410, Max: 0x00070000, ABSOLUTE)

    Exec Addr    Load Addr    Size         Type   Attr      Idx    E Section Name        Object

    0x20000000   0x08001154   0x00000004   Data   RW          239    .data               systick.o
    0x20000004   0x08001158   0x00000004   Data   RW         1237    .data               system_gd32f4xx.o
    0x20000008   0x0800115c   0x00000004   Data   RW         1364    .data               usart.o
    0x2000000c   0x08001160   0x00000004   Data   RW         1701    .data               mc_w.l(stdout.o)
    0x20000010        -       0x00001000   Zero   RW         1363    .bss                usart.o
    0x20001010        -       0x00000400   Zero   RW         1224    STACK               startup_gd32f450_470.o


==============================================================================

Image component sizes


      Code (inc. data)   RO Data    RW Data    ZI Data      Debug   Object Name

       176         28          0          0          0       3208   gd32f4xx_exti.o
       260          0          0          0          0       3831   gd32f4xx_gpio.o
        20          0          0          0          0      50066   gd32f4xx_it.o
       176         16          0          0          0       1516   gd32f4xx_misc.o
       324         46          0          0          0       4120   gd32f4xx_rcu.o
       104          6          0          0          0        846   gd32f4xx_syscfg.o
       616         18          0          0          0       9791   gd32f4xx_usart.o
       606        140          0          0          0       4121   key.o
       160         16          0          0          0        553   led.o
        26          0          0          0          0        467   main.o
        36          8        428          0       1024        888   startup_gd32f450_470.o
       324         32          0          4          0       3031   system_gd32f4xx.o
       144         14          0          4          0      29110   systick.o
       386         50          0          4       4096       5356   usart.o

    ----------------------------------------------------------------------
      3372        374        460         12       5120     116904   Object Totals
         0          0         32          0          0          0   (incl. Generated)
        14          0          0          0          0          0   (incl. Padding)

    ----------------------------------------------------------------------

      Code (inc. data)   RO Data    RW Data    ZI Data      Debug   Library Member Name

         0          0          0          0          0          0   entry.o
         0          0          0          0          0          0   entry10a.o
         0          0          0          0          0          0   entry11a.o
         8          4          0          0          0          0   entry2.o
         4          0          0          0          0          0   entry5.o
         0          0          0          0          0          0   entry7b.o
         0          0          0          0          0          0   entry8b.o
         8          4          0          0          0          0   entry9a.o
        30          0          0          0          0          0   handlers.o
        36          8          0          0          0         68   init.o
       472         14          0          0          0        184   printf3.o
         0          0          0          4          0          0   stdout.o
        44          0          0          0          0         80   uidiv.o

    ----------------------------------------------------------------------
       604         30          0          4          0        332   Library Totals
         2          0          0          0          0          0   (incl. Padding)

    ----------------------------------------------------------------------

      Code (inc. data)   RO Data    RW Data    ZI Data      Debug   Library Name

       602         30          0          4          0        332   mc_w.l

    ----------------------------------------------------------------------
       604         30          0          4          0        332   Library Totals

    ----------------------------------------------------------------------

==============================================================================


      Code (inc. data)   RO Data    RW Data    ZI Data      Debug   

      3976        404        460         16       5120     111788   Grand Totals
      3976        404        460         16       5120     111788   ELF Image Totals
      3976        404        460         16          0          0   ROM Totals

==============================================================================

    Total RO  Size (Code + RO Data)                 4436 (   4.33kB)
    Total RW  Size (RW Data + ZI Data)              5136 (   5.02kB)
    Total ROM Size (Code + RO Data + RW Data)       4452 (   4.35kB)

==============================================================================

